******************************************************************************
                  TI ARM Linker PC v20.2.7                     
******************************************************************************
>> Linked Tue Mar 19 13:07:26 2024

OUTPUT FILE NAME:   <Heli_Project.out>
ENTRY POINT SYMBOL: "_c_int00_noargs"  address: 00002ef9


MEMORY CONFIGURATION

         name            origin    length      used     unused   attr    fill
----------------------  --------  ---------  --------  --------  ----  --------
  FLASH                 00000000   00040000  00003652  0003c9ae  R  X
  SRAM                  20000000   00008000  000008ed  00007713  RW X


SEGMENT ALLOCATION MAP

run origin  load origin   length   init length attrs members
----------  ----------- ---------- ----------- ----- -------
00000000    00000000    00003658   00003658    r-x
  00000000    00000000    0000026c   0000026c    r-- .intvecs
  0000026c    0000026c    00002eee   00002eee    r-x .text
  0000315c    0000315c    000004b0   000004b0    r-- .const
  00003610    00003610    00000048   00000048    r-- .cinit
20000000    20000000    000008f4   00000000    rw-
  20000000    20000000    0000026c   00000000    rw- .vtable
  2000026c    2000026c    00000365   00000000    rw- .bss
  200005d8    200005d8    00000200   00000000    rw- .stack
  200007d8    200007d8    00000100   00000000    rw- .sysmem
  200008d8    200008d8    0000001c   00000000    rw- .data


SECTION ALLOCATION MAP

 output                                  attributes/
section   page    origin      length       input sections
--------  ----  ----------  ----------   ----------------
.intvecs   0    00000000    0000026c     
                  00000000    0000026c     tm4c123gh6pm_startup_ccs.obj (.intvecs)

.text      0    0000026c    00002eee     
                  0000026c    00000c84     ustdlib.obj (.text)
                  00000ef0    00000950     OrbitOledGrph.obj (.text)
                  00001840    0000037c     OrbitOled.obj (.text)
                  00001bbc    0000029c     main.obj (.text)
                  00001e58    00000220     buttons4.obj (.text)
                  00002078    00000204     OrbitOledChar.obj (.text)
                  0000227c    0000016c     driverlib.lib : gpio.obj (.text:GPIOPadConfigSet)
                  000023e8    00000118                   : sysctl.obj (.text:SysCtlClockGet)
                  00002500    00000100     rtsv7M4_T_le_v4SPD16_eabi.lib : memory.c.obj (.text:aligned_alloc)
                  00002600    000000f4     driverlib.lib : sysctl.obj (.text:SysCtlClockSet)
                  000026f4    000000e4     rtsv7M4_T_le_v4SPD16_eabi.lib : memory.c.obj (.text:free)
                  000027d8    000000b8     circBufT.obj (.text)
                  00002890    0000009c     rtsv7M4_T_le_v4SPD16_eabi.lib : memcpy_t2.asm.obj (.text)
                  0000292c    0000007a     driverlib.lib : adc.obj (.text:ADCSequenceStepConfigure)
                  000029a6    0000007a     rtsv7M4_T_le_v4SPD16_eabi.lib : memset_t2.asm.obj (.text)
                  00002a20    00000070                                   : memory.c.obj (.text:split)
                  00002a90    00000068     driverlib.lib : interrupt.obj (.text:IntEnable)
                  00002af8    00000068     rtsv7M4_T_le_v4SPD16_eabi.lib : copy_decompress_lzss.c.obj (.text:decompress:lzss:__TI_decompress_lzss)
                  00002b60    00000060     driverlib.lib : timer.obj (.text:TimerConfigure)
                  00002bc0    0000005c     delay.obj (.text)
                  00002c1c    00000050     driverlib.lib : sysctl.obj (.text:SysCtlPeripheralReset)
                  00002c6c    00000050                   : adc.obj (.text:_ADCIntNumberGet)
                  00002cbc    0000004c                   : adc.obj (.text:ADCSequenceConfigure)
                  00002d08    0000004c                   : gpio.obj (.text:GPIOPinConfigure)
                  00002d54    00000044     OrbitOLEDInterface.obj (.text)
                  00002d98    00000044     rtsv7M4_T_le_v4SPD16_eabi.lib : autoinit.c.obj (.text:__TI_auto_init_nobinit_nopinit:__TI_auto_init_nobinit_nopinit)
                  00002ddc    00000040                                   : u_divt2.asm.obj (.text)
                  00002e1c    0000003c     driverlib.lib : ssi.obj (.text:SSIConfigSetExpClk)
                  00002e58    00000038     rtsv7M4_T_le_v4SPD16_eabi.lib : memory.c.obj (.text:calloc)
                  00002e90    00000034     driverlib.lib : interrupt.obj (.text:IntRegister)
                  00002ec4    00000034                   : sysctl.obj (.text:SysCtlPeripheralEnable)
                  00002ef8    00000034     rtsv7M4_T_le_v4SPD16_eabi.lib : boot_cortex_m.c.obj (.text:_c_int00_noargs:_c_int00_noargs)
                  00002f2c    0000002c     driverlib.lib : gpio.obj (.text:GPIODirModeSet)
                  00002f58    00000028     rtsv7M4_T_le_v4SPD16_eabi.lib : memory.c.obj (.text:free_list_insert)
                  00002f80    0000001e     driverlib.lib : adc.obj (.text:ADCSequenceDataGet)
                  00002f9e    00000002     rtsv7M4_T_le_v4SPD16_eabi.lib : _lock.c.obj (.text:_nop)
                  00002fa0    0000001c     driverlib.lib : systick.obj (.text:SysTickIntRegister)
                  00002fbc    0000001c     rtsv7M4_T_le_v4SPD16_eabi.lib : memory.c.obj (.text:free_list_remove)
                  00002fd8    0000001a     driverlib.lib : gpio.obj (.text:GPIOPinTypeGPIOOutput)
                  00002ff2    00000018                   : adc.obj (.text:ADCIntRegister)
                  0000300a    00000018                   : adc.obj (.text:ADCProcessorTrigger)
                  00003022    00000016                   : gpio.obj (.text:GPIOPinTypeGPIOInput)
                  00003038    00000016                   : gpio.obj (.text:GPIOPinTypeSSI)
                  0000304e    00000002     rtsv7M4_T_le_v4SPD16_eabi.lib : div0.asm.obj (.text)
                  00003050    00000014     driverlib.lib : systick.obj (.text:SysTickEnable)
                  00003064    00000014                   : systick.obj (.text:SysTickIntEnable)
                  00003078    00000010                   : adc.obj (.text:ADCIntEnable)
                  00003088    00000010                   : interrupt.obj (.text:IntMasterEnable)
                  00003098    00000010                   : systick.obj (.text:SysTickPeriodSet)
                  000030a8    0000000e                   : adc.obj (.text:ADCSequenceEnable)
                  000030b6    0000000e                   : timer.obj (.text:TimerEnable)
                  000030c4    0000000e     rtsv7M4_T_le_v4SPD16_eabi.lib : copy_decompress_none.c.obj (.text:decompress:none:__TI_decompress_none)
                  000030d2    0000000c     driverlib.lib : cpu.obj (.text:CPUcpsie)
                  000030de    0000000c                   : ssi.obj (.text:SSIDataGet)
                  000030ea    0000000c     rtsv7M4_T_le_v4SPD16_eabi.lib : copy_zero_init.c.obj (.text:decompress:ZI:__TI_zero_init)
                  000030f6    0000000c     tm4c123gh6pm_startup_ccs.obj (.text)
                  00003102    0000000a     driverlib.lib : adc.obj (.text:ADCIntClear)
                  0000310c    0000000a                   : ssi.obj (.text:SSIDataPut)
                  00003116    0000000a                   : ssi.obj (.text:SSIEnable)
                  00003120    0000000a                   : timer.obj (.text:TimerValueGet)
                  0000312a    00000008                   : ssi.obj (.text:SSIBusy)
                  00003132    00000008     rtsv7M4_T_le_v4SPD16_eabi.lib : memory.c.obj (.text:malloc)
                  0000313a    00000006     driverlib.lib : gpio.obj (.text:GPIOPinRead)
                  00003140    00000006                   : gpio.obj (.text:GPIOPinWrite)
                  00003146    00000006                   : ssi.obj (.text:SSIClockSourceSet)
                  0000314c    00000006                   : sysctl.obj (.text:SysCtlDelay)
                  00003152    00000004     rtsv7M4_T_le_v4SPD16_eabi.lib : pre_init.c.obj (.text:_system_pre_init)
                  00003156    00000004                                   : exit.c.obj (.text:abort:abort)

.const     0    0000315c    000004b0     
                  0000315c    00000300     ChrFont0.obj (.const:.string:rgbOledFont0)
                  0000345c    00000090     driverlib.lib : gpio.obj (.const:g_pui32GPIOBaseAddrs)
                  000034ec    0000006c                   : sysctl.obj (.const:g_pui32Xtals)
                  00003558    00000040     FillPat.obj (.const:.string:rgbFillPat)
                  00003598    00000030     ustdlib.obj (.const:g_psDaysToMonth)
                  000035c8    00000018     ustdlib.obj (.const:g_pfExponents)
                  000035e0    00000014     driverlib.lib : interrupt.obj (.const:g_pui32EnRegs)
                  000035f4    00000012     ustdlib.obj (.const:.string)
                  00003606    00000002     --HOLE-- [fill = 0]
                  00003608    00000004     ustdlib.obj (.const)

.cinit     0    00003610    00000048     
                  00003610    00000014     (.cinit..data.load) [load image, compression = lzss]
                  00003624    0000000c     (__TI_handler_table)
                  00003630    00000008     (.cinit..bss.load) [load image, compression = zero_init]
                  00003638    00000008     (.cinit..vtable.load) [load image, compression = zero_init]
                  00003640    00000018     (__TI_cinit_table)

.init_array 
*          0    00000000    00000000     UNINITIALIZED

.vtable    0    20000000    0000026c     UNINITIALIZED
                  20000000    0000026c     driverlib.lib : interrupt.obj (.vtable)

.bss       0    2000026c    00000365     UNINITIALIZED
                  2000026c    00000200     (.common:rgbOledBmp)
                  2000046c    00000100     (.common:rgbOledFontUser)
                  2000056c    00000010     main.obj (.bss:g_inBuffer)
                  2000057c    00000004     buttons4.obj (.bss:but_count)
                  20000580    00000004     buttons4.obj (.bss:but_flag)
                  20000584    00000004     buttons4.obj (.bss:but_normal)
                  20000588    00000004     buttons4.obj (.bss:but_state)
                  2000058c    00000004     main.obj (.bss)
                  20000590    00000004     (.common:bnOledCur)
                  20000594    00000004     (.common:dxcoOledFontCur)
                  20000598    00000004     (.common:dycoOledFontCur)
                  2000059c    00000004     (.common:fOledCharUpdate)
                  200005a0    00000004     (.common:modOledCur)
                  200005a4    00000004     (.common:pbOledCur)
                  200005a8    00000004     (.common:pbOledFontCur)
                  200005ac    00000004     (.common:pbOledFontUser)
                  200005b0    00000004     (.common:pbOledPatCur)
                  200005b4    00000004     (.common:pfnDoRop)
                  200005b8    00000004     (.common:xchOledCur)
                  200005bc    00000004     (.common:xchOledMax)
                  200005c0    00000004     (.common:xcoOledCur)
                  200005c4    00000004     (.common:ychOledCur)
                  200005c8    00000004     (.common:ychOledMax)
                  200005cc    00000004     (.common:ycoOledCur)
                  200005d0    00000001     (.common:clrOledCur)

.stack     0    200005d8    00000200     UNINITIALIZED
                  200005d8    00000004     rtsv7M4_T_le_v4SPD16_eabi.lib : boot_cortex_m.c.obj (.stack)
                  200005dc    000001fc     --HOLE--

.sysmem    0    200007d8    00000100     UNINITIALIZED
                  200007d8    00000010     rtsv7M4_T_le_v4SPD16_eabi.lib : memory.c.obj (.sysmem)
                  200007e8    000000f0     --HOLE--

.data      0    200008d8    0000001c     UNINITIALIZED
                  200008d8    00000008     rtsv7M4_T_le_v4SPD16_eabi.lib : _lock.c.obj (.data:$O1$$)
                  200008e0    00000008                                   : memory.c.obj (.data:$O1$$)
                  200008e8    00000008     main.obj (.data)
                  200008f0    00000004     ustdlib.obj (.data)

__llvm_prf_cnts 
*          0    20000000    00000000     UNINITIALIZED

MODULE SUMMARY

       Module                         code    ro data   rw data
       ------                         ----    -------   -------
    .\
       ustdlib.obj                    3204    94        4      
       main.obj                       668     0         28     
       tm4c123gh6pm_startup_ccs.obj   12      620       0      
       buttons4.obj                   544     0         16     
       circBufT.obj                   184     0         0      
    +--+------------------------------+-------+---------+---------+
       Total:                         4612    714       48     
                                                               
    .\OrbitOLED\
       OrbitOLEDInterface.obj         68      0         0      
    +--+------------------------------+-------+---------+---------+
       Total:                         68      0         0      
                                                               
    .\OrbitOLED\lib_OrbitOled\
       OrbitOledGrph.obj              2384    0         8      
       OrbitOled.obj                  892     0         553    
       OrbitOledChar.obj              516     0         272    
       ChrFont0.obj                   0       768       0      
       delay.obj                      92      0         0      
       FillPat.obj                    0       64        0      
    +--+------------------------------+-------+---------+---------+
       Total:                         3884    832       833    
                                                               
    C:/ti/TivaWare_C_Series-2.2.0.295/driverlib/ccs/Debug/driverlib.lib
       interrupt.obj                  172     20        620    
       sysctl.obj                     662     108       0      
       gpio.obj                       566     144       0      
       adc.obj                        396     0         0      
       timer.obj                      120     0         0      
       ssi.obj                        106     0         0      
       systick.obj                    84      0         0      
       cpu.obj                        12      0         0      
    +--+------------------------------+-------+---------+---------+
       Total:                         2118    272       620    
                                                               
    C:\ti\ccs1250\ccs\tools\compiler\ti-cgt-arm_20.2.7.LTS\lib\rtsv7M4_T_le_v4SPD16_eabi.lib
       memory.c.obj                   728     0         8      
       memcpy_t2.asm.obj              156     0         0      
       memset_t2.asm.obj              122     0         0      
       copy_decompress_lzss.c.obj     104     0         0      
       autoinit.c.obj                 68      0         0      
       u_divt2.asm.obj                64      0         0      
       boot_cortex_m.c.obj            52      0         0      
       copy_decompress_none.c.obj     14      0         0      
       copy_zero_init.c.obj           12      0         0      
       _lock.c.obj                    2       0         8      
       exit.c.obj                     4       0         0      
       pre_init.c.obj                 4       0         0      
       div0.asm.obj                   2       0         0      
    +--+------------------------------+-------+---------+---------+
       Total:                         1332    0         16     
                                                               
       Heap:                          0       0         256    
       Stack:                         0       0         512    
       Linker Generated:              0       72        0      
    +--+------------------------------+-------+---------+---------+
       Grand Total:                   12014   1890      2285   


LINKER GENERATED COPY TABLES

__TI_cinit_table @ 00003640 records: 3, size/record: 8, table size: 24
	.data: load addr=00003610, load size=00000014 bytes, run addr=200008d8, run size=0000001c bytes, compression=lzss
	.bss: load addr=00003630, load size=00000008 bytes, run addr=2000026c, run size=00000365 bytes, compression=zero_init
	.vtable: load addr=00003638, load size=00000008 bytes, run addr=20000000, run size=0000026c bytes, compression=zero_init


LINKER GENERATED HANDLER TABLE

__TI_handler_table @ 00003624 records: 3, size/record: 4, table size: 12
	index: 0, handler: __TI_zero_init
	index: 1, handler: __TI_decompress_lzss
	index: 2, handler: __TI_decompress_none


GLOBAL SYMBOLS: SORTED ALPHABETICALLY BY Name 

address   name                          
-------   ----                          
00003103  ADCIntClear                   
00003079  ADCIntEnable                  
00001bd1  ADCIntHandler                 
00002ff3  ADCIntRegister                
0000300b  ADCProcessorTrigger           
00002cbd  ADCSequenceConfigure          
00002f81  ADCSequenceDataGet            
000030a9  ADCSequenceEnable             
0000292d  ADCSequenceStepConfigure      
00003157  C$$EXIT                       
000030d3  CPUcpsie                      
00002bc1  DelayInit                     
00002bdb  DelayMs                       
00002f2d  GPIODirModeSet                
0000227d  GPIOPadConfigSet              
00002d09  GPIOPinConfigure              
0000313b  GPIOPinRead                   
00003023  GPIOPinTypeGPIOInput          
00002fd9  GPIOPinTypeGPIOOutput         
00003039  GPIOPinTypeSSI                
00003141  GPIOPinWrite                  
00002a91  IntEnable                     
00003089  IntMasterEnable               
00002e91  IntRegister                   
00002d7b  OLEDInitialise                
00002d55  OLEDStringDraw                
00002211  OrbitOledAdvanceCursor        
000017e1  OrbitOledClampXco             
00001801  OrbitOledClampYco             
00001a1d  OrbitOledClear                
00001a29  OrbitOledClearBuffer          
000020e1  OrbitOledDefUserChar          
00001999  OrbitOledDevInit              
00001623  OrbitOledDrawChar             
00002199  OrbitOledDrawGlyph            
00000fe7  OrbitOledDrawPixel            
0000112d  OrbitOledDrawRect             
00001683  OrbitOledDrawString           
0000191f  OrbitOledDvrInit              
000011b1  OrbitOledFillRect             
000012f5  OrbitOledGetBmp               
00002149  OrbitOledGetCharUpdate        
000020c5  OrbitOledGetCursor            
00000fe1  OrbitOledGetDrawMode          
00001013  OrbitOledGetPixel             
00000f37  OrbitOledGetPos               
00000f6b  OrbitOledGetStdPattern        
00001855  OrbitOledHostInit             
00001841  OrbitOledInit                 
0000102d  OrbitOledLineTo               
00001779  OrbitOledMoveDown             
000017af  OrbitOledMoveLeft             
000017c7  OrbitOledMoveRight            
00000ef1  OrbitOledMoveTo               
00001741  OrbitOledMoveUp               
00001455  OrbitOledPutBmp               
00001ab3  OrbitOledPutBuffer            
0000214f  OrbitOledPutChar              
0000216d  OrbitOledPutString            
000016ef  OrbitOledRopAnd               
000016cb  OrbitOledRopOr                
000016a1  OrbitOledRopSet               
00001713  OrbitOledRopXor               
00002131  OrbitOledSetCharUpdate        
00002079  OrbitOledSetCursor            
00000f53  OrbitOledSetDrawColor         
00000f8d  OrbitOledSetDrawMode          
00000f7d  OrbitOledSetFillPattern       
00001a59  OrbitOledUpdate               
000030f7  ResetISR                      
0000312b  SSIBusy                       
00003147  SSIClockSourceSet             
00002e1d  SSIConfigSetExpClk            
000030df  SSIDataGet                    
0000310d  SSIDataPut                    
00003117  SSIEnable                     
00001b19  Ssi3PutByte                   
000023e9  SysCtlClockGet                
00002601  SysCtlClockSet                
0000314d  SysCtlDelay                   
00002ec5  SysCtlPeripheralEnable        
00002c1d  SysCtlPeripheralReset         
00003051  SysTickEnable                 
00003065  SysTickIntEnable              
00001bbd  SysTickIntHandler             
00002fa1  SysTickIntRegister            
00003099  SysTickPeriodSet              
00002b61  TimerConfigure                
000030b7  TimerEnable                   
00003121  TimerValueGet                 
200007d8  __STACK_END                   
00000200  __STACK_SIZE                  
200007d8  __STACK_TOP                   
00000100  __SYSMEM_SIZE                 
00003640  __TI_CINIT_Base               
00003658  __TI_CINIT_Limit              
00003624  __TI_Handler_Table_Base       
00003630  __TI_Handler_Table_Limit      
00002d99  __TI_auto_init_nobinit_nopinit
00002af9  __TI_decompress_lzss          
000030c5  __TI_decompress_none          
ffffffff  __TI_pprof_out_hndl           
ffffffff  __TI_prof_data_size           
ffffffff  __TI_prof_data_start          
00000000  __TI_static_base__            
000030eb  __TI_zero_init                
0000304f  __aeabi_idiv0                 
0000304f  __aeabi_ldiv0                 
000029a7  __aeabi_memclr                
000029a7  __aeabi_memclr4               
000029a7  __aeabi_memclr8               
00002891  __aeabi_memcpy                
00002891  __aeabi_memcpy4               
00002891  __aeabi_memcpy8               
000029a9  __aeabi_memset                
000029a9  __aeabi_memset4               
000029a9  __aeabi_memset8               
00002ddd  __aeabi_uidiv                 
00002ddd  __aeabi_uidivmod              
ffffffff  __binit__                     
ffffffff  __c_args__                    
UNDEFED   __mpu_init                    
200005d8  __stack                       
20000000  __start___llvm_prf_cnts       
20000000  __stop___llvm_prf_cnts        
00002ef9  _c_int00_noargs               
200008d8  _lock                         
00002f9f  _nop                          
200007d8  _sys_memory                   
UNDEFED   _system_post_cinit            
00003153  _system_pre_init              
200008dc  _unlock                       
00003157  abort                         
00002501  aligned_alloc                 
ffffffff  binit                         
20000590  bnOledCur                     
00001d21  calculateAltitudePercentage   
00002e59  calloc                        
00001ffb  checkButton                   
200005d0  clrOledCur                    
00001c59  displayValues                 
20000594  dxcoOledFontCur               
20000598  dycoOledFontCur               
2000059c  fOledCharUpdate               
000026f5  free                          
0000286b  freeCircBuf                   
20000000  g_pfnRAMVectors               
00000000  g_pfnVectors                  
00001cc9  groundSet                     
00001c15  initADC                       
00001e59  initButtons                   
000027d9  initCircBuf                   
00001bef  initClock                     
00001c51  initDisplay                   
00001d45  main                          
00003133  malloc                        
00002501  memalign                      
00002891  memcpy                        
000029af  memset                        
200005a0  modOledCur                    
200005a4  pbOledCur                     
200005a8  pbOledFontCur                 
200005ac  pbOledFontUser                
200005b0  pbOledPatCur                  
200005b4  pfnDoRop                      
00002837  readCircBuf                   
00003558  rgbFillPat                    
2000026c  rgbOledBmp                    
0000315c  rgbOledFont0                  
2000046c  rgbOledFontUser               
00000751  ulocaltime                    
0000094f  umktime                       
00001f27  updateButtons                 
00000ec9  urand                         
00000721  usnprintf                     
000006ef  usprintf                      
00000eb9  usrand                        
00000e31  ustrcasecmp                   
00000ea5  ustrcmp                       
00000d35  ustrlen                       
00000d8d  ustrncasecmp                  
00000e45  ustrncmp                      
0000026d  ustrncpy                      
00000d57  ustrstr                       
00000afd  ustrtof                       
000009c5  ustrtoul                      
000002c5  uvsnprintf                    
00002803  writeCircBuf                  
200005b8  xchOledCur                    
200005bc  xchOledMax                    
200005c0  xcoOledCur                    
200005c4  ychOledCur                    
200005c8  ychOledMax                    
200005cc  ycoOledCur                    


GLOBAL SYMBOLS: SORTED BY Symbol Address 

address   name                          
-------   ----                          
00000000  __TI_static_base__            
00000000  g_pfnVectors                  
00000100  __SYSMEM_SIZE                 
00000200  __STACK_SIZE                  
0000026d  ustrncpy                      
000002c5  uvsnprintf                    
000006ef  usprintf                      
00000721  usnprintf                     
00000751  ulocaltime                    
0000094f  umktime                       
000009c5  ustrtoul                      
00000afd  ustrtof                       
00000d35  ustrlen                       
00000d57  ustrstr                       
00000d8d  ustrncasecmp                  
00000e31  ustrcasecmp                   
00000e45  ustrncmp                      
00000ea5  ustrcmp                       
00000eb9  usrand                        
00000ec9  urand                         
00000ef1  OrbitOledMoveTo               
00000f37  OrbitOledGetPos               
00000f53  OrbitOledSetDrawColor         
00000f6b  OrbitOledGetStdPattern        
00000f7d  OrbitOledSetFillPattern       
00000f8d  OrbitOledSetDrawMode          
00000fe1  OrbitOledGetDrawMode          
00000fe7  OrbitOledDrawPixel            
00001013  OrbitOledGetPixel             
0000102d  OrbitOledLineTo               
0000112d  OrbitOledDrawRect             
000011b1  OrbitOledFillRect             
000012f5  OrbitOledGetBmp               
00001455  OrbitOledPutBmp               
00001623  OrbitOledDrawChar             
00001683  OrbitOledDrawString           
000016a1  OrbitOledRopSet               
000016cb  OrbitOledRopOr                
000016ef  OrbitOledRopAnd               
00001713  OrbitOledRopXor               
00001741  OrbitOledMoveUp               
00001779  OrbitOledMoveDown             
000017af  OrbitOledMoveLeft             
000017c7  OrbitOledMoveRight            
000017e1  OrbitOledClampXco             
00001801  OrbitOledClampYco             
00001841  OrbitOledInit                 
00001855  OrbitOledHostInit             
0000191f  OrbitOledDvrInit              
00001999  OrbitOledDevInit              
00001a1d  OrbitOledClear                
00001a29  OrbitOledClearBuffer          
00001a59  OrbitOledUpdate               
00001ab3  OrbitOledPutBuffer            
00001b19  Ssi3PutByte                   
00001bbd  SysTickIntHandler             
00001bd1  ADCIntHandler                 
00001bef  initClock                     
00001c15  initADC                       
00001c51  initDisplay                   
00001c59  displayValues                 
00001cc9  groundSet                     
00001d21  calculateAltitudePercentage   
00001d45  main                          
00001e59  initButtons                   
00001f27  updateButtons                 
00001ffb  checkButton                   
00002079  OrbitOledSetCursor            
000020c5  OrbitOledGetCursor            
000020e1  OrbitOledDefUserChar          
00002131  OrbitOledSetCharUpdate        
00002149  OrbitOledGetCharUpdate        
0000214f  OrbitOledPutChar              
0000216d  OrbitOledPutString            
00002199  OrbitOledDrawGlyph            
00002211  OrbitOledAdvanceCursor        
0000227d  GPIOPadConfigSet              
000023e9  SysCtlClockGet                
00002501  aligned_alloc                 
00002501  memalign                      
00002601  SysCtlClockSet                
000026f5  free                          
000027d9  initCircBuf                   
00002803  writeCircBuf                  
00002837  readCircBuf                   
0000286b  freeCircBuf                   
00002891  __aeabi_memcpy                
00002891  __aeabi_memcpy4               
00002891  __aeabi_memcpy8               
00002891  memcpy                        
0000292d  ADCSequenceStepConfigure      
000029a7  __aeabi_memclr                
000029a7  __aeabi_memclr4               
000029a7  __aeabi_memclr8               
000029a9  __aeabi_memset                
000029a9  __aeabi_memset4               
000029a9  __aeabi_memset8               
000029af  memset                        
00002a91  IntEnable                     
00002af9  __TI_decompress_lzss          
00002b61  TimerConfigure                
00002bc1  DelayInit                     
00002bdb  DelayMs                       
00002c1d  SysCtlPeripheralReset         
00002cbd  ADCSequenceConfigure          
00002d09  GPIOPinConfigure              
00002d55  OLEDStringDraw                
00002d7b  OLEDInitialise                
00002d99  __TI_auto_init_nobinit_nopinit
00002ddd  __aeabi_uidiv                 
00002ddd  __aeabi_uidivmod              
00002e1d  SSIConfigSetExpClk            
00002e59  calloc                        
00002e91  IntRegister                   
00002ec5  SysCtlPeripheralEnable        
00002ef9  _c_int00_noargs               
00002f2d  GPIODirModeSet                
00002f81  ADCSequenceDataGet            
00002f9f  _nop                          
00002fa1  SysTickIntRegister            
00002fd9  GPIOPinTypeGPIOOutput         
00002ff3  ADCIntRegister                
0000300b  ADCProcessorTrigger           
00003023  GPIOPinTypeGPIOInput          
00003039  GPIOPinTypeSSI                
0000304f  __aeabi_idiv0                 
0000304f  __aeabi_ldiv0                 
00003051  SysTickEnable                 
00003065  SysTickIntEnable              
00003079  ADCIntEnable                  
00003089  IntMasterEnable               
00003099  SysTickPeriodSet              
000030a9  ADCSequenceEnable             
000030b7  TimerEnable                   
000030c5  __TI_decompress_none          
000030d3  CPUcpsie                      
000030df  SSIDataGet                    
000030eb  __TI_zero_init                
000030f7  ResetISR                      
00003103  ADCIntClear                   
0000310d  SSIDataPut                    
00003117  SSIEnable                     
00003121  TimerValueGet                 
0000312b  SSIBusy                       
00003133  malloc                        
0000313b  GPIOPinRead                   
00003141  GPIOPinWrite                  
00003147  SSIClockSourceSet             
0000314d  SysCtlDelay                   
00003153  _system_pre_init              
00003157  C$$EXIT                       
00003157  abort                         
0000315c  rgbOledFont0                  
00003558  rgbFillPat                    
00003624  __TI_Handler_Table_Base       
00003630  __TI_Handler_Table_Limit      
00003640  __TI_CINIT_Base               
00003658  __TI_CINIT_Limit              
20000000  __start___llvm_prf_cnts       
20000000  __stop___llvm_prf_cnts        
20000000  g_pfnRAMVectors               
2000026c  rgbOledBmp                    
2000046c  rgbOledFontUser               
20000590  bnOledCur                     
20000594  dxcoOledFontCur               
20000598  dycoOledFontCur               
2000059c  fOledCharUpdate               
200005a0  modOledCur                    
200005a4  pbOledCur                     
200005a8  pbOledFontCur                 
200005ac  pbOledFontUser                
200005b0  pbOledPatCur                  
200005b4  pfnDoRop                      
200005b8  xchOledCur                    
200005bc  xchOledMax                    
200005c0  xcoOledCur                    
200005c4  ychOledCur                    
200005c8  ychOledMax                    
200005cc  ycoOledCur                    
200005d0  clrOledCur                    
200005d8  __stack                       
200007d8  __STACK_END                   
200007d8  __STACK_TOP                   
200007d8  _sys_memory                   
200008d8  _lock                         
200008dc  _unlock                       
ffffffff  __TI_pprof_out_hndl           
ffffffff  __TI_prof_data_size           
ffffffff  __TI_prof_data_start          
ffffffff  __binit__                     
ffffffff  __c_args__                    
ffffffff  binit                         
UNDEFED   __mpu_init                    
UNDEFED   _system_post_cinit            

[194 symbols]
