******************************************************************************
                  TI ARM Linker PC v20.2.7                     
******************************************************************************
>> Linked Tue May  7 14:13:56 2024

OUTPUT FILE NAME:   <Heli_Project.out>
ENTRY POINT SYMBOL: "_c_int00_noargs"  address: 00003101


MEMORY CONFIGURATION

         name            origin    length      used     unused   attr    fill
----------------------  --------  ---------  --------  --------  ----  --------
  FLASH                 00000000   00040000  00003a24  0003c5dc  R  X
  SRAM                  20000000   00008000  000008f5  0000770b  RW X


SEGMENT ALLOCATION MAP

run origin  load origin   length   init length attrs members
----------  ----------- ---------- ----------- ----- -------
00000000    00000000    00003a28   00003a28    r-x
  00000000    00000000    0000026c   0000026c    r-- .intvecs
  0000026c    0000026c    00003120   00003120    r-x .text
  0000338c    0000338c    00000648   00000648    r-- .const
  000039d8    000039d8    00000050   00000050    r-- .cinit
20000000    20000000    000008fc   00000000    rw-
  20000000    20000000    0000026c   00000000    rw- .vtable
  2000026c    2000026c    0000036d   00000000    rw- .bss
  200005e0    200005e0    00000200   00000000    rw- .stack
  200007e0    200007e0    00000100   00000000    rw- .sysmem
  200008e0    200008e0    0000001c   00000000    rw- .data


SECTION ALLOCATION MAP

 output                                  attributes/
section   page    origin      length       input sections
--------  ----  ----------  ----------   ----------------
.intvecs   0    00000000    0000026c     
                  00000000    0000026c     tm4c123gh6pm_startup_ccs.obj (.intvecs)

.text      0    0000026c    00003120     
                  0000026c    00000c84     ustdlib.obj (.text)
                  00000ef0    00000950     OrbitOledGrph.obj (.text)
                  00001840    0000037c     OrbitOled.obj (.text)
                  00001bbc    000002a4     main.obj (.text)
                  00001e60    00000220     buttons4.obj (.text)
                  00002080    00000204     OrbitOledChar.obj (.text)
                  00002284    0000016c     driverlib.lib : gpio.obj (.text:GPIOPadConfigSet)
                  000023f0    00000164     yaw.obj (.text)
                  00002554    00000118     driverlib.lib : sysctl.obj (.text:SysCtlClockGet)
                  0000266c    00000100     rtsv7M4_T_le_v4SPD16_eabi.lib : memory.c.obj (.text:aligned_alloc)
                  0000276c    000000f4     driverlib.lib : sysctl.obj (.text:SysCtlClockSet)
                  00002860    000000e4     rtsv7M4_T_le_v4SPD16_eabi.lib : memory.c.obj (.text:free)
                  00002944    000000b8     circBufT.obj (.text)
                  000029fc    0000009c     rtsv7M4_T_le_v4SPD16_eabi.lib : memcpy_t2.asm.obj (.text)
                  00002a98    0000007a     driverlib.lib : adc.obj (.text:ADCSequenceStepConfigure)
                  00002b12    0000007a     rtsv7M4_T_le_v4SPD16_eabi.lib : memset_t2.asm.obj (.text)
                  00002b8c    00000070                                   : memory.c.obj (.text:split)
                  00002bfc    00000068     driverlib.lib : interrupt.obj (.text:IntEnable)
                  00002c64    00000068     rtsv7M4_T_le_v4SPD16_eabi.lib : copy_decompress_lzss.c.obj (.text:decompress:lzss:__TI_decompress_lzss)
                  00002ccc    00000060     driverlib.lib : timer.obj (.text:TimerConfigure)
                  00002d2c    0000005c     delay.obj (.text)
                  00002d88    00000058     driverlib.lib : gpio.obj (.text:GPIOIntTypeSet)
                  00002de0    00000050                   : sysctl.obj (.text:SysCtlPeripheralReset)
                  00002e30    00000050                   : adc.obj (.text:_ADCIntNumberGet)
                  00002e80    0000004c                   : adc.obj (.text:ADCSequenceConfigure)
                  00002ecc    0000004c                   : gpio.obj (.text:GPIOPinConfigure)
                  00002f18    00000044     OrbitOLEDInterface.obj (.text)
                  00002f5c    00000044     driverlib.lib : gpio.obj (.text:_GPIOIntNumberGet)
                  00002fa0    00000044     rtsv7M4_T_le_v4SPD16_eabi.lib : autoinit.c.obj (.text:__TI_auto_init_nobinit_nopinit:__TI_auto_init_nobinit_nopinit)
                  00002fe4    00000040                                   : u_divt2.asm.obj (.text)
                  00003024    0000003c     driverlib.lib : ssi.obj (.text:SSIConfigSetExpClk)
                  00003060    00000038     rtsv7M4_T_le_v4SPD16_eabi.lib : memory.c.obj (.text:calloc)
                  00003098    00000034     driverlib.lib : interrupt.obj (.text:IntRegister)
                  000030cc    00000034                   : sysctl.obj (.text:SysCtlPeripheralEnable)
                  00003100    00000034     rtsv7M4_T_le_v4SPD16_eabi.lib : boot_cortex_m.c.obj (.text:_c_int00_noargs:_c_int00_noargs)
                  00003134    0000002c     driverlib.lib : gpio.obj (.text:GPIODirModeSet)
                  00003160    00000028     rtsv7M4_T_le_v4SPD16_eabi.lib : memory.c.obj (.text:free_list_insert)
                  00003188    0000001e     driverlib.lib : adc.obj (.text:ADCSequenceDataGet)
                  000031a6    00000002     rtsv7M4_T_le_v4SPD16_eabi.lib : _lock.c.obj (.text:_nop)
                  000031a8    0000001c     driverlib.lib : systick.obj (.text:SysTickIntRegister)
                  000031c4    0000001c     rtsv7M4_T_le_v4SPD16_eabi.lib : memory.c.obj (.text:free_list_remove)
                  000031e0    0000001a     driverlib.lib : gpio.obj (.text:GPIOPinTypeGPIOOutput)
                  000031fa    00000018                   : adc.obj (.text:ADCIntRegister)
                  00003212    00000018                   : adc.obj (.text:ADCProcessorTrigger)
                  0000322a    00000018                   : gpio.obj (.text:GPIOIntRegister)
                  00003242    00000016                   : gpio.obj (.text:GPIOPinTypeGPIOInput)
                  00003258    00000016                   : gpio.obj (.text:GPIOPinTypeSSI)
                  0000326e    00000002     rtsv7M4_T_le_v4SPD16_eabi.lib : div0.asm.obj (.text)
                  00003270    00000014     driverlib.lib : systick.obj (.text:SysTickEnable)
                  00003284    00000014                   : systick.obj (.text:SysTickIntEnable)
                  00003298    00000010                   : adc.obj (.text:ADCIntEnable)
                  000032a8    00000010                   : interrupt.obj (.text:IntMasterEnable)
                  000032b8    00000010                   : systick.obj (.text:SysTickPeriodSet)
                  000032c8    0000000e                   : adc.obj (.text:ADCSequenceEnable)
                  000032d6    0000000e                   : timer.obj (.text:TimerEnable)
                  000032e4    0000000e     rtsv7M4_T_le_v4SPD16_eabi.lib : copy_decompress_none.c.obj (.text:decompress:none:__TI_decompress_none)
                  000032f2    0000000c     driverlib.lib : cpu.obj (.text:CPUcpsie)
                  000032fe    0000000c                   : gpio.obj (.text:GPIOIntEnable)
                  0000330a    0000000c                   : ssi.obj (.text:SSIDataGet)
                  00003316    0000000c     rtsv7M4_T_le_v4SPD16_eabi.lib : copy_zero_init.c.obj (.text:decompress:ZI:__TI_zero_init)
                  00003322    0000000c     tm4c123gh6pm_startup_ccs.obj (.text)
                  0000332e    0000000a     driverlib.lib : adc.obj (.text:ADCIntClear)
                  00003338    0000000a                   : ssi.obj (.text:SSIDataPut)
                  00003342    0000000a                   : ssi.obj (.text:SSIEnable)
                  0000334c    0000000a                   : timer.obj (.text:TimerValueGet)
                  00003356    00000008                   : ssi.obj (.text:SSIBusy)
                  0000335e    00000008     rtsv7M4_T_le_v4SPD16_eabi.lib : memory.c.obj (.text:malloc)
                  00003366    00000006     driverlib.lib : gpio.obj (.text:GPIOIntClear)
                  0000336c    00000006                   : gpio.obj (.text:GPIOPinRead)
                  00003372    00000006                   : gpio.obj (.text:GPIOPinWrite)
                  00003378    00000006                   : ssi.obj (.text:SSIClockSourceSet)
                  0000337e    00000006                   : sysctl.obj (.text:SysCtlDelay)
                  00003384    00000004     rtsv7M4_T_le_v4SPD16_eabi.lib : pre_init.c.obj (.text:_system_pre_init)
                  00003388    00000004                                   : exit.c.obj (.text:abort:abort)

.const     0    0000338c    00000648     
                  0000338c    00000300     ChrFont0.obj (.const:.string:rgbOledFont0)
                  0000368c    000000d8     driverlib.lib : gpio.obj (.const:g_ppui32GPIOIntMapSnowflake)
                  00003764    000000c0                   : gpio.obj (.const:g_ppui32GPIOIntMapBlizzard)
                  00003824    00000090                   : gpio.obj (.const:g_pui32GPIOBaseAddrs)
                  000038b4    0000006c                   : sysctl.obj (.const:g_pui32Xtals)
                  00003920    00000040     FillPat.obj (.const:.string:rgbFillPat)
                  00003960    00000030     ustdlib.obj (.const:g_psDaysToMonth)
                  00003990    00000018     ustdlib.obj (.const:g_pfExponents)
                  000039a8    00000014     driverlib.lib : interrupt.obj (.const:g_pui32EnRegs)
                  000039bc    00000012     ustdlib.obj (.const:.string)
                  000039ce    00000002     --HOLE-- [fill = 0]
                  000039d0    00000004     ustdlib.obj (.const)

.cinit     0    000039d8    00000050     
                  000039d8    00000017     (.cinit..data.load) [load image, compression = lzss]
                  000039ef    00000001     --HOLE-- [fill = 0]
                  000039f0    0000000c     (__TI_handler_table)
                  000039fc    00000004     --HOLE-- [fill = 0]
                  00003a00    00000008     (.cinit..bss.load) [load image, compression = zero_init]
                  00003a08    00000008     (.cinit..vtable.load) [load image, compression = zero_init]
                  00003a10    00000018     (__TI_cinit_table)

.init_array 
*          0    00000000    00000000     UNINITIALIZED

.vtable    0    20000000    0000026c     UNINITIALIZED
                  20000000    0000026c     driverlib.lib : interrupt.obj (.vtable)

.bss       0    2000026c    0000036d     UNINITIALIZED
                  2000026c    00000200     (.common:rgbOledBmp)
                  2000046c    00000100     (.common:rgbOledFontUser)
                  2000056c    00000010     main.obj (.bss:g_inBuffer)
                  2000057c    00000008     yaw.obj (.bss)
                  20000584    00000004     buttons4.obj (.bss:but_count)
                  20000588    00000004     buttons4.obj (.bss:but_flag)
                  2000058c    00000004     buttons4.obj (.bss:but_normal)
                  20000590    00000004     buttons4.obj (.bss:but_state)
                  20000594    00000004     main.obj (.bss)
                  20000598    00000004     (.common:bnOledCur)
                  2000059c    00000004     (.common:dxcoOledFontCur)
                  200005a0    00000004     (.common:dycoOledFontCur)
                  200005a4    00000004     (.common:fOledCharUpdate)
                  200005a8    00000004     (.common:modOledCur)
                  200005ac    00000004     (.common:pbOledCur)
                  200005b0    00000004     (.common:pbOledFontCur)
                  200005b4    00000004     (.common:pbOledFontUser)
                  200005b8    00000004     (.common:pbOledPatCur)
                  200005bc    00000004     (.common:pfnDoRop)
                  200005c0    00000004     (.common:xchOledCur)
                  200005c4    00000004     (.common:xchOledMax)
                  200005c8    00000004     (.common:xcoOledCur)
                  200005cc    00000004     (.common:ychOledCur)
                  200005d0    00000004     (.common:ychOledMax)
                  200005d4    00000004     (.common:ycoOledCur)
                  200005d8    00000001     (.common:clrOledCur)

.stack     0    200005e0    00000200     UNINITIALIZED
                  200005e0    00000004     rtsv7M4_T_le_v4SPD16_eabi.lib : boot_cortex_m.c.obj (.stack)
                  200005e4    000001fc     --HOLE--

.sysmem    0    200007e0    00000100     UNINITIALIZED
                  200007e0    00000010     rtsv7M4_T_le_v4SPD16_eabi.lib : memory.c.obj (.sysmem)
                  200007f0    000000f0     --HOLE--

.data      0    200008e0    0000001c     UNINITIALIZED
                  200008e0    00000008     rtsv7M4_T_le_v4SPD16_eabi.lib : _lock.c.obj (.data:$O1$$)
                  200008e8    00000008                                   : memory.c.obj (.data:$O1$$)
                  200008f0    00000004     main.obj (.data)
                  200008f4    00000004     ustdlib.obj (.data)
                  200008f8    00000004     yaw.obj (.data)

__llvm_prf_cnts 
*          0    20000000    00000000     UNINITIALIZED

MODULE SUMMARY

       Module                         code    ro data   rw data
       ------                         ----    -------   -------
    .\
       ustdlib.obj                    3204    94        4      
       main.obj                       676     0         24     
       tm4c123gh6pm_startup_ccs.obj   12      620       0      
       buttons4.obj                   544     0         16     
       yaw.obj                        356     0         12     
       circBufT.obj                   184     0         0      
    +--+------------------------------+-------+---------+---------+
       Total:                         4976    714       56     
                                                               
    .\OrbitOLED\
       OrbitOLEDInterface.obj         68      0         0      
    +--+------------------------------+-------+---------+---------+
       Total:                         68      0         0      
                                                               
    .\OrbitOLED\lib_OrbitOled\
       OrbitOledGrph.obj              2384    0         8      
       OrbitOled.obj                  892     0         553    
       OrbitOledChar.obj              516     0         272    
       ChrFont0.obj                   0       768       0      
       delay.obj                      92      0         0      
       FillPat.obj                    0       64        0      
    +--+------------------------------+-------+---------+---------+
       Total:                         3884    832       833    
                                                               
    C:/ti/TivaWare_C_Series-2.2.0.295/driverlib/ccs/Debug/driverlib.lib
       gpio.obj                       764     552       0      
       interrupt.obj                  172     20        620    
       sysctl.obj                     662     108       0      
       adc.obj                        396     0         0      
       timer.obj                      120     0         0      
       ssi.obj                        106     0         0      
       systick.obj                    84      0         0      
       cpu.obj                        12      0         0      
    +--+------------------------------+-------+---------+---------+
       Total:                         2316    680       620    
                                                               
    C:\ti\ccs1250\ccs\tools\compiler\ti-cgt-arm_20.2.7.LTS\lib\rtsv7M4_T_le_v4SPD16_eabi.lib
       memory.c.obj                   728     0         8      
       memcpy_t2.asm.obj              156     0         0      
       memset_t2.asm.obj              122     0         0      
       copy_decompress_lzss.c.obj     104     0         0      
       autoinit.c.obj                 68      0         0      
       u_divt2.asm.obj                64      0         0      
       boot_cortex_m.c.obj            52      0         0      
       copy_decompress_none.c.obj     14      0         0      
       copy_zero_init.c.obj           12      0         0      
       _lock.c.obj                    2       0         8      
       exit.c.obj                     4       0         0      
       pre_init.c.obj                 4       0         0      
       div0.asm.obj                   2       0         0      
    +--+------------------------------+-------+---------+---------+
       Total:                         1332    0         16     
                                                               
       Heap:                          0       0         256    
       Stack:                         0       0         512    
       Linker Generated:              0       75        0      
    +--+------------------------------+-------+---------+---------+
       Grand Total:                   12576   2301      2293   


LINKER GENERATED COPY TABLES

__TI_cinit_table @ 00003a10 records: 3, size/record: 8, table size: 24
	.data: load addr=000039d8, load size=00000017 bytes, run addr=200008e0, run size=0000001c bytes, compression=lzss
	.bss: load addr=00003a00, load size=00000008 bytes, run addr=2000026c, run size=0000036d bytes, compression=zero_init
	.vtable: load addr=00003a08, load size=00000008 bytes, run addr=20000000, run size=0000026c bytes, compression=zero_init


LINKER GENERATED HANDLER TABLE

__TI_handler_table @ 000039f0 records: 3, size/record: 4, table size: 12
	index: 0, handler: __TI_zero_init
	index: 1, handler: __TI_decompress_lzss
	index: 2, handler: __TI_decompress_none


GLOBAL SYMBOLS: SORTED ALPHABETICALLY BY Name 

address   name                          
-------   ----                          
0000332f  ADCIntClear                   
00003299  ADCIntEnable                  
00001bd1  ADCIntHandler                 
000031fb  ADCIntRegister                
00003213  ADCProcessorTrigger           
00002e81  ADCSequenceConfigure          
00003189  ADCSequenceDataGet            
000032c9  ADCSequenceEnable             
00002a99  ADCSequenceStepConfigure      
00003389  C$$EXIT                       
000032f3  CPUcpsie                      
00002d2d  DelayInit                     
00002d47  DelayMs                       
00003135  GPIODirModeSet                
00003367  GPIOIntClear                  
000032ff  GPIOIntEnable                 
0000322b  GPIOIntRegister               
00002d89  GPIOIntTypeSet                
00002285  GPIOPadConfigSet              
00002ecd  GPIOPinConfigure              
0000336d  GPIOPinRead                   
00003243  GPIOPinTypeGPIOInput          
000031e1  GPIOPinTypeGPIOOutput         
00003259  GPIOPinTypeSSI                
00003373  GPIOPinWrite                  
00002bfd  IntEnable                     
000032a9  IntMasterEnable               
00003099  IntRegister                   
00002f3f  OLEDInitialise                
00002f19  OLEDStringDraw                
00002219  OrbitOledAdvanceCursor        
000017e1  OrbitOledClampXco             
00001801  OrbitOledClampYco             
00001a1d  OrbitOledClear                
00001a29  OrbitOledClearBuffer          
000020e9  OrbitOledDefUserChar          
00001999  OrbitOledDevInit              
00001623  OrbitOledDrawChar             
000021a1  OrbitOledDrawGlyph            
00000fe7  OrbitOledDrawPixel            
0000112d  OrbitOledDrawRect             
00001683  OrbitOledDrawString           
0000191f  OrbitOledDvrInit              
000011b1  OrbitOledFillRect             
000012f5  OrbitOledGetBmp               
00002151  OrbitOledGetCharUpdate        
000020cd  OrbitOledGetCursor            
00000fe1  OrbitOledGetDrawMode          
00001013  OrbitOledGetPixel             
00000f37  OrbitOledGetPos               
00000f6b  OrbitOledGetStdPattern        
00001855  OrbitOledHostInit             
00001841  OrbitOledInit                 
0000102d  OrbitOledLineTo               
00001779  OrbitOledMoveDown             
000017af  OrbitOledMoveLeft             
000017c7  OrbitOledMoveRight            
00000ef1  OrbitOledMoveTo               
00001741  OrbitOledMoveUp               
00001455  OrbitOledPutBmp               
00001ab3  OrbitOledPutBuffer            
00002157  OrbitOledPutChar              
00002175  OrbitOledPutString            
000016ef  OrbitOledRopAnd               
000016cb  OrbitOledRopOr                
000016a1  OrbitOledRopSet               
00001713  OrbitOledRopXor               
00002139  OrbitOledSetCharUpdate        
00002081  OrbitOledSetCursor            
00000f53  OrbitOledSetDrawColor         
00000f8d  OrbitOledSetDrawMode          
00000f7d  OrbitOledSetFillPattern       
00001a59  OrbitOledUpdate               
00003323  ResetISR                      
00003357  SSIBusy                       
00003379  SSIClockSourceSet             
00003025  SSIConfigSetExpClk            
0000330b  SSIDataGet                    
00003339  SSIDataPut                    
00003343  SSIEnable                     
00001b19  Ssi3PutByte                   
00002555  SysCtlClockGet                
0000276d  SysCtlClockSet                
0000337f  SysCtlDelay                   
000030cd  SysCtlPeripheralEnable        
00002de1  SysCtlPeripheralReset         
00003271  SysTickEnable                 
00003285  SysTickIntEnable              
00001bbd  SysTickIntHandler             
000031a9  SysTickIntRegister            
000032b9  SysTickPeriodSet              
00002ccd  TimerConfigure                
000032d7  TimerEnable                   
0000334d  TimerValueGet                 
200007e0  __STACK_END                   
00000200  __STACK_SIZE                  
200007e0  __STACK_TOP                   
00000100  __SYSMEM_SIZE                 
00003a10  __TI_CINIT_Base               
00003a28  __TI_CINIT_Limit              
000039f0  __TI_Handler_Table_Base       
000039fc  __TI_Handler_Table_Limit      
00002fa1  __TI_auto_init_nobinit_nopinit
00002c65  __TI_decompress_lzss          
000032e5  __TI_decompress_none          
ffffffff  __TI_pprof_out_hndl           
ffffffff  __TI_prof_data_size           
ffffffff  __TI_prof_data_start          
00000000  __TI_static_base__            
00003317  __TI_zero_init                
0000326f  __aeabi_idiv0                 
0000326f  __aeabi_ldiv0                 
00002b13  __aeabi_memclr                
00002b13  __aeabi_memclr4               
00002b13  __aeabi_memclr8               
000029fd  __aeabi_memcpy                
000029fd  __aeabi_memcpy4               
000029fd  __aeabi_memcpy8               
00002b15  __aeabi_memset                
00002b15  __aeabi_memset4               
00002b15  __aeabi_memset8               
00002fe5  __aeabi_uidiv                 
00002fe5  __aeabi_uidivmod              
ffffffff  __binit__                     
ffffffff  __c_args__                    
UNDEFED   __mpu_init                    
200005e0  __stack                       
20000000  __start___llvm_prf_cnts       
20000000  __stop___llvm_prf_cnts        
00003101  _c_int00_noargs               
200008e0  _lock                         
000031a7  _nop                          
200007e0  _sys_memory                   
UNDEFED   _system_post_cinit            
00003385  _system_pre_init              
200008e4  _unlock                       
00003389  abort                         
0000266d  aligned_alloc                 
ffffffff  binit                         
20000598  bnOledCur                     
000024f3  calcYawDegrees                
00001d1b  calculateAltitudePercentage   
00002469  calculateYaw                  
00003061  calloc                        
00002003  checkButton                   
200005d8  clrOledCur                    
00001c59  display                       
2000059c  dxcoOledFontCur               
200005a0  dycoOledFontCur               
200005a4  fOledCharUpdate               
00002861  free                          
000029d7  freeCircBuf                   
20000000  g_pfnRAMVectors               
00000000  g_pfnVectors                  
00001cd5  groundSet                     
00001bef  initADC                       
00001e61  initButtons                   
00002945  initCircBuf                   
00001c2b  initClock                     
00001c51  initDisplay                   
000024c3  initYaw                       
00001d3f  main                          
0000335f  malloc                        
0000266d  memalign                      
000029fd  memcpy                        
00002b1b  memset                        
200005a8  modOledCur                    
200005ac  pbOledCur                     
200005b0  pbOledFontCur                 
200005b4  pbOledFontUser                
200005b8  pbOledPatCur                  
200005bc  pfnDoRop                      
000023f1  quadratureIntHandler          
000029a3  readCircBuf                   
00003920  rgbFillPat                    
2000026c  rgbOledBmp                    
0000338c  rgbOledFont0                  
2000046c  rgbOledFontUser               
00000751  ulocaltime                    
0000094f  umktime                       
00001f2f  updateButtons                 
00000ec9  urand                         
00000721  usnprintf                     
000006ef  usprintf                      
00000eb9  usrand                        
00000e31  ustrcasecmp                   
00000ea5  ustrcmp                       
00000d35  ustrlen                       
00000d8d  ustrncasecmp                  
00000e45  ustrncmp                      
0000026d  ustrncpy                      
00000d57  ustrstr                       
00000afd  ustrtof                       
000009c5  ustrtoul                      
000002c5  uvsnprintf                    
0000296f  writeCircBuf                  
200005c0  xchOledCur                    
200005c4  xchOledMax                    
200005c8  xcoOledCur                    
200005cc  ychOledCur                    
200005d0  ychOledMax                    
200005d4  ycoOledCur                    


GLOBAL SYMBOLS: SORTED BY Symbol Address 

address   name                          
-------   ----                          
00000000  __TI_static_base__            
00000000  g_pfnVectors                  
00000100  __SYSMEM_SIZE                 
00000200  __STACK_SIZE                  
0000026d  ustrncpy                      
000002c5  uvsnprintf                    
000006ef  usprintf                      
00000721  usnprintf                     
00000751  ulocaltime                    
0000094f  umktime                       
000009c5  ustrtoul                      
00000afd  ustrtof                       
00000d35  ustrlen                       
00000d57  ustrstr                       
00000d8d  ustrncasecmp                  
00000e31  ustrcasecmp                   
00000e45  ustrncmp                      
00000ea5  ustrcmp                       
00000eb9  usrand                        
00000ec9  urand                         
00000ef1  OrbitOledMoveTo               
00000f37  OrbitOledGetPos               
00000f53  OrbitOledSetDrawColor         
00000f6b  OrbitOledGetStdPattern        
00000f7d  OrbitOledSetFillPattern       
00000f8d  OrbitOledSetDrawMode          
00000fe1  OrbitOledGetDrawMode          
00000fe7  OrbitOledDrawPixel            
00001013  OrbitOledGetPixel             
0000102d  OrbitOledLineTo               
0000112d  OrbitOledDrawRect             
000011b1  OrbitOledFillRect             
000012f5  OrbitOledGetBmp               
00001455  OrbitOledPutBmp               
00001623  OrbitOledDrawChar             
00001683  OrbitOledDrawString           
000016a1  OrbitOledRopSet               
000016cb  OrbitOledRopOr                
000016ef  OrbitOledRopAnd               
00001713  OrbitOledRopXor               
00001741  OrbitOledMoveUp               
00001779  OrbitOledMoveDown             
000017af  OrbitOledMoveLeft             
000017c7  OrbitOledMoveRight            
000017e1  OrbitOledClampXco             
00001801  OrbitOledClampYco             
00001841  OrbitOledInit                 
00001855  OrbitOledHostInit             
0000191f  OrbitOledDvrInit              
00001999  OrbitOledDevInit              
00001a1d  OrbitOledClear                
00001a29  OrbitOledClearBuffer          
00001a59  OrbitOledUpdate               
00001ab3  OrbitOledPutBuffer            
00001b19  Ssi3PutByte                   
00001bbd  SysTickIntHandler             
00001bd1  ADCIntHandler                 
00001bef  initADC                       
00001c2b  initClock                     
00001c51  initDisplay                   
00001c59  display                       
00001cd5  groundSet                     
00001d1b  calculateAltitudePercentage   
00001d3f  main                          
00001e61  initButtons                   
00001f2f  updateButtons                 
00002003  checkButton                   
00002081  OrbitOledSetCursor            
000020cd  OrbitOledGetCursor            
000020e9  OrbitOledDefUserChar          
00002139  OrbitOledSetCharUpdate        
00002151  OrbitOledGetCharUpdate        
00002157  OrbitOledPutChar              
00002175  OrbitOledPutString            
000021a1  OrbitOledDrawGlyph            
00002219  OrbitOledAdvanceCursor        
00002285  GPIOPadConfigSet              
000023f1  quadratureIntHandler          
00002469  calculateYaw                  
000024c3  initYaw                       
000024f3  calcYawDegrees                
00002555  SysCtlClockGet                
0000266d  aligned_alloc                 
0000266d  memalign                      
0000276d  SysCtlClockSet                
00002861  free                          
00002945  initCircBuf                   
0000296f  writeCircBuf                  
000029a3  readCircBuf                   
000029d7  freeCircBuf                   
000029fd  __aeabi_memcpy                
000029fd  __aeabi_memcpy4               
000029fd  __aeabi_memcpy8               
000029fd  memcpy                        
00002a99  ADCSequenceStepConfigure      
00002b13  __aeabi_memclr                
00002b13  __aeabi_memclr4               
00002b13  __aeabi_memclr8               
00002b15  __aeabi_memset                
00002b15  __aeabi_memset4               
00002b15  __aeabi_memset8               
00002b1b  memset                        
00002bfd  IntEnable                     
00002c65  __TI_decompress_lzss          
00002ccd  TimerConfigure                
00002d2d  DelayInit                     
00002d47  DelayMs                       
00002d89  GPIOIntTypeSet                
00002de1  SysCtlPeripheralReset         
00002e81  ADCSequenceConfigure          
00002ecd  GPIOPinConfigure              
00002f19  OLEDStringDraw                
00002f3f  OLEDInitialise                
00002fa1  __TI_auto_init_nobinit_nopinit
00002fe5  __aeabi_uidiv                 
00002fe5  __aeabi_uidivmod              
00003025  SSIConfigSetExpClk            
00003061  calloc                        
00003099  IntRegister                   
000030cd  SysCtlPeripheralEnable        
00003101  _c_int00_noargs               
00003135  GPIODirModeSet                
00003189  ADCSequenceDataGet            
000031a7  _nop                          
000031a9  SysTickIntRegister            
000031e1  GPIOPinTypeGPIOOutput         
000031fb  ADCIntRegister                
00003213  ADCProcessorTrigger           
0000322b  GPIOIntRegister               
00003243  GPIOPinTypeGPIOInput          
00003259  GPIOPinTypeSSI                
0000326f  __aeabi_idiv0                 
0000326f  __aeabi_ldiv0                 
00003271  SysTickEnable                 
00003285  SysTickIntEnable              
00003299  ADCIntEnable                  
000032a9  IntMasterEnable               
000032b9  SysTickPeriodSet              
000032c9  ADCSequenceEnable             
000032d7  TimerEnable                   
000032e5  __TI_decompress_none          
000032f3  CPUcpsie                      
000032ff  GPIOIntEnable                 
0000330b  SSIDataGet                    
00003317  __TI_zero_init                
00003323  ResetISR                      
0000332f  ADCIntClear                   
00003339  SSIDataPut                    
00003343  SSIEnable                     
0000334d  TimerValueGet                 
00003357  SSIBusy                       
0000335f  malloc                        
00003367  GPIOIntClear                  
0000336d  GPIOPinRead                   
00003373  GPIOPinWrite                  
00003379  SSIClockSourceSet             
0000337f  SysCtlDelay                   
00003385  _system_pre_init              
00003389  C$$EXIT                       
00003389  abort                         
0000338c  rgbOledFont0                  
00003920  rgbFillPat                    
000039f0  __TI_Handler_Table_Base       
000039fc  __TI_Handler_Table_Limit      
00003a10  __TI_CINIT_Base               
00003a28  __TI_CINIT_Limit              
20000000  __start___llvm_prf_cnts       
20000000  __stop___llvm_prf_cnts        
20000000  g_pfnRAMVectors               
2000026c  rgbOledBmp                    
2000046c  rgbOledFontUser               
20000598  bnOledCur                     
2000059c  dxcoOledFontCur               
200005a0  dycoOledFontCur               
200005a4  fOledCharUpdate               
200005a8  modOledCur                    
200005ac  pbOledCur                     
200005b0  pbOledFontCur                 
200005b4  pbOledFontUser                
200005b8  pbOledPatCur                  
200005bc  pfnDoRop                      
200005c0  xchOledCur                    
200005c4  xchOledMax                    
200005c8  xcoOledCur                    
200005cc  ychOledCur                    
200005d0  ychOledMax                    
200005d4  ycoOledCur                    
200005d8  clrOledCur                    
200005e0  __stack                       
200007e0  __STACK_END                   
200007e0  __STACK_TOP                   
200007e0  _sys_memory                   
200008e0  _lock                         
200008e4  _unlock                       
ffffffff  __TI_pprof_out_hndl           
ffffffff  __TI_prof_data_size           
ffffffff  __TI_prof_data_start          
ffffffff  __binit__                     
ffffffff  __c_args__                    
ffffffff  binit                         
UNDEFED   __mpu_init                    
UNDEFED   _system_post_cinit            

[202 symbols]
