<?xml version="1.0" encoding="ISO-8859-1" ?>
<link_info>
   <banner>TI ARM Linker PC v20.2.7.LTS</banner>
   <copyright>Copyright (c) 1996-2018 Texas Instruments Incorporated</copyright>
   <link_time>0x66398e64</link_time>
   <link_errors>0x0</link_errors>
   <output_file>Heli_Project.out</output_file>
   <entry_point>
      <name>_c_int00_noargs</name>
      <address>0x3101</address>
   </entry_point>
   <input_file_list>
      <input_file id="fl-2">
         <path>.\</path>
         <kind>object</kind>
         <file>buttons4.obj</file>
         <name>buttons4.obj</name>
      </input_file>
      <input_file id="fl-3">
         <path>.\</path>
         <kind>object</kind>
         <file>circBufT.obj</file>
         <name>circBufT.obj</name>
      </input_file>
      <input_file id="fl-4">
         <path>.\</path>
         <kind>object</kind>
         <file>main.obj</file>
         <name>main.obj</name>
      </input_file>
      <input_file id="fl-5">
         <path>.\</path>
         <kind>object</kind>
         <file>tm4c123gh6pm_startup_ccs.obj</file>
         <name>tm4c123gh6pm_startup_ccs.obj</name>
      </input_file>
      <input_file id="fl-6">
         <path>.\</path>
         <kind>object</kind>
         <file>ustdlib.obj</file>
         <name>ustdlib.obj</name>
      </input_file>
      <input_file id="fl-7">
         <path>.\</path>
         <kind>object</kind>
         <file>yaw.obj</file>
         <name>yaw.obj</name>
      </input_file>
      <input_file id="fl-8">
         <path>.\OrbitOLED\</path>
         <kind>object</kind>
         <file>OrbitOLEDInterface.obj</file>
         <name>OrbitOLEDInterface.obj</name>
      </input_file>
      <input_file id="fl-9">
         <path>.\OrbitOLED\lib_OrbitOled\</path>
         <kind>object</kind>
         <file>ChrFont0.obj</file>
         <name>ChrFont0.obj</name>
      </input_file>
      <input_file id="fl-a">
         <path>.\OrbitOLED\lib_OrbitOled\</path>
         <kind>object</kind>
         <file>FillPat.obj</file>
         <name>FillPat.obj</name>
      </input_file>
      <input_file id="fl-b">
         <path>.\OrbitOLED\lib_OrbitOled\</path>
         <kind>object</kind>
         <file>OrbitOled.obj</file>
         <name>OrbitOled.obj</name>
      </input_file>
      <input_file id="fl-c">
         <path>.\OrbitOLED\lib_OrbitOled\</path>
         <kind>object</kind>
         <file>OrbitOledChar.obj</file>
         <name>OrbitOledChar.obj</name>
      </input_file>
      <input_file id="fl-d">
         <path>.\OrbitOLED\lib_OrbitOled\</path>
         <kind>object</kind>
         <file>OrbitOledGrph.obj</file>
         <name>OrbitOledGrph.obj</name>
      </input_file>
      <input_file id="fl-e">
         <path>.\OrbitOLED\lib_OrbitOled\</path>
         <kind>object</kind>
         <file>delay.obj</file>
         <name>delay.obj</name>
      </input_file>
      <input_file id="fl-13">
         <kind>object</kind>
         <file>&lt;internal&gt;</file>
         <name>&lt;internal&gt;</name>
      </input_file>
      <input_file id="fl-c9">
         <path>C:\ti\ccs1250\ccs\tools\compiler\ti-cgt-arm_20.2.7.LTS\lib\</path>
         <kind>archive</kind>
         <file>rtsv7M4_T_le_v4SPD16_eabi.lib</file>
         <name>u_divt2.asm.obj</name>
      </input_file>
      <input_file id="fl-ca">
         <path>C:\ti\ccs1250\ccs\tools\compiler\ti-cgt-arm_20.2.7.LTS\lib\</path>
         <kind>archive</kind>
         <file>rtsv7M4_T_le_v4SPD16_eabi.lib</file>
         <name>copy_zero_init.c.obj</name>
      </input_file>
      <input_file id="fl-cb">
         <path>C:\ti\ccs1250\ccs\tools\compiler\ti-cgt-arm_20.2.7.LTS\lib\</path>
         <kind>archive</kind>
         <file>rtsv7M4_T_le_v4SPD16_eabi.lib</file>
         <name>copy_decompress_none.c.obj</name>
      </input_file>
      <input_file id="fl-cc">
         <path>C:\ti\ccs1250\ccs\tools\compiler\ti-cgt-arm_20.2.7.LTS\lib\</path>
         <kind>archive</kind>
         <file>rtsv7M4_T_le_v4SPD16_eabi.lib</file>
         <name>copy_decompress_lzss.c.obj</name>
      </input_file>
      <input_file id="fl-cd">
         <path>C:\ti\ccs1250\ccs\tools\compiler\ti-cgt-arm_20.2.7.LTS\lib\</path>
         <kind>archive</kind>
         <file>rtsv7M4_T_le_v4SPD16_eabi.lib</file>
         <name>memory.c.obj</name>
      </input_file>
      <input_file id="fl-ce">
         <path>C:\ti\ccs1250\ccs\tools\compiler\ti-cgt-arm_20.2.7.LTS\lib\</path>
         <kind>archive</kind>
         <file>rtsv7M4_T_le_v4SPD16_eabi.lib</file>
         <name>boot_cortex_m.c.obj</name>
      </input_file>
      <input_file id="fl-cf">
         <path>C:\ti\ccs1250\ccs\tools\compiler\ti-cgt-arm_20.2.7.LTS\lib\</path>
         <kind>archive</kind>
         <file>rtsv7M4_T_le_v4SPD16_eabi.lib</file>
         <name>div0.asm.obj</name>
      </input_file>
      <input_file id="fl-d0">
         <path>C:\ti\ccs1250\ccs\tools\compiler\ti-cgt-arm_20.2.7.LTS\lib\</path>
         <kind>archive</kind>
         <file>rtsv7M4_T_le_v4SPD16_eabi.lib</file>
         <name>memcpy_t2.asm.obj</name>
      </input_file>
      <input_file id="fl-d1">
         <path>C:\ti\ccs1250\ccs\tools\compiler\ti-cgt-arm_20.2.7.LTS\lib\</path>
         <kind>archive</kind>
         <file>rtsv7M4_T_le_v4SPD16_eabi.lib</file>
         <name>memset_t2.asm.obj</name>
      </input_file>
      <input_file id="fl-d2">
         <path>C:\ti\ccs1250\ccs\tools\compiler\ti-cgt-arm_20.2.7.LTS\lib\</path>
         <kind>archive</kind>
         <file>rtsv7M4_T_le_v4SPD16_eabi.lib</file>
         <name>autoinit.c.obj</name>
      </input_file>
      <input_file id="fl-d3">
         <path>C:\ti\ccs1250\ccs\tools\compiler\ti-cgt-arm_20.2.7.LTS\lib\</path>
         <kind>archive</kind>
         <file>rtsv7M4_T_le_v4SPD16_eabi.lib</file>
         <name>pre_init.c.obj</name>
      </input_file>
      <input_file id="fl-d4">
         <path>C:\ti\ccs1250\ccs\tools\compiler\ti-cgt-arm_20.2.7.LTS\lib\</path>
         <kind>archive</kind>
         <file>rtsv7M4_T_le_v4SPD16_eabi.lib</file>
         <name>cpy_tbl.c.obj</name>
      </input_file>
      <input_file id="fl-d5">
         <path>C:\ti\ccs1250\ccs\tools\compiler\ti-cgt-arm_20.2.7.LTS\lib\</path>
         <kind>archive</kind>
         <file>rtsv7M4_T_le_v4SPD16_eabi.lib</file>
         <name>exit.c.obj</name>
      </input_file>
      <input_file id="fl-d6">
         <path>C:\ti\ccs1250\ccs\tools\compiler\ti-cgt-arm_20.2.7.LTS\lib\</path>
         <kind>archive</kind>
         <file>rtsv7M4_T_le_v4SPD16_eabi.lib</file>
         <name>_lock.c.obj</name>
      </input_file>
      <input_file id="fl-d7">
         <path>C:\ti\ccs1250\ccs\tools\compiler\ti-cgt-arm_20.2.7.LTS\lib\</path>
         <kind>archive</kind>
         <file>rtsv7M4_T_le_v4SPD16_eabi.lib</file>
         <name>args_main.c.obj</name>
      </input_file>
      <input_file id="fl-d8">
         <path>C:\ti\TivaWare_C_Series-2.2.0.295\driverlib\ccs\Debug\</path>
         <kind>archive</kind>
         <file>driverlib.lib</file>
         <name>adc.obj</name>
      </input_file>
      <input_file id="fl-d9">
         <path>C:\ti\TivaWare_C_Series-2.2.0.295\driverlib\ccs\Debug\</path>
         <kind>archive</kind>
         <file>driverlib.lib</file>
         <name>gpio.obj</name>
      </input_file>
      <input_file id="fl-da">
         <path>C:\ti\TivaWare_C_Series-2.2.0.295\driverlib\ccs\Debug\</path>
         <kind>archive</kind>
         <file>driverlib.lib</file>
         <name>interrupt.obj</name>
      </input_file>
      <input_file id="fl-db">
         <path>C:\ti\TivaWare_C_Series-2.2.0.295\driverlib\ccs\Debug\</path>
         <kind>archive</kind>
         <file>driverlib.lib</file>
         <name>ssi.obj</name>
      </input_file>
      <input_file id="fl-dc">
         <path>C:\ti\TivaWare_C_Series-2.2.0.295\driverlib\ccs\Debug\</path>
         <kind>archive</kind>
         <file>driverlib.lib</file>
         <name>sysctl.obj</name>
      </input_file>
      <input_file id="fl-dd">
         <path>C:\ti\TivaWare_C_Series-2.2.0.295\driverlib\ccs\Debug\</path>
         <kind>archive</kind>
         <file>driverlib.lib</file>
         <name>systick.obj</name>
      </input_file>
      <input_file id="fl-de">
         <path>C:\ti\TivaWare_C_Series-2.2.0.295\driverlib\ccs\Debug\</path>
         <kind>archive</kind>
         <file>driverlib.lib</file>
         <name>timer.obj</name>
      </input_file>
      <input_file id="fl-df">
         <path>C:\ti\TivaWare_C_Series-2.2.0.295\driverlib\ccs\Debug\</path>
         <kind>archive</kind>
         <file>driverlib.lib</file>
         <name>cpu.obj</name>
      </input_file>
   </input_file_list>
   <object_component_list>
      <object_component id="oc-12">
         <name>.intvecs</name>
         <load_address>0x0</load_address>
         <run_address>0x0</run_address>
         <size>0x26c</size>
         <input_file_ref idref="fl-5"/>
      </object_component>
      <object_component id="oc-141">
         <name>.text</name>
         <load_address>0x26c</load_address>
         <run_address>0x26c</run_address>
         <size>0xc84</size>
         <input_file_ref idref="fl-6"/>
      </object_component>
      <object_component id="oc-2b9">
         <name>.text</name>
         <load_address>0xef0</load_address>
         <run_address>0xef0</run_address>
         <size>0x950</size>
         <input_file_ref idref="fl-d"/>
      </object_component>
      <object_component id="oc-1eb">
         <name>.text</name>
         <load_address>0x1840</load_address>
         <run_address>0x1840</run_address>
         <size>0x37c</size>
         <input_file_ref idref="fl-b"/>
      </object_component>
      <object_component id="oc-a2">
         <name>.text</name>
         <load_address>0x1bbc</load_address>
         <run_address>0x1bbc</run_address>
         <size>0x2a4</size>
         <input_file_ref idref="fl-4"/>
      </object_component>
      <object_component id="oc-153">
         <name>.text</name>
         <load_address>0x1e60</load_address>
         <run_address>0x1e60</run_address>
         <size>0x220</size>
         <input_file_ref idref="fl-2"/>
      </object_component>
      <object_component id="oc-1e5">
         <name>.text</name>
         <load_address>0x2080</load_address>
         <run_address>0x2080</run_address>
         <size>0x204</size>
         <input_file_ref idref="fl-c"/>
      </object_component>
      <object_component id="oc-21d">
         <name>.text:GPIOPadConfigSet</name>
         <load_address>0x2284</load_address>
         <run_address>0x2284</run_address>
         <size>0x16c</size>
         <input_file_ref idref="fl-d9"/>
      </object_component>
      <object_component id="oc-14d">
         <name>.text</name>
         <load_address>0x23f0</load_address>
         <run_address>0x23f0</run_address>
         <size>0x164</size>
         <input_file_ref idref="fl-7"/>
      </object_component>
      <object_component id="oc-11d">
         <name>.text:SysCtlClockGet</name>
         <load_address>0x2554</load_address>
         <run_address>0x2554</run_address>
         <size>0x118</size>
         <input_file_ref idref="fl-dc"/>
      </object_component>
      <object_component id="oc-370">
         <name>.text:aligned_alloc</name>
         <load_address>0x266c</load_address>
         <run_address>0x266c</run_address>
         <size>0x100</size>
         <input_file_ref idref="fl-cd"/>
      </object_component>
      <object_component id="oc-117">
         <name>.text:SysCtlClockSet</name>
         <load_address>0x276c</load_address>
         <run_address>0x276c</run_address>
         <size>0xf4</size>
         <input_file_ref idref="fl-dc"/>
      </object_component>
      <object_component id="oc-1b4">
         <name>.text:free</name>
         <load_address>0x2860</load_address>
         <run_address>0x2860</run_address>
         <size>0xe4</size>
         <input_file_ref idref="fl-cd"/>
      </object_component>
      <object_component id="oc-e7">
         <name>.text</name>
         <load_address>0x2944</load_address>
         <run_address>0x2944</run_address>
         <size>0xb8</size>
         <input_file_ref idref="fl-3"/>
      </object_component>
      <object_component id="oc-3e">
         <name>.text</name>
         <load_address>0x29fc</load_address>
         <run_address>0x29fc</run_address>
         <size>0x9c</size>
         <input_file_ref idref="fl-d0"/>
      </object_component>
      <object_component id="oc-ff">
         <name>.text:ADCSequenceStepConfigure</name>
         <load_address>0x2a98</load_address>
         <run_address>0x2a98</run_address>
         <size>0x7a</size>
         <input_file_ref idref="fl-d8"/>
      </object_component>
      <object_component id="oc-96">
         <name>.text</name>
         <load_address>0x2b12</load_address>
         <run_address>0x2b12</run_address>
         <size>0x7a</size>
         <input_file_ref idref="fl-d1"/>
      </object_component>
      <object_component id="oc-3cf">
         <name>.text:split</name>
         <load_address>0x2b8c</load_address>
         <run_address>0x2b8c</run_address>
         <size>0x70</size>
         <input_file_ref idref="fl-cd"/>
      </object_component>
      <object_component id="oc-1ce">
         <name>.text:IntEnable</name>
         <load_address>0x2bfc</load_address>
         <run_address>0x2bfc</run_address>
         <size>0x68</size>
         <input_file_ref idref="fl-da"/>
      </object_component>
      <object_component id="oc-15">
         <name>.text:decompress:lzss:__TI_decompress_lzss</name>
         <load_address>0x2c64</load_address>
         <run_address>0x2c64</run_address>
         <size>0x68</size>
         <input_file_ref idref="fl-cc"/>
      </object_component>
      <object_component id="oc-38e">
         <name>.text:TimerConfigure</name>
         <load_address>0x2ccc</load_address>
         <run_address>0x2ccc</run_address>
         <size>0x60</size>
         <input_file_ref idref="fl-de"/>
      </object_component>
      <object_component id="oc-2ce">
         <name>.text</name>
         <load_address>0x2d2c</load_address>
         <run_address>0x2d2c</run_address>
         <size>0x5c</size>
         <input_file_ref idref="fl-e"/>
      </object_component>
      <object_component id="oc-229">
         <name>.text:GPIOIntTypeSet</name>
         <load_address>0x2d88</load_address>
         <run_address>0x2d88</run_address>
         <size>0x58</size>
         <input_file_ref idref="fl-d9"/>
      </object_component>
      <object_component id="oc-147">
         <name>.text:SysCtlPeripheralReset</name>
         <load_address>0x2de0</load_address>
         <run_address>0x2de0</run_address>
         <size>0x50</size>
         <input_file_ref idref="fl-dc"/>
      </object_component>
      <object_component id="oc-1c2">
         <name>.text:_ADCIntNumberGet</name>
         <load_address>0x2e30</load_address>
         <run_address>0x2e30</run_address>
         <size>0x50</size>
         <input_file_ref idref="fl-d8"/>
      </object_component>
      <object_component id="oc-f9">
         <name>.text:ADCSequenceConfigure</name>
         <load_address>0x2e80</load_address>
         <run_address>0x2e80</run_address>
         <size>0x4c</size>
         <input_file_ref idref="fl-d8"/>
      </object_component>
      <object_component id="oc-2da">
         <name>.text:GPIOPinConfigure</name>
         <load_address>0x2ecc</load_address>
         <run_address>0x2ecc</run_address>
         <size>0x4c</size>
         <input_file_ref idref="fl-d9"/>
      </object_component>
      <object_component id="oc-13b">
         <name>.text</name>
         <load_address>0x2f18</load_address>
         <run_address>0x2f18</run_address>
         <size>0x44</size>
         <input_file_ref idref="fl-8"/>
      </object_component>
      <object_component id="oc-332">
         <name>.text:_GPIOIntNumberGet</name>
         <load_address>0x2f5c</load_address>
         <run_address>0x2f5c</run_address>
         <size>0x44</size>
         <input_file_ref idref="fl-d9"/>
      </object_component>
      <object_component id="oc-177">
         <name>.text:__TI_auto_init_nobinit_nopinit:__TI_auto_init_nobinit_nopinit</name>
         <load_address>0x2fa0</load_address>
         <run_address>0x2fa0</run_address>
         <size>0x44</size>
         <input_file_ref idref="fl-d2"/>
      </object_component>
      <object_component id="oc-1f3">
         <name>.text</name>
         <load_address>0x2fe4</load_address>
         <run_address>0x2fe4</run_address>
         <size>0x40</size>
         <input_file_ref idref="fl-c9"/>
      </object_component>
      <object_component id="oc-2e6">
         <name>.text:SSIConfigSetExpClk</name>
         <load_address>0x3024</load_address>
         <run_address>0x3024</run_address>
         <size>0x3c</size>
         <input_file_ref idref="fl-db"/>
      </object_component>
      <object_component id="oc-1ae">
         <name>.text:calloc</name>
         <load_address>0x3060</load_address>
         <run_address>0x3060</run_address>
         <size>0x38</size>
         <input_file_ref idref="fl-cd"/>
      </object_component>
      <object_component id="oc-1c8">
         <name>.text:IntRegister</name>
         <load_address>0x3098</load_address>
         <run_address>0x3098</run_address>
         <size>0x34</size>
         <input_file_ref idref="fl-da"/>
      </object_component>
      <object_component id="oc-f3">
         <name>.text:SysCtlPeripheralEnable</name>
         <load_address>0x30cc</load_address>
         <run_address>0x30cc</run_address>
         <size>0x34</size>
         <input_file_ref idref="fl-dc"/>
      </object_component>
      <object_component id="oc-5c">
         <name>.text:_c_int00_noargs:_c_int00_noargs</name>
         <load_address>0x3100</load_address>
         <run_address>0x3100</run_address>
         <size>0x34</size>
         <input_file_ref idref="fl-ce"/>
      </object_component>
      <object_component id="oc-33f">
         <name>.text:GPIODirModeSet</name>
         <load_address>0x3134</load_address>
         <run_address>0x3134</run_address>
         <size>0x2c</size>
         <input_file_ref idref="fl-d9"/>
      </object_component>
      <object_component id="oc-297">
         <name>.text:free_list_insert</name>
         <load_address>0x3160</load_address>
         <run_address>0x3160</run_address>
         <size>0x28</size>
         <input_file_ref idref="fl-cd"/>
      </object_component>
      <object_component id="oc-e1">
         <name>.text:ADCSequenceDataGet</name>
         <load_address>0x3188</load_address>
         <run_address>0x3188</run_address>
         <size>0x1e</size>
         <input_file_ref idref="fl-d8"/>
      </object_component>
      <object_component id="oc-351">
         <name>.text:_nop</name>
         <load_address>0x31a6</load_address>
         <run_address>0x31a6</run_address>
         <size>0x2</size>
         <input_file_ref idref="fl-d6"/>
      </object_component>
      <object_component id="oc-129">
         <name>.text:SysTickIntRegister</name>
         <load_address>0x31a8</load_address>
         <run_address>0x31a8</run_address>
         <size>0x1c</size>
         <input_file_ref idref="fl-dd"/>
      </object_component>
      <object_component id="oc-291">
         <name>.text:free_list_remove</name>
         <load_address>0x31c4</load_address>
         <run_address>0x31c4</run_address>
         <size>0x1c</size>
         <input_file_ref idref="fl-cd"/>
      </object_component>
      <object_component id="oc-2f8">
         <name>.text:GPIOPinTypeGPIOOutput</name>
         <load_address>0x31e0</load_address>
         <run_address>0x31e0</run_address>
         <size>0x1a</size>
         <input_file_ref idref="fl-d9"/>
      </object_component>
      <object_component id="oc-10b">
         <name>.text:ADCIntRegister</name>
         <load_address>0x31fa</load_address>
         <run_address>0x31fa</run_address>
         <size>0x18</size>
         <input_file_ref idref="fl-d8"/>
      </object_component>
      <object_component id="oc-db">
         <name>.text:ADCProcessorTrigger</name>
         <load_address>0x3212</load_address>
         <run_address>0x3212</run_address>
         <size>0x18</size>
         <input_file_ref idref="fl-d8"/>
      </object_component>
      <object_component id="oc-223">
         <name>.text:GPIOIntRegister</name>
         <load_address>0x322a</load_address>
         <run_address>0x322a</run_address>
         <size>0x18</size>
         <input_file_ref idref="fl-d9"/>
      </object_component>
      <object_component id="oc-23c">
         <name>.text:GPIOPinTypeGPIOInput</name>
         <load_address>0x3242</load_address>
         <run_address>0x3242</run_address>
         <size>0x16</size>
         <input_file_ref idref="fl-d9"/>
      </object_component>
      <object_component id="oc-2d4">
         <name>.text:GPIOPinTypeSSI</name>
         <load_address>0x3258</load_address>
         <run_address>0x3258</run_address>
         <size>0x16</size>
         <input_file_ref idref="fl-d9"/>
      </object_component>
      <object_component id="oc-31d">
         <name>.text</name>
         <load_address>0x326e</load_address>
         <run_address>0x326e</run_address>
         <size>0x2</size>
         <input_file_ref idref="fl-cf"/>
      </object_component>
      <object_component id="oc-135">
         <name>.text:SysTickEnable</name>
         <load_address>0x3270</load_address>
         <run_address>0x3270</run_address>
         <size>0x14</size>
         <input_file_ref idref="fl-dd"/>
      </object_component>
      <object_component id="oc-12f">
         <name>.text:SysTickIntEnable</name>
         <load_address>0x3284</load_address>
         <run_address>0x3284</run_address>
         <size>0x14</size>
         <input_file_ref idref="fl-dd"/>
      </object_component>
      <object_component id="oc-111">
         <name>.text:ADCIntEnable</name>
         <load_address>0x3298</load_address>
         <run_address>0x3298</run_address>
         <size>0x10</size>
         <input_file_ref idref="fl-d8"/>
      </object_component>
      <object_component id="oc-159">
         <name>.text:IntMasterEnable</name>
         <load_address>0x32a8</load_address>
         <run_address>0x32a8</run_address>
         <size>0x10</size>
         <input_file_ref idref="fl-da"/>
      </object_component>
      <object_component id="oc-123">
         <name>.text:SysTickPeriodSet</name>
         <load_address>0x32b8</load_address>
         <run_address>0x32b8</run_address>
         <size>0x10</size>
         <input_file_ref idref="fl-dd"/>
      </object_component>
      <object_component id="oc-105">
         <name>.text:ADCSequenceEnable</name>
         <load_address>0x32c8</load_address>
         <run_address>0x32c8</run_address>
         <size>0xe</size>
         <input_file_ref idref="fl-d8"/>
      </object_component>
      <object_component id="oc-394">
         <name>.text:TimerEnable</name>
         <load_address>0x32d6</load_address>
         <run_address>0x32d6</run_address>
         <size>0xe</size>
         <input_file_ref idref="fl-de"/>
      </object_component>
      <object_component id="oc-1b">
         <name>.text:decompress:none:__TI_decompress_none</name>
         <load_address>0x32e4</load_address>
         <run_address>0x32e4</run_address>
         <size>0xe</size>
         <input_file_ref idref="fl-cb"/>
      </object_component>
      <object_component id="oc-24f">
         <name>.text:CPUcpsie</name>
         <load_address>0x32f2</load_address>
         <run_address>0x32f2</run_address>
         <size>0xc</size>
         <input_file_ref idref="fl-df"/>
      </object_component>
      <object_component id="oc-22f">
         <name>.text:GPIOIntEnable</name>
         <load_address>0x32fe</load_address>
         <run_address>0x32fe</run_address>
         <size>0xc</size>
         <input_file_ref idref="fl-d9"/>
      </object_component>
      <object_component id="oc-30a">
         <name>.text:SSIDataGet</name>
         <load_address>0x330a</load_address>
         <run_address>0x330a</run_address>
         <size>0xc</size>
         <input_file_ref idref="fl-db"/>
      </object_component>
      <object_component id="oc-50">
         <name>.text:decompress:ZI:__TI_zero_init</name>
         <load_address>0x3316</load_address>
         <run_address>0x3316</run_address>
         <size>0xc</size>
         <input_file_ref idref="fl-ca"/>
      </object_component>
      <object_component id="oc-2a">
         <name>.text</name>
         <load_address>0x3322</load_address>
         <run_address>0x3322</run_address>
         <size>0xc</size>
         <input_file_ref idref="fl-5"/>
      </object_component>
      <object_component id="oc-ed">
         <name>.text:ADCIntClear</name>
         <load_address>0x332e</load_address>
         <run_address>0x332e</run_address>
         <size>0xa</size>
         <input_file_ref idref="fl-d8"/>
      </object_component>
      <object_component id="oc-304">
         <name>.text:SSIDataPut</name>
         <load_address>0x3338</load_address>
         <run_address>0x3338</run_address>
         <size>0xa</size>
         <input_file_ref idref="fl-db"/>
      </object_component>
      <object_component id="oc-2ec">
         <name>.text:SSIEnable</name>
         <load_address>0x3342</load_address>
         <run_address>0x3342</run_address>
         <size>0xa</size>
         <input_file_ref idref="fl-db"/>
      </object_component>
      <object_component id="oc-39a">
         <name>.text:TimerValueGet</name>
         <load_address>0x334c</load_address>
         <run_address>0x334c</run_address>
         <size>0xa</size>
         <input_file_ref idref="fl-de"/>
      </object_component>
      <object_component id="oc-2fe">
         <name>.text:SSIBusy</name>
         <load_address>0x3356</load_address>
         <run_address>0x3356</run_address>
         <size>0x8</size>
         <input_file_ref idref="fl-db"/>
      </object_component>
      <object_component id="oc-28a">
         <name>.text:malloc</name>
         <load_address>0x335e</load_address>
         <run_address>0x335e</run_address>
         <size>0x8</size>
         <input_file_ref idref="fl-cd"/>
      </object_component>
      <object_component id="oc-217">
         <name>.text:GPIOIntClear</name>
         <load_address>0x3366</load_address>
         <run_address>0x3366</run_address>
         <size>0x6</size>
         <input_file_ref idref="fl-d9"/>
      </object_component>
      <object_component id="oc-211">
         <name>.text:GPIOPinRead</name>
         <load_address>0x336c</load_address>
         <run_address>0x336c</run_address>
         <size>0x6</size>
         <input_file_ref idref="fl-d9"/>
      </object_component>
      <object_component id="oc-2f2">
         <name>.text:GPIOPinWrite</name>
         <load_address>0x3372</load_address>
         <run_address>0x3372</run_address>
         <size>0x6</size>
         <input_file_ref idref="fl-d9"/>
      </object_component>
      <object_component id="oc-2e0">
         <name>.text:SSIClockSourceSet</name>
         <load_address>0x3378</load_address>
         <run_address>0x3378</run_address>
         <size>0x6</size>
         <input_file_ref idref="fl-db"/>
      </object_component>
      <object_component id="oc-15f">
         <name>.text:SysCtlDelay</name>
         <load_address>0x337e</load_address>
         <run_address>0x337e</run_address>
         <size>0x6</size>
         <input_file_ref idref="fl-dc"/>
      </object_component>
      <object_component id="oc-9c">
         <name>.text:_system_pre_init</name>
         <load_address>0x3384</load_address>
         <run_address>0x3384</run_address>
         <size>0x4</size>
         <input_file_ref idref="fl-d3"/>
      </object_component>
      <object_component id="oc-16b">
         <name>.text:abort:abort</name>
         <load_address>0x3388</load_address>
         <run_address>0x3388</run_address>
         <size>0x4</size>
         <input_file_ref idref="fl-d5"/>
      </object_component>
      <object_component id="oc-310">
         <name>.const:.string:rgbOledFont0</name>
         <load_address>0x338c</load_address>
         <run_address>0x338c</run_address>
         <size>0x300</size>
         <input_file_ref idref="fl-9"/>
      </object_component>
      <object_component id="oc-3bb">
         <name>.const:g_ppui32GPIOIntMapSnowflake</name>
         <load_address>0x368c</load_address>
         <run_address>0x368c</run_address>
         <size>0xd8</size>
         <input_file_ref idref="fl-d9"/>
      </object_component>
      <object_component id="oc-3b8">
         <name>.const:g_ppui32GPIOIntMapBlizzard</name>
         <load_address>0x3764</load_address>
         <run_address>0x3764</run_address>
         <size>0xc0</size>
         <input_file_ref idref="fl-d9"/>
      </object_component>
      <object_component id="oc-3a2">
         <name>.const:g_pui32GPIOBaseAddrs</name>
         <load_address>0x3824</load_address>
         <run_address>0x3824</run_address>
         <size>0x90</size>
         <input_file_ref idref="fl-d9"/>
      </object_component>
      <object_component id="oc-1dc">
         <name>.const:g_pui32Xtals</name>
         <load_address>0x38b4</load_address>
         <run_address>0x38b4</run_address>
         <size>0x6c</size>
         <input_file_ref idref="fl-dc"/>
      </object_component>
      <object_component id="oc-316">
         <name>.const:.string:rgbFillPat</name>
         <load_address>0x3920</load_address>
         <run_address>0x3920</run_address>
         <size>0x40</size>
         <input_file_ref idref="fl-a"/>
      </object_component>
      <object_component id="oc-1fb">
         <name>.const:g_psDaysToMonth</name>
         <load_address>0x3960</load_address>
         <run_address>0x3960</run_address>
         <size>0x30</size>
         <input_file_ref idref="fl-6"/>
      </object_component>
      <object_component id="oc-1fe">
         <name>.const:g_pfExponents</name>
         <load_address>0x3990</load_address>
         <run_address>0x3990</run_address>
         <size>0x18</size>
         <input_file_ref idref="fl-6"/>
      </object_component>
      <object_component id="oc-2b1">
         <name>.const:g_pui32EnRegs</name>
         <load_address>0x39a8</load_address>
         <run_address>0x39a8</run_address>
         <size>0x14</size>
         <input_file_ref idref="fl-da"/>
      </object_component>
      <object_component id="oc-323">
         <name>.const:.string</name>
         <load_address>0x39bc</load_address>
         <run_address>0x39bc</run_address>
         <size>0x12</size>
         <input_file_ref idref="fl-6"/>
      </object_component>
      <object_component id="oc-1f8">
         <name>.const</name>
         <load_address>0x39d0</load_address>
         <run_address>0x39d0</run_address>
         <size>0x4</size>
         <input_file_ref idref="fl-6"/>
      </object_component>
      <object_component id="oc-419">
         <name>.cinit..data.load</name>
         <load_address>0x39d8</load_address>
         <run_address>0x39d8</run_address>
         <size>0x17</size>
      </object_component>
      <object_component id="oc-416">
         <name>__TI_handler_table</name>
         <load_address>0x39f0</load_address>
         <run_address>0x39f0</run_address>
         <size>0xc</size>
      </object_component>
      <object_component id="oc-41a">
         <name>.cinit..bss.load</name>
         <load_address>0x3a00</load_address>
         <run_address>0x3a00</run_address>
         <size>0x8</size>
      </object_component>
      <object_component id="oc-418">
         <name>.cinit..vtable.load</name>
         <load_address>0x3a08</load_address>
         <run_address>0x3a08</run_address>
         <size>0x8</size>
      </object_component>
      <object_component id="oc-417">
         <name>__TI_cinit_table</name>
         <load_address>0x3a10</load_address>
         <run_address>0x3a10</run_address>
         <size>0x18</size>
      </object_component>
      <object_component id="oc-2ac">
         <name>.vtable</name>
         <uninitialized>true</uninitialized>
         <run_address>0x20000000</run_address>
         <size>0x26c</size>
         <input_file_ref idref="fl-da"/>
      </object_component>
      <object_component id="oc-166">
         <name>.data</name>
         <load_address>0x200008f0</load_address>
         <run_address>0x200008f0</run_address>
         <size>0x4</size>
         <input_file_ref idref="fl-4"/>
      </object_component>
      <object_component id="oc-201">
         <name>.data</name>
         <load_address>0x200008f4</load_address>
         <run_address>0x200008f4</run_address>
         <size>0x4</size>
         <input_file_ref idref="fl-6"/>
      </object_component>
      <object_component id="oc-238">
         <name>.data</name>
         <load_address>0x200008f8</load_address>
         <run_address>0x200008f8</run_address>
         <size>0x4</size>
         <input_file_ref idref="fl-7"/>
      </object_component>
      <object_component id="oc-377">
         <name>.data:$O1$$</name>
         <load_address>0x200008e8</load_address>
         <run_address>0x200008e8</run_address>
         <size>0x8</size>
         <input_file_ref idref="fl-cd"/>
      </object_component>
      <object_component id="oc-26c">
         <name>.data:$O1$$</name>
         <load_address>0x200008e0</load_address>
         <run_address>0x200008e0</run_address>
         <size>0x8</size>
         <input_file_ref idref="fl-d6"/>
      </object_component>
      <object_component id="oc-245">
         <name>.bss:but_state</name>
         <uninitialized>true</uninitialized>
         <run_address>0x20000590</run_address>
         <size>0x4</size>
         <input_file_ref idref="fl-2"/>
      </object_component>
      <object_component id="oc-248">
         <name>.bss:but_count</name>
         <uninitialized>true</uninitialized>
         <run_address>0x20000584</run_address>
         <size>0x4</size>
         <input_file_ref idref="fl-2"/>
      </object_component>
      <object_component id="oc-24b">
         <name>.bss:but_flag</name>
         <uninitialized>true</uninitialized>
         <run_address>0x20000588</run_address>
         <size>0x4</size>
         <input_file_ref idref="fl-2"/>
      </object_component>
      <object_component id="oc-242">
         <name>.bss:but_normal</name>
         <uninitialized>true</uninitialized>
         <run_address>0x2000058c</run_address>
         <size>0x4</size>
         <input_file_ref idref="fl-2"/>
      </object_component>
      <object_component id="oc-163">
         <name>.bss:g_inBuffer</name>
         <uninitialized>true</uninitialized>
         <run_address>0x2000056c</run_address>
         <size>0x10</size>
         <input_file_ref idref="fl-4"/>
      </object_component>
      <object_component id="oc-160">
         <name>.bss</name>
         <uninitialized>true</uninitialized>
         <run_address>0x20000594</run_address>
         <size>0x4</size>
         <input_file_ref idref="fl-4"/>
      </object_component>
      <object_component id="oc-235">
         <name>.bss</name>
         <uninitialized>true</uninitialized>
         <run_address>0x2000057c</run_address>
         <size>0x8</size>
         <input_file_ref idref="fl-7"/>
      </object_component>
      <object_component id="oc-382">
         <name>.common:xcoOledCur</name>
         <uninitialized>true</uninitialized>
         <run_address>0x200005c8</run_address>
         <size>0x4</size>
      </object_component>
      <object_component id="oc-383">
         <name>.common:ycoOledCur</name>
         <uninitialized>true</uninitialized>
         <run_address>0x200005d4</run_address>
         <size>0x4</size>
      </object_component>
      <object_component id="oc-2cc">
         <name>.common:pbOledCur</name>
         <uninitialized>true</uninitialized>
         <run_address>0x200005ac</run_address>
         <size>0x4</size>
      </object_component>
      <object_component id="oc-384">
         <name>.common:bnOledCur</name>
         <uninitialized>true</uninitialized>
         <run_address>0x20000598</run_address>
         <size>0x4</size>
      </object_component>
      <object_component id="oc-314">
         <name>.common:clrOledCur</name>
         <uninitialized>true</uninitialized>
         <run_address>0x200005d8</run_address>
         <size>0x1</size>
      </object_component>
      <object_component id="oc-315">
         <name>.common:pbOledPatCur</name>
         <uninitialized>true</uninitialized>
         <run_address>0x200005b8</run_address>
         <size>0x4</size>
      </object_component>
      <object_component id="oc-2ca">
         <name>.common:fOledCharUpdate</name>
         <uninitialized>true</uninitialized>
         <run_address>0x200005a4</run_address>
         <size>0x4</size>
      </object_component>
      <object_component id="oc-2c5">
         <name>.common:dxcoOledFontCur</name>
         <uninitialized>true</uninitialized>
         <run_address>0x2000059c</run_address>
         <size>0x4</size>
      </object_component>
      <object_component id="oc-2c8">
         <name>.common:dycoOledFontCur</name>
         <uninitialized>true</uninitialized>
         <run_address>0x200005a0</run_address>
         <size>0x4</size>
      </object_component>
      <object_component id="oc-2cb">
         <name>.common:pbOledFontCur</name>
         <uninitialized>true</uninitialized>
         <run_address>0x200005b0</run_address>
         <size>0x4</size>
      </object_component>
      <object_component id="oc-2c9">
         <name>.common:pbOledFontUser</name>
         <uninitialized>true</uninitialized>
         <run_address>0x200005b4</run_address>
         <size>0x4</size>
      </object_component>
      <object_component id="oc-319">
         <name>.common:rgbOledBmp</name>
         <uninitialized>true</uninitialized>
         <run_address>0x2000026c</run_address>
         <size>0x200</size>
      </object_component>
      <object_component id="oc-2c3">
         <name>.common:xchOledCur</name>
         <uninitialized>true</uninitialized>
         <run_address>0x200005c0</run_address>
         <size>0x4</size>
      </object_component>
      <object_component id="oc-2c4">
         <name>.common:ychOledCur</name>
         <uninitialized>true</uninitialized>
         <run_address>0x200005cc</run_address>
         <size>0x4</size>
      </object_component>
      <object_component id="oc-2bf">
         <name>.common:xchOledMax</name>
         <uninitialized>true</uninitialized>
         <run_address>0x200005c4</run_address>
         <size>0x4</size>
      </object_component>
      <object_component id="oc-2c2">
         <name>.common:ychOledMax</name>
         <uninitialized>true</uninitialized>
         <run_address>0x200005d0</run_address>
         <size>0x4</size>
      </object_component>
      <object_component id="oc-313">
         <name>.common:rgbOledFontUser</name>
         <uninitialized>true</uninitialized>
         <run_address>0x2000046c</run_address>
         <size>0x100</size>
      </object_component>
      <object_component id="oc-388">
         <name>.common:pfnDoRop</name>
         <uninitialized>true</uninitialized>
         <run_address>0x200005bc</run_address>
         <size>0x4</size>
      </object_component>
      <object_component id="oc-385">
         <name>.common:modOledCur</name>
         <uninitialized>true</uninitialized>
         <run_address>0x200005a8</run_address>
         <size>0x4</size>
      </object_component>
      <object_component id="oc-24">
         <name>.sysmem</name>
         <uninitialized>true</uninitialized>
         <run_address>0x200007e0</run_address>
         <size>0x10</size>
         <input_file_ref idref="fl-cd"/>
      </object_component>
      <object_component id="oc-41d">
         <name>.sysmem</name>
         <uninitialized>true</uninitialized>
         <run_address>0x200007e0</run_address>
         <size>0x0</size>
      </object_component>
      <object_component id="oc-27">
         <name>.stack</name>
         <uninitialized>true</uninitialized>
         <run_address>0x200005e0</run_address>
         <size>0x4</size>
         <input_file_ref idref="fl-ce"/>
      </object_component>
      <object_component id="oc-41c">
         <name>.stack</name>
         <uninitialized>true</uninitialized>
         <run_address>0x200005e0</run_address>
         <size>0x0</size>
      </object_component>
      <object_component id="oc-ca">
         <name>.debug_info</name>
         <load_address>0x0</load_address>
         <run_address>0x0</run_address>
         <size>0x370</size>
         <input_file_ref idref="fl-2"/>
      </object_component>
      <object_component id="oc-246">
         <name>.debug_info</name>
         <load_address>0x370</load_address>
         <run_address>0x370</run_address>
         <size>0xda</size>
         <input_file_ref idref="fl-2"/>
      </object_component>
      <object_component id="oc-249">
         <name>.debug_info</name>
         <load_address>0x44a</load_address>
         <run_address>0x44a</run_address>
         <size>0xda</size>
         <input_file_ref idref="fl-2"/>
      </object_component>
      <object_component id="oc-24c">
         <name>.debug_info</name>
         <load_address>0x524</load_address>
         <run_address>0x524</run_address>
         <size>0xd8</size>
         <input_file_ref idref="fl-2"/>
      </object_component>
      <object_component id="oc-243">
         <name>.debug_info</name>
         <load_address>0x5fc</load_address>
         <run_address>0x5fc</run_address>
         <size>0xdc</size>
         <input_file_ref idref="fl-2"/>
      </object_component>
      <object_component id="oc-154">
         <name>.debug_info</name>
         <load_address>0x6d8</load_address>
         <run_address>0x6d8</run_address>
         <size>0x3a2</size>
         <input_file_ref idref="fl-2"/>
      </object_component>
      <object_component id="oc-77">
         <name>.debug_info</name>
         <load_address>0xa7a</load_address>
         <run_address>0xa7a</run_address>
         <size>0x26b</size>
         <input_file_ref idref="fl-2"/>
      </object_component>
      <object_component id="oc-c5">
         <name>.debug_info</name>
         <load_address>0xce5</load_address>
         <run_address>0xce5</run_address>
         <size>0x8b</size>
         <input_file_ref idref="fl-2"/>
      </object_component>
      <object_component id="oc-c0">
         <name>.debug_info</name>
         <load_address>0xd70</load_address>
         <run_address>0xd70</run_address>
         <size>0x2a4</size>
         <input_file_ref idref="fl-2"/>
      </object_component>
      <object_component id="oc-1d5">
         <name>.debug_info</name>
         <load_address>0x1014</load_address>
         <run_address>0x1014</run_address>
         <size>0xef</size>
         <input_file_ref idref="fl-2"/>
      </object_component>
      <object_component id="oc-7c">
         <name>.debug_info</name>
         <load_address>0x1103</load_address>
         <run_address>0x1103</run_address>
         <size>0xbb</size>
         <input_file_ref idref="fl-2"/>
      </object_component>
      <object_component id="oc-1bb">
         <name>.debug_info</name>
         <load_address>0x11be</load_address>
         <run_address>0x11be</run_address>
         <size>0x2df</size>
         <input_file_ref idref="fl-3"/>
      </object_component>
      <object_component id="oc-e9">
         <name>.debug_info</name>
         <load_address>0x149d</load_address>
         <run_address>0x149d</run_address>
         <size>0x330</size>
         <input_file_ref idref="fl-3"/>
      </object_component>
      <object_component id="oc-25a">
         <name>.debug_info</name>
         <load_address>0x17cd</load_address>
         <run_address>0x17cd</run_address>
         <size>0x86</size>
         <input_file_ref idref="fl-3"/>
      </object_component>
      <object_component id="oc-2a0">
         <name>.debug_info</name>
         <load_address>0x1853</load_address>
         <run_address>0x1853</run_address>
         <size>0x110</size>
         <input_file_ref idref="fl-3"/>
      </object_component>
      <object_component id="oc-39">
         <name>.debug_info</name>
         <load_address>0x1963</load_address>
         <run_address>0x1963</run_address>
         <size>0x84</size>
         <input_file_ref idref="fl-3"/>
      </object_component>
      <object_component id="oc-16a">
         <name>.debug_info</name>
         <load_address>0x19e7</load_address>
         <run_address>0x19e7</run_address>
         <size>0x868</size>
         <input_file_ref idref="fl-4"/>
      </object_component>
      <object_component id="oc-164">
         <name>.debug_info</name>
         <load_address>0x224f</load_address>
         <run_address>0x224f</run_address>
         <size>0xd8</size>
         <input_file_ref idref="fl-4"/>
      </object_component>
      <object_component id="oc-161">
         <name>.debug_info</name>
         <load_address>0x2327</load_address>
         <run_address>0x2327</run_address>
         <size>0xda</size>
         <input_file_ref idref="fl-4"/>
      </object_component>
      <object_component id="oc-167">
         <name>.debug_info</name>
         <load_address>0x2401</load_address>
         <run_address>0x2401</run_address>
         <size>0xe2</size>
         <input_file_ref idref="fl-4"/>
      </object_component>
      <object_component id="oc-a4">
         <name>.debug_info</name>
         <load_address>0x24e3</load_address>
         <run_address>0x24e3</run_address>
         <size>0x8ef</size>
         <input_file_ref idref="fl-4"/>
      </object_component>
      <object_component id="oc-206">
         <name>.debug_info</name>
         <load_address>0x2dd2</load_address>
         <run_address>0x2dd2</run_address>
         <size>0x196</size>
         <input_file_ref idref="fl-4"/>
      </object_component>
      <object_component id="oc-20b">
         <name>.debug_info</name>
         <load_address>0x2f68</load_address>
         <run_address>0x2f68</run_address>
         <size>0x2c</size>
         <input_file_ref idref="fl-4"/>
      </object_component>
      <object_component id="oc-263">
         <name>.debug_info</name>
         <load_address>0x2f94</load_address>
         <run_address>0x2f94</run_address>
         <size>0x35</size>
         <input_file_ref idref="fl-4"/>
      </object_component>
      <object_component id="oc-32">
         <name>.debug_info</name>
         <load_address>0x2fc9</load_address>
         <run_address>0x2fc9</run_address>
         <size>0x2b2</size>
         <input_file_ref idref="fl-5"/>
      </object_component>
      <object_component id="oc-13">
         <name>.debug_info</name>
         <load_address>0x327b</load_address>
         <run_address>0x327b</run_address>
         <size>0xf1</size>
         <input_file_ref idref="fl-5"/>
      </object_component>
      <object_component id="oc-2d">
         <name>.debug_info</name>
         <load_address>0x336c</load_address>
         <run_address>0x336c</run_address>
         <size>0x26d</size>
         <input_file_ref idref="fl-5"/>
      </object_component>
      <object_component id="oc-205">
         <name>.debug_info</name>
         <load_address>0x35d9</load_address>
         <run_address>0x35d9</run_address>
         <size>0x2f3</size>
         <input_file_ref idref="fl-6"/>
      </object_component>
      <object_component id="oc-1f9">
         <name>.debug_info</name>
         <load_address>0x38cc</load_address>
         <run_address>0x38cc</run_address>
         <size>0xfa</size>
         <input_file_ref idref="fl-6"/>
      </object_component>
      <object_component id="oc-1fc">
         <name>.debug_info</name>
         <load_address>0x39c6</load_address>
         <run_address>0x39c6</run_address>
         <size>0x10b</size>
         <input_file_ref idref="fl-6"/>
      </object_component>
      <object_component id="oc-1ff">
         <name>.debug_info</name>
         <load_address>0x3ad1</load_address>
         <run_address>0x3ad1</run_address>
         <size>0x107</size>
         <input_file_ref idref="fl-6"/>
      </object_component>
      <object_component id="oc-202">
         <name>.debug_info</name>
         <load_address>0x3bd8</load_address>
         <run_address>0x3bd8</run_address>
         <size>0x107</size>
         <input_file_ref idref="fl-6"/>
      </object_component>
      <object_component id="oc-142">
         <name>.debug_info</name>
         <load_address>0x3cdf</load_address>
         <run_address>0x3cdf</run_address>
         <size>0x1363</size>
         <input_file_ref idref="fl-6"/>
      </object_component>
      <object_component id="oc-236">
         <name>.debug_info</name>
         <load_address>0x5042</load_address>
         <run_address>0x5042</run_address>
         <size>0x10f</size>
         <input_file_ref idref="fl-7"/>
      </object_component>
      <object_component id="oc-239">
         <name>.debug_info</name>
         <load_address>0x5151</load_address>
         <run_address>0x5151</run_address>
         <size>0xdd</size>
         <input_file_ref idref="fl-7"/>
      </object_component>
      <object_component id="oc-14f">
         <name>.debug_info</name>
         <load_address>0x522e</load_address>
         <run_address>0x522e</run_address>
         <size>0x36c</size>
         <input_file_ref idref="fl-7"/>
      </object_component>
      <object_component id="oc-1f2">
         <name>.debug_info</name>
         <load_address>0x559a</load_address>
         <run_address>0x559a</run_address>
         <size>0x368</size>
         <input_file_ref idref="fl-8"/>
      </object_component>
      <object_component id="oc-13d">
         <name>.debug_info</name>
         <load_address>0x5902</load_address>
         <run_address>0x5902</run_address>
         <size>0x373</size>
         <input_file_ref idref="fl-8"/>
      </object_component>
      <object_component id="oc-3b1">
         <name>.debug_info</name>
         <load_address>0x5c75</load_address>
         <run_address>0x5c75</run_address>
         <size>0xfd</size>
         <input_file_ref idref="fl-9"/>
      </object_component>
      <object_component id="oc-311">
         <name>.debug_info</name>
         <load_address>0x5d72</load_address>
         <run_address>0x5d72</run_address>
         <size>0x111</size>
         <input_file_ref idref="fl-9"/>
      </object_component>
      <object_component id="oc-3b4">
         <name>.debug_info</name>
         <load_address>0x5e83</load_address>
         <run_address>0x5e83</run_address>
         <size>0xfa</size>
         <input_file_ref idref="fl-a"/>
      </object_component>
      <object_component id="oc-317">
         <name>.debug_info</name>
         <load_address>0x5f7d</load_address>
         <run_address>0x5f7d</run_address>
         <size>0x10c</size>
         <input_file_ref idref="fl-a"/>
      </object_component>
      <object_component id="oc-2c6">
         <name>.debug_info</name>
         <load_address>0x6089</load_address>
         <run_address>0x6089</run_address>
         <size>0x86a</size>
         <input_file_ref idref="fl-b"/>
      </object_component>
      <object_component id="oc-1ef">
         <name>.debug_info</name>
         <load_address>0x68f3</load_address>
         <run_address>0x68f3</run_address>
         <size>0xda8</size>
         <input_file_ref idref="fl-b"/>
      </object_component>
      <object_component id="oc-2c0">
         <name>.debug_info</name>
         <load_address>0x769b</load_address>
         <run_address>0x769b</run_address>
         <size>0x4e7</size>
         <input_file_ref idref="fl-c"/>
      </object_component>
      <object_component id="oc-1e9">
         <name>.debug_info</name>
         <load_address>0x7b82</load_address>
         <run_address>0x7b82</run_address>
         <size>0xa7b</size>
         <input_file_ref idref="fl-c"/>
      </object_component>
      <object_component id="oc-386">
         <name>.debug_info</name>
         <load_address>0x85fd</load_address>
         <run_address>0x85fd</run_address>
         <size>0x4c1</size>
         <input_file_ref idref="fl-d"/>
      </object_component>
      <object_component id="oc-2bc">
         <name>.debug_info</name>
         <load_address>0x8abe</load_address>
         <run_address>0x8abe</run_address>
         <size>0x2043</size>
         <input_file_ref idref="fl-d"/>
      </object_component>
      <object_component id="oc-2d1">
         <name>.debug_info</name>
         <load_address>0xab01</load_address>
         <run_address>0xab01</run_address>
         <size>0x2be</size>
         <input_file_ref idref="fl-e"/>
      </object_component>
      <object_component id="oc-1f5">
         <name>.debug_info</name>
         <load_address>0xadbf</load_address>
         <run_address>0xadbf</run_address>
         <size>0x142</size>
         <input_file_ref idref="fl-c9"/>
      </object_component>
      <object_component id="oc-95">
         <name>.debug_info</name>
         <load_address>0xaf01</load_address>
         <run_address>0xaf01</run_address>
         <size>0x2d4</size>
         <input_file_ref idref="fl-ca"/>
      </object_component>
      <object_component id="oc-53">
         <name>.debug_info</name>
         <load_address>0xb1d5</load_address>
         <run_address>0xb1d5</run_address>
         <size>0x1b5</size>
         <input_file_ref idref="fl-ca"/>
      </object_component>
      <object_component id="oc-90">
         <name>.debug_info</name>
         <load_address>0xb38a</load_address>
         <run_address>0xb38a</run_address>
         <size>0x46</size>
         <input_file_ref idref="fl-ca"/>
      </object_component>
      <object_component id="oc-d2">
         <name>.debug_info</name>
         <load_address>0xb3d0</load_address>
         <run_address>0xb3d0</run_address>
         <size>0x2c</size>
         <input_file_ref idref="fl-ca"/>
      </object_component>
      <object_component id="oc-49">
         <name>.debug_info</name>
         <load_address>0xb3fc</load_address>
         <run_address>0xb3fc</run_address>
         <size>0x2a8</size>
         <input_file_ref idref="fl-cb"/>
      </object_component>
      <object_component id="oc-1f">
         <name>.debug_info</name>
         <load_address>0xb6a4</load_address>
         <run_address>0xb6a4</run_address>
         <size>0x1ea</size>
         <input_file_ref idref="fl-cb"/>
      </object_component>
      <object_component id="oc-44">
         <name>.debug_info</name>
         <load_address>0xb88e</load_address>
         <run_address>0xb88e</run_address>
         <size>0x46</size>
         <input_file_ref idref="fl-cb"/>
      </object_component>
      <object_component id="oc-88">
         <name>.debug_info</name>
         <load_address>0xb8d4</load_address>
         <run_address>0xb8d4</run_address>
         <size>0x2c</size>
         <input_file_ref idref="fl-cb"/>
      </object_component>
      <object_component id="oc-86">
         <name>.debug_info</name>
         <load_address>0xb900</load_address>
         <run_address>0xb900</run_address>
         <size>0x29e</size>
         <input_file_ref idref="fl-cc"/>
      </object_component>
      <object_component id="oc-16">
         <name>.debug_info</name>
         <load_address>0xbb9e</load_address>
         <run_address>0xbb9e</run_address>
         <size>0x250</size>
         <input_file_ref idref="fl-cc"/>
      </object_component>
      <object_component id="oc-34">
         <name>.debug_info</name>
         <load_address>0xbdee</load_address>
         <run_address>0xbdee</run_address>
         <size>0x60</size>
         <input_file_ref idref="fl-cc"/>
      </object_component>
      <object_component id="oc-cb">
         <name>.debug_info</name>
         <load_address>0xbe4e</load_address>
         <run_address>0xbe4e</run_address>
         <size>0x46</size>
         <input_file_ref idref="fl-cc"/>
      </object_component>
      <object_component id="oc-81">
         <name>.debug_info</name>
         <load_address>0xbe94</load_address>
         <run_address>0xbe94</run_address>
         <size>0x39</size>
         <input_file_ref idref="fl-cc"/>
      </object_component>
      <object_component id="oc-70">
         <name>.debug_info</name>
         <load_address>0xbecd</load_address>
         <run_address>0xbecd</run_address>
         <size>0x3b2</size>
         <input_file_ref idref="fl-cd"/>
      </object_component>
      <object_component id="oc-25">
         <name>.debug_info</name>
         <load_address>0xc27f</load_address>
         <run_address>0xc27f</run_address>
         <size>0x10c</size>
         <input_file_ref idref="fl-cd"/>
      </object_component>
      <object_component id="oc-378">
         <name>.debug_info</name>
         <load_address>0xc38b</load_address>
         <run_address>0xc38b</run_address>
         <size>0x13f</size>
         <input_file_ref idref="fl-cd"/>
      </object_component>
      <object_component id="oc-28d">
         <name>.debug_info</name>
         <load_address>0xc4ca</load_address>
         <run_address>0xc4ca</run_address>
         <size>0x168</size>
         <input_file_ref idref="fl-cd"/>
      </object_component>
      <object_component id="oc-294">
         <name>.debug_info</name>
         <load_address>0xc632</load_address>
         <run_address>0xc632</run_address>
         <size>0x18e</size>
         <input_file_ref idref="fl-cd"/>
      </object_component>
      <object_component id="oc-29b">
         <name>.debug_info</name>
         <load_address>0xc7c0</load_address>
         <run_address>0xc7c0</run_address>
         <size>0x19f</size>
         <input_file_ref idref="fl-cd"/>
      </object_component>
      <object_component id="oc-1b8">
         <name>.debug_info</name>
         <load_address>0xc95f</load_address>
         <run_address>0xc95f</run_address>
         <size>0x203</size>
         <input_file_ref idref="fl-cd"/>
      </object_component>
      <object_component id="oc-3d3">
         <name>.debug_info</name>
         <load_address>0xcb62</load_address>
         <run_address>0xcb62</run_address>
         <size>0x1db</size>
         <input_file_ref idref="fl-cd"/>
      </object_component>
      <object_component id="oc-1b2">
         <name>.debug_info</name>
         <load_address>0xcd3d</load_address>
         <run_address>0xcd3d</run_address>
         <size>0x1a5</size>
         <input_file_ref idref="fl-cd"/>
      </object_component>
      <object_component id="oc-374">
         <name>.debug_info</name>
         <load_address>0xcee2</load_address>
         <run_address>0xcee2</run_address>
         <size>0x299</size>
         <input_file_ref idref="fl-cd"/>
      </object_component>
      <object_component id="oc-bb">
         <name>.debug_info</name>
         <load_address>0xd17b</load_address>
         <run_address>0xd17b</run_address>
         <size>0xb2</size>
         <input_file_ref idref="fl-cd"/>
      </object_component>
      <object_component id="oc-b6">
         <name>.debug_info</name>
         <load_address>0xd22d</load_address>
         <run_address>0xd22d</run_address>
         <size>0x2c</size>
         <input_file_ref idref="fl-cd"/>
      </object_component>
      <object_component id="oc-28">
         <name>.debug_info</name>
         <load_address>0xd259</load_address>
         <run_address>0xd259</run_address>
         <size>0x10b</size>
         <input_file_ref idref="fl-ce"/>
      </object_component>
      <object_component id="oc-60">
         <name>.debug_info</name>
         <load_address>0xd364</load_address>
         <run_address>0xd364</run_address>
         <size>0x1a9</size>
         <input_file_ref idref="fl-ce"/>
      </object_component>
      <object_component id="oc-31e">
         <name>.debug_info</name>
         <load_address>0xd50d</load_address>
         <run_address>0xd50d</run_address>
         <size>0x115</size>
         <input_file_ref idref="fl-cf"/>
      </object_component>
      <object_component id="oc-3f">
         <name>.debug_info</name>
         <load_address>0xd622</load_address>
         <run_address>0xd622</run_address>
         <size>0x119</size>
         <input_file_ref idref="fl-d0"/>
      </object_component>
      <object_component id="oc-97">
         <name>.debug_info</name>
         <load_address>0xd73b</load_address>
         <run_address>0xd73b</run_address>
         <size>0x147</size>
         <input_file_ref idref="fl-d1"/>
      </object_component>
      <object_component id="oc-273">
         <name>.debug_info</name>
         <load_address>0xd882</load_address>
         <run_address>0xd882</run_address>
         <size>0x4b3</size>
         <input_file_ref idref="fl-d2"/>
      </object_component>
      <object_component id="oc-17b">
         <name>.debug_info</name>
         <load_address>0xdd35</load_address>
         <run_address>0xdd35</run_address>
         <size>0x1a6</size>
         <input_file_ref idref="fl-d2"/>
      </object_component>
      <object_component id="oc-35f">
         <name>.debug_info</name>
         <load_address>0xdedb</load_address>
         <run_address>0xdedb</run_address>
         <size>0x39</size>
         <input_file_ref idref="fl-d2"/>
      </object_component>
      <object_component id="oc-3c3">
         <name>.debug_info</name>
         <load_address>0xdf14</load_address>
         <run_address>0xdf14</run_address>
         <size>0x39</size>
         <input_file_ref idref="fl-d2"/>
      </object_component>
      <object_component id="oc-364">
         <name>.debug_info</name>
         <load_address>0xdf4d</load_address>
         <run_address>0xdf4d</run_address>
         <size>0x39</size>
         <input_file_ref idref="fl-d2"/>
      </object_component>
      <object_component id="oc-369">
         <name>.debug_info</name>
         <load_address>0xdf86</load_address>
         <run_address>0xdf86</run_address>
         <size>0xcd</size>
         <input_file_ref idref="fl-d2"/>
      </object_component>
      <object_component id="oc-a0">
         <name>.debug_info</name>
         <load_address>0xe053</load_address>
         <run_address>0xe053</run_address>
         <size>0x153</size>
         <input_file_ref idref="fl-d3"/>
      </object_component>
      <object_component id="oc-16d">
         <name>.debug_info</name>
         <load_address>0xe1a6</load_address>
         <run_address>0xe1a6</run_address>
         <size>0x122</size>
         <input_file_ref idref="fl-d5"/>
      </object_component>
      <object_component id="oc-359">
         <name>.debug_info</name>
         <load_address>0xe2c8</load_address>
         <run_address>0xe2c8</run_address>
         <size>0x2c9</size>
         <input_file_ref idref="fl-d6"/>
      </object_component>
      <object_component id="oc-26d">
         <name>.debug_info</name>
         <load_address>0xe591</load_address>
         <run_address>0xe591</run_address>
         <size>0x11e</size>
         <input_file_ref idref="fl-d6"/>
      </object_component>
      <object_component id="oc-352">
         <name>.debug_info</name>
         <load_address>0xe6af</load_address>
         <run_address>0xe6af</run_address>
         <size>0x12e</size>
         <input_file_ref idref="fl-d6"/>
      </object_component>
      <object_component id="oc-1ac">
         <name>.debug_info</name>
         <load_address>0xe7dd</load_address>
         <run_address>0xe7dd</run_address>
         <size>0x36b</size>
         <input_file_ref idref="fl-d8"/>
      </object_component>
      <object_component id="oc-101">
         <name>.debug_info</name>
         <load_address>0xeb48</load_address>
         <run_address>0xeb48</run_address>
         <size>0x29f</size>
         <input_file_ref idref="fl-d8"/>
      </object_component>
      <object_component id="oc-106">
         <name>.debug_info</name>
         <load_address>0xede7</load_address>
         <run_address>0xede7</run_address>
         <size>0x20c</size>
         <input_file_ref idref="fl-d8"/>
      </object_component>
      <object_component id="oc-e3">
         <name>.debug_info</name>
         <load_address>0xeff3</load_address>
         <run_address>0xeff3</run_address>
         <size>0x26b</size>
         <input_file_ref idref="fl-d8"/>
      </object_component>
      <object_component id="oc-fb">
         <name>.debug_info</name>
         <load_address>0xf25e</load_address>
         <run_address>0xf25e</run_address>
         <size>0x292</size>
         <input_file_ref idref="fl-d8"/>
      </object_component>
      <object_component id="oc-dc">
         <name>.debug_info</name>
         <load_address>0xf4f0</load_address>
         <run_address>0xf4f0</run_address>
         <size>0x210</size>
         <input_file_ref idref="fl-d8"/>
      </object_component>
      <object_component id="oc-1c3">
         <name>.debug_info</name>
         <load_address>0xf700</load_address>
         <run_address>0xf700</run_address>
         <size>0x22b</size>
         <input_file_ref idref="fl-d8"/>
      </object_component>
      <object_component id="oc-10c">
         <name>.debug_info</name>
         <load_address>0xf92b</load_address>
         <run_address>0xf92b</run_address>
         <size>0x24b</size>
         <input_file_ref idref="fl-d8"/>
      </object_component>
      <object_component id="oc-112">
         <name>.debug_info</name>
         <load_address>0xfb76</load_address>
         <run_address>0xfb76</run_address>
         <size>0x202</size>
         <input_file_ref idref="fl-d8"/>
      </object_component>
      <object_component id="oc-ee">
         <name>.debug_info</name>
         <load_address>0xfd78</load_address>
         <run_address>0xfd78</run_address>
         <size>0x200</size>
         <input_file_ref idref="fl-d8"/>
      </object_component>
      <object_component id="oc-32f">
         <name>.debug_info</name>
         <load_address>0xff78</load_address>
         <run_address>0xff78</run_address>
         <size>0x395</size>
         <input_file_ref idref="fl-d9"/>
      </object_component>
      <object_component id="oc-3b9">
         <name>.debug_info</name>
         <load_address>0x1030d</load_address>
         <run_address>0x1030d</run_address>
         <size>0x121</size>
         <input_file_ref idref="fl-d9"/>
      </object_component>
      <object_component id="oc-3bc">
         <name>.debug_info</name>
         <load_address>0x1042e</load_address>
         <run_address>0x1042e</run_address>
         <size>0x123</size>
         <input_file_ref idref="fl-d9"/>
      </object_component>
      <object_component id="oc-3a3">
         <name>.debug_info</name>
         <load_address>0x10551</load_address>
         <run_address>0x10551</run_address>
         <size>0x115</size>
         <input_file_ref idref="fl-d9"/>
      </object_component>
      <object_component id="oc-2f3">
         <name>.debug_info</name>
         <load_address>0x10666</load_address>
         <run_address>0x10666</run_address>
         <size>0x20f</size>
         <input_file_ref idref="fl-d9"/>
      </object_component>
      <object_component id="oc-340">
         <name>.debug_info</name>
         <load_address>0x10875</load_address>
         <run_address>0x10875</run_address>
         <size>0x21f</size>
         <input_file_ref idref="fl-d9"/>
      </object_component>
      <object_component id="oc-21e">
         <name>.debug_info</name>
         <load_address>0x10a94</load_address>
         <run_address>0x10a94</run_address>
         <size>0x282</size>
         <input_file_ref idref="fl-d9"/>
      </object_component>
      <object_component id="oc-2d5">
         <name>.debug_info</name>
         <load_address>0x10d16</load_address>
         <run_address>0x10d16</run_address>
         <size>0x1fc</size>
         <input_file_ref idref="fl-d9"/>
      </object_component>
      <object_component id="oc-2f9">
         <name>.debug_info</name>
         <load_address>0x10f12</load_address>
         <run_address>0x10f12</run_address>
         <size>0x223</size>
         <input_file_ref idref="fl-d9"/>
      </object_component>
      <object_component id="oc-23d">
         <name>.debug_info</name>
         <load_address>0x11135</load_address>
         <run_address>0x11135</run_address>
         <size>0x208</size>
         <input_file_ref idref="fl-d9"/>
      </object_component>
      <object_component id="oc-212">
         <name>.debug_info</name>
         <load_address>0x1133d</load_address>
         <run_address>0x1133d</run_address>
         <size>0x1e7</size>
         <input_file_ref idref="fl-d9"/>
      </object_component>
      <object_component id="oc-2db">
         <name>.debug_info</name>
         <load_address>0x11524</load_address>
         <run_address>0x11524</run_address>
         <size>0x1ec</size>
         <input_file_ref idref="fl-d9"/>
      </object_component>
      <object_component id="oc-333">
         <name>.debug_info</name>
         <load_address>0x11710</load_address>
         <run_address>0x11710</run_address>
         <size>0x204</size>
         <input_file_ref idref="fl-d9"/>
      </object_component>
      <object_component id="oc-22a">
         <name>.debug_info</name>
         <load_address>0x11914</load_address>
         <run_address>0x11914</run_address>
         <size>0x227</size>
         <input_file_ref idref="fl-d9"/>
      </object_component>
      <object_component id="oc-224">
         <name>.debug_info</name>
         <load_address>0x11b3b</load_address>
         <run_address>0x11b3b</run_address>
         <size>0x23b</size>
         <input_file_ref idref="fl-d9"/>
      </object_component>
      <object_component id="oc-230">
         <name>.debug_info</name>
         <load_address>0x11d76</load_address>
         <run_address>0x11d76</run_address>
         <size>0x1fb</size>
         <input_file_ref idref="fl-d9"/>
      </object_component>
      <object_component id="oc-218">
         <name>.debug_info</name>
         <load_address>0x11f71</load_address>
         <run_address>0x11f71</run_address>
         <size>0x1f9</size>
         <input_file_ref idref="fl-d9"/>
      </object_component>
      <object_component id="oc-2b0">
         <name>.debug_info</name>
         <load_address>0x1216a</load_address>
         <run_address>0x1216a</run_address>
         <size>0x368</size>
         <input_file_ref idref="fl-da"/>
      </object_component>
      <object_component id="oc-2b2">
         <name>.debug_info</name>
         <load_address>0x124d2</load_address>
         <run_address>0x124d2</run_address>
         <size>0x10c</size>
         <input_file_ref idref="fl-da"/>
      </object_component>
      <object_component id="oc-2ad">
         <name>.debug_info</name>
         <load_address>0x125de</load_address>
         <run_address>0x125de</run_address>
         <size>0x111</size>
         <input_file_ref idref="fl-da"/>
      </object_component>
      <object_component id="oc-1c9">
         <name>.debug_info</name>
         <load_address>0x126ef</load_address>
         <run_address>0x126ef</run_address>
         <size>0x22d</size>
         <input_file_ref idref="fl-da"/>
      </object_component>
      <object_component id="oc-15a">
         <name>.debug_info</name>
         <load_address>0x1291c</load_address>
         <run_address>0x1291c</run_address>
         <size>0x1aa</size>
         <input_file_ref idref="fl-da"/>
      </object_component>
      <object_component id="oc-1d1">
         <name>.debug_info</name>
         <load_address>0x12ac6</load_address>
         <run_address>0x12ac6</run_address>
         <size>0x1d4</size>
         <input_file_ref idref="fl-da"/>
      </object_component>
      <object_component id="oc-3a7">
         <name>.debug_info</name>
         <load_address>0x12c9a</load_address>
         <run_address>0x12c9a</run_address>
         <size>0x371</size>
         <input_file_ref idref="fl-db"/>
      </object_component>
      <object_component id="oc-2ee">
         <name>.debug_info</name>
         <load_address>0x1300b</load_address>
         <run_address>0x1300b</run_address>
         <size>0x1ae</size>
         <input_file_ref idref="fl-db"/>
      </object_component>
      <object_component id="oc-306">
         <name>.debug_info</name>
         <load_address>0x131b9</load_address>
         <run_address>0x131b9</run_address>
         <size>0x1e2</size>
         <input_file_ref idref="fl-db"/>
      </object_component>
      <object_component id="oc-30b">
         <name>.debug_info</name>
         <load_address>0x1339b</load_address>
         <run_address>0x1339b</run_address>
         <size>0x1e6</size>
         <input_file_ref idref="fl-db"/>
      </object_component>
      <object_component id="oc-2e7">
         <name>.debug_info</name>
         <load_address>0x13581</load_address>
         <run_address>0x13581</run_address>
         <size>0x345</size>
         <input_file_ref idref="fl-db"/>
      </object_component>
      <object_component id="oc-2e1">
         <name>.debug_info</name>
         <load_address>0x138c6</load_address>
         <run_address>0x138c6</run_address>
         <size>0x1f8</size>
         <input_file_ref idref="fl-db"/>
      </object_component>
      <object_component id="oc-2ff">
         <name>.debug_info</name>
         <load_address>0x13abe</load_address>
         <run_address>0x13abe</run_address>
         <size>0x1ae</size>
         <input_file_ref idref="fl-db"/>
      </object_component>
      <object_component id="oc-1be">
         <name>.debug_info</name>
         <load_address>0x13c6c</load_address>
         <run_address>0x13c6c</run_address>
         <size>0x3f2</size>
         <input_file_ref idref="fl-dc"/>
      </object_component>
      <object_component id="oc-1dd">
         <name>.debug_info</name>
         <load_address>0x1405e</load_address>
         <run_address>0x1405e</run_address>
         <size>0x107</size>
         <input_file_ref idref="fl-dc"/>
      </object_component>
      <object_component id="oc-148">
         <name>.debug_info</name>
         <load_address>0x14165</load_address>
         <run_address>0x14165</run_address>
         <size>0x201</size>
         <input_file_ref idref="fl-dc"/>
      </object_component>
      <object_component id="oc-f4">
         <name>.debug_info</name>
         <load_address>0x14366</load_address>
         <run_address>0x14366</run_address>
         <size>0x1e9</size>
         <input_file_ref idref="fl-dc"/>
      </object_component>
      <object_component id="oc-118">
         <name>.debug_info</name>
         <load_address>0x1454f</load_address>
         <run_address>0x1454f</run_address>
         <size>0x247</size>
         <input_file_ref idref="fl-dc"/>
      </object_component>
      <object_component id="oc-11e">
         <name>.debug_info</name>
         <load_address>0x14796</load_address>
         <run_address>0x14796</run_address>
         <size>0x221</size>
         <input_file_ref idref="fl-dc"/>
      </object_component>
      <object_component id="oc-2a7">
         <name>.debug_info</name>
         <load_address>0x149b7</load_address>
         <run_address>0x149b7</run_address>
         <size>0x51</size>
         <input_file_ref idref="fl-dc"/>
      </object_component>
      <object_component id="oc-1e1">
         <name>.debug_info</name>
         <load_address>0x14a08</load_address>
         <run_address>0x14a08</run_address>
         <size>0x2f7</size>
         <input_file_ref idref="fl-dd"/>
      </object_component>
      <object_component id="oc-124">
         <name>.debug_info</name>
         <load_address>0x14cff</load_address>
         <run_address>0x14cff</run_address>
         <size>0x1cd</size>
         <input_file_ref idref="fl-dd"/>
      </object_component>
      <object_component id="oc-12a">
         <name>.debug_info</name>
         <load_address>0x14ecc</load_address>
         <run_address>0x14ecc</run_address>
         <size>0x1e3</size>
         <input_file_ref idref="fl-dd"/>
      </object_component>
      <object_component id="oc-130">
         <name>.debug_info</name>
         <load_address>0x150af</load_address>
         <run_address>0x150af</run_address>
         <size>0x193</size>
         <input_file_ref idref="fl-dd"/>
      </object_component>
      <object_component id="oc-136">
         <name>.debug_info</name>
         <load_address>0x15242</load_address>
         <run_address>0x15242</run_address>
         <size>0x18d</size>
         <input_file_ref idref="fl-dd"/>
      </object_component>
      <object_component id="oc-3db">
         <name>.debug_info</name>
         <load_address>0x153cf</load_address>
         <run_address>0x153cf</run_address>
         <size>0x378</size>
         <input_file_ref idref="fl-de"/>
      </object_component>
      <object_component id="oc-39b">
         <name>.debug_info</name>
         <load_address>0x15747</load_address>
         <run_address>0x15747</run_address>
         <size>0x1f6</size>
         <input_file_ref idref="fl-de"/>
      </object_component>
      <object_component id="oc-395">
         <name>.debug_info</name>
         <load_address>0x1593d</load_address>
         <run_address>0x1593d</run_address>
         <size>0x1eb</size>
         <input_file_ref idref="fl-de"/>
      </object_component>
      <object_component id="oc-38f">
         <name>.debug_info</name>
         <load_address>0x15b28</load_address>
         <run_address>0x15b28</run_address>
         <size>0x1f8</size>
         <input_file_ref idref="fl-de"/>
      </object_component>
      <object_component id="oc-250">
         <name>.debug_info</name>
         <load_address>0x15d20</load_address>
         <run_address>0x15d20</run_address>
         <size>0x17e</size>
         <input_file_ref idref="fl-df"/>
      </object_component>
      <object_component id="oc-41e">
         <name>.debug_info</name>
         <load_address>0x15e9e</load_address>
         <run_address>0x15e9e</run_address>
         <size>0xa4</size>
      </object_component>
      <object_component id="oc-1aa">
         <name>.debug_line</name>
         <load_address>0x0</load_address>
         <run_address>0x0</run_address>
         <size>0x8e</size>
         <input_file_ref idref="fl-2"/>
      </object_component>
      <object_component id="oc-349">
         <name>.debug_line</name>
         <load_address>0x8e</load_address>
         <run_address>0x8e</run_address>
         <size>0x31</size>
         <input_file_ref idref="fl-2"/>
      </object_component>
      <object_component id="oc-34b">
         <name>.debug_line</name>
         <load_address>0xbf</load_address>
         <run_address>0xbf</run_address>
         <size>0x31</size>
         <input_file_ref idref="fl-2"/>
      </object_component>
      <object_component id="oc-34d">
         <name>.debug_line</name>
         <load_address>0xf0</load_address>
         <run_address>0xf0</run_address>
         <size>0x31</size>
         <input_file_ref idref="fl-2"/>
      </object_component>
      <object_component id="oc-347">
         <name>.debug_line</name>
         <load_address>0x121</load_address>
         <run_address>0x121</run_address>
         <size>0x31</size>
         <input_file_ref idref="fl-2"/>
      </object_component>
      <object_component id="oc-158">
         <name>.debug_line</name>
         <load_address>0x152</load_address>
         <run_address>0x152</run_address>
         <size>0xd8</size>
         <input_file_ref idref="fl-2"/>
      </object_component>
      <object_component id="oc-7a">
         <name>.debug_line</name>
         <load_address>0x22a</load_address>
[...]
         <name>OrbitOledDevInit</name>
         <value>0x1999</value>
         <object_component_ref idref="oc-1eb"/>
      </symbol>
      <symbol id="sm-2b5">
         <name>OrbitOledClearBuffer</name>
         <value>0x1a29</value>
         <object_component_ref idref="oc-1eb"/>
      </symbol>
      <symbol id="sm-2b6">
         <name>OrbitOledHostInit</name>
         <value>0x1855</value>
         <object_component_ref idref="oc-1eb"/>
      </symbol>
      <symbol id="sm-2b7">
         <name>OrbitOledInit</name>
         <value>0x1841</value>
         <object_component_ref idref="oc-1eb"/>
      </symbol>
      <symbol id="sm-2b8">
         <name>Ssi3PutByte</name>
         <value>0x1b19</value>
         <object_component_ref idref="oc-1eb"/>
      </symbol>
      <symbol id="sm-2eb">
         <name>xchOledCur</name>
         <value>0x200005c0</value>
      </symbol>
      <symbol id="sm-2ec">
         <name>ychOledCur</name>
         <value>0x200005cc</value>
      </symbol>
      <symbol id="sm-2ed">
         <name>xchOledMax</name>
         <value>0x200005c4</value>
      </symbol>
      <symbol id="sm-2ee">
         <name>ychOledMax</name>
         <value>0x200005d0</value>
      </symbol>
      <symbol id="sm-2ef">
         <name>rgbOledFontUser</name>
         <value>0x2000046c</value>
      </symbol>
      <symbol id="sm-2f0">
         <name>OrbitOledPutString</name>
         <value>0x2175</value>
         <object_component_ref idref="oc-1e5"/>
      </symbol>
      <symbol id="sm-2f1">
         <name>OrbitOledGetCharUpdate</name>
         <value>0x2151</value>
         <object_component_ref idref="oc-1e5"/>
      </symbol>
      <symbol id="sm-2f2">
         <name>OrbitOledSetCharUpdate</name>
         <value>0x2139</value>
         <object_component_ref idref="oc-1e5"/>
      </symbol>
      <symbol id="sm-2f3">
         <name>OrbitOledDrawGlyph</name>
         <value>0x21a1</value>
         <object_component_ref idref="oc-1e5"/>
      </symbol>
      <symbol id="sm-2f4">
         <name>OrbitOledDefUserChar</name>
         <value>0x20e9</value>
         <object_component_ref idref="oc-1e5"/>
      </symbol>
      <symbol id="sm-2f5">
         <name>OrbitOledGetCursor</name>
         <value>0x20cd</value>
         <object_component_ref idref="oc-1e5"/>
      </symbol>
      <symbol id="sm-2f6">
         <name>OrbitOledSetCursor</name>
         <value>0x2081</value>
         <object_component_ref idref="oc-1e5"/>
      </symbol>
      <symbol id="sm-2f7">
         <name>OrbitOledPutChar</name>
         <value>0x2157</value>
         <object_component_ref idref="oc-1e5"/>
      </symbol>
      <symbol id="sm-2f8">
         <name>OrbitOledAdvanceCursor</name>
         <value>0x2219</value>
         <object_component_ref idref="oc-1e5"/>
      </symbol>
      <symbol id="sm-395">
         <name>pfnDoRop</name>
         <value>0x200005bc</value>
      </symbol>
      <symbol id="sm-396">
         <name>modOledCur</name>
         <value>0x200005a8</value>
      </symbol>
      <symbol id="sm-397">
         <name>OrbitOledGetPixel</name>
         <value>0x1013</value>
         <object_component_ref idref="oc-2b9"/>
      </symbol>
      <symbol id="sm-398">
         <name>OrbitOledMoveUp</name>
         <value>0x1741</value>
         <object_component_ref idref="oc-2b9"/>
      </symbol>
      <symbol id="sm-399">
         <name>OrbitOledMoveTo</name>
         <value>0xef1</value>
         <object_component_ref idref="oc-2b9"/>
      </symbol>
      <symbol id="sm-39a">
         <name>OrbitOledGetDrawMode</name>
         <value>0xfe1</value>
         <object_component_ref idref="oc-2b9"/>
      </symbol>
      <symbol id="sm-39b">
         <name>OrbitOledDrawPixel</name>
         <value>0xfe7</value>
         <object_component_ref idref="oc-2b9"/>
      </symbol>
      <symbol id="sm-39c">
         <name>OrbitOledDrawString</name>
         <value>0x1683</value>
         <object_component_ref idref="oc-2b9"/>
      </symbol>
      <symbol id="sm-39d">
         <name>OrbitOledDrawChar</name>
         <value>0x1623</value>
         <object_component_ref idref="oc-2b9"/>
      </symbol>
      <symbol id="sm-39e">
         <name>OrbitOledMoveDown</name>
         <value>0x1779</value>
         <object_component_ref idref="oc-2b9"/>
      </symbol>
      <symbol id="sm-39f">
         <name>OrbitOledMoveRight</name>
         <value>0x17c7</value>
         <object_component_ref idref="oc-2b9"/>
      </symbol>
      <symbol id="sm-3a0">
         <name>OrbitOledFillRect</name>
         <value>0x11b1</value>
         <object_component_ref idref="oc-2b9"/>
      </symbol>
      <symbol id="sm-3a1">
         <name>OrbitOledLineTo</name>
         <value>0x102d</value>
         <object_component_ref idref="oc-2b9"/>
      </symbol>
      <symbol id="sm-3a2">
         <name>OrbitOledGetStdPattern</name>
         <value>0xf6b</value>
         <object_component_ref idref="oc-2b9"/>
      </symbol>
      <symbol id="sm-3a3">
         <name>OrbitOledSetDrawColor</name>
         <value>0xf53</value>
         <object_component_ref idref="oc-2b9"/>
      </symbol>
      <symbol id="sm-3a4">
         <name>OrbitOledDrawRect</name>
         <value>0x112d</value>
         <object_component_ref idref="oc-2b9"/>
      </symbol>
      <symbol id="sm-3a5">
         <name>OrbitOledClampYco</name>
         <value>0x1801</value>
         <object_component_ref idref="oc-2b9"/>
      </symbol>
      <symbol id="sm-3a6">
         <name>OrbitOledGetPos</name>
         <value>0xf37</value>
         <object_component_ref idref="oc-2b9"/>
      </symbol>
      <symbol id="sm-3a7">
         <name>OrbitOledRopSet</name>
         <value>0x16a1</value>
         <object_component_ref idref="oc-2b9"/>
      </symbol>
      <symbol id="sm-3a8">
         <name>OrbitOledRopXor</name>
         <value>0x1713</value>
         <object_component_ref idref="oc-2b9"/>
      </symbol>
      <symbol id="sm-3a9">
         <name>OrbitOledGetBmp</name>
         <value>0x12f5</value>
         <object_component_ref idref="oc-2b9"/>
      </symbol>
      <symbol id="sm-3aa">
         <name>OrbitOledMoveLeft</name>
         <value>0x17af</value>
         <object_component_ref idref="oc-2b9"/>
      </symbol>
      <symbol id="sm-3ab">
         <name>OrbitOledRopAnd</name>
         <value>0x16ef</value>
         <object_component_ref idref="oc-2b9"/>
      </symbol>
      <symbol id="sm-3ac">
         <name>OrbitOledPutBmp</name>
         <value>0x1455</value>
         <object_component_ref idref="oc-2b9"/>
      </symbol>
      <symbol id="sm-3ad">
         <name>OrbitOledSetDrawMode</name>
         <value>0xf8d</value>
         <object_component_ref idref="oc-2b9"/>
      </symbol>
      <symbol id="sm-3ae">
         <name>OrbitOledClampXco</name>
         <value>0x17e1</value>
         <object_component_ref idref="oc-2b9"/>
      </symbol>
      <symbol id="sm-3af">
         <name>OrbitOledSetFillPattern</name>
         <value>0xf7d</value>
         <object_component_ref idref="oc-2b9"/>
      </symbol>
      <symbol id="sm-3b0">
         <name>OrbitOledRopOr</name>
         <value>0x16cb</value>
         <object_component_ref idref="oc-2b9"/>
      </symbol>
      <symbol id="sm-3c2">
         <name>DelayMs</name>
         <value>0x2d47</value>
         <object_component_ref idref="oc-2ce"/>
      </symbol>
      <symbol id="sm-3c3">
         <name>DelayInit</name>
         <value>0x2d2d</value>
         <object_component_ref idref="oc-2ce"/>
      </symbol>
      <symbol id="sm-3d2">
         <name>__aeabi_uidivmod</name>
         <value>0x2fe5</value>
         <object_component_ref idref="oc-1f3"/>
      </symbol>
      <symbol id="sm-3d3">
         <name>__aeabi_uidiv</name>
         <value>0x2fe5</value>
         <object_component_ref idref="oc-1f3"/>
      </symbol>
      <symbol id="sm-3ea">
         <name>__TI_zero_init</name>
         <value>0x3317</value>
         <object_component_ref idref="oc-50"/>
      </symbol>
      <symbol id="sm-401">
         <name>__TI_decompress_none</name>
         <value>0x32e5</value>
         <object_component_ref idref="oc-1b"/>
      </symbol>
      <symbol id="sm-424">
         <name>__TI_decompress_lzss</name>
         <value>0x2c65</value>
         <object_component_ref idref="oc-15"/>
      </symbol>
      <symbol id="sm-4b9">
         <name>_sys_memory</name>
         <value>0x200007e0</value>
         <object_component_ref idref="oc-24"/>
      </symbol>
      <symbol id="sm-4ba">
         <name>free</name>
         <value>0x2861</value>
         <object_component_ref idref="oc-1b4"/>
      </symbol>
      <symbol id="sm-4bb">
         <name>memalign</name>
         <value>0x266d</value>
         <object_component_ref idref="oc-370"/>
      </symbol>
      <symbol id="sm-4bc">
         <name>calloc</name>
         <value>0x3061</value>
         <object_component_ref idref="oc-1ae"/>
      </symbol>
      <symbol id="sm-4bd">
         <name>malloc</name>
         <value>0x335f</value>
         <object_component_ref idref="oc-28a"/>
      </symbol>
      <symbol id="sm-4be">
         <name>aligned_alloc</name>
         <value>0x266d</value>
         <object_component_ref idref="oc-370"/>
      </symbol>
      <symbol id="sm-4d1">
         <name>__stack</name>
         <value>0x200005e0</value>
         <object_component_ref idref="oc-27"/>
      </symbol>
      <symbol id="sm-4d2">
         <name>_c_int00_noargs</name>
         <value>0x3101</value>
         <object_component_ref idref="oc-5c"/>
      </symbol>
      <symbol id="sm-4dc">
         <name>__aeabi_idiv0</name>
         <value>0x326f</value>
         <object_component_ref idref="oc-31d"/>
      </symbol>
      <symbol id="sm-4dd">
         <name>__aeabi_ldiv0</name>
         <value>0x326f</value>
         <object_component_ref idref="oc-31d"/>
      </symbol>
      <symbol id="sm-4f8">
         <name>memcpy</name>
         <value>0x29fd</value>
         <object_component_ref idref="oc-3e"/>
      </symbol>
      <symbol id="sm-4f9">
         <name>__aeabi_memcpy</name>
         <value>0x29fd</value>
         <object_component_ref idref="oc-3e"/>
      </symbol>
      <symbol id="sm-4fa">
         <name>__aeabi_memcpy8</name>
         <value>0x29fd</value>
         <object_component_ref idref="oc-3e"/>
      </symbol>
      <symbol id="sm-4fb">
         <name>__aeabi_memcpy4</name>
         <value>0x29fd</value>
         <object_component_ref idref="oc-3e"/>
      </symbol>
      <symbol id="sm-50a">
         <name>__aeabi_memset</name>
         <value>0x2b15</value>
         <object_component_ref idref="oc-96"/>
      </symbol>
      <symbol id="sm-50b">
         <name>memset</name>
         <value>0x2b1b</value>
         <object_component_ref idref="oc-96"/>
      </symbol>
      <symbol id="sm-50c">
         <name>__aeabi_memset8</name>
         <value>0x2b15</value>
         <object_component_ref idref="oc-96"/>
      </symbol>
      <symbol id="sm-50d">
         <name>__aeabi_memset4</name>
         <value>0x2b15</value>
         <object_component_ref idref="oc-96"/>
      </symbol>
      <symbol id="sm-50e">
         <name>__aeabi_memclr8</name>
         <value>0x2b13</value>
         <object_component_ref idref="oc-96"/>
      </symbol>
      <symbol id="sm-50f">
         <name>__aeabi_memclr4</name>
         <value>0x2b13</value>
         <object_component_ref idref="oc-96"/>
      </symbol>
      <symbol id="sm-510">
         <name>__aeabi_memclr</name>
         <value>0x2b13</value>
         <object_component_ref idref="oc-96"/>
      </symbol>
      <symbol id="sm-538">
         <name>__TI_auto_init_nobinit_nopinit</name>
         <value>0x2fa1</value>
         <object_component_ref idref="oc-177"/>
      </symbol>
      <symbol id="sm-542">
         <name>_system_pre_init</name>
         <value>0x3385</value>
         <object_component_ref idref="oc-9c"/>
      </symbol>
      <symbol id="sm-54e">
         <name>C$$EXIT</name>
         <value>0x3389</value>
         <object_component_ref idref="oc-16b"/>
      </symbol>
      <symbol id="sm-54f">
         <name>abort</name>
         <value>0x3389</value>
         <object_component_ref idref="oc-16b"/>
      </symbol>
      <symbol id="sm-564">
         <name>_nop</name>
         <value>0x31a7</value>
         <object_component_ref idref="oc-351"/>
      </symbol>
      <symbol id="sm-565">
         <name>_lock</name>
         <value>0x200008e0</value>
         <object_component_ref idref="oc-26c"/>
      </symbol>
      <symbol id="sm-566">
         <name>_unlock</name>
         <value>0x200008e4</value>
         <object_component_ref idref="oc-26c"/>
      </symbol>
      <symbol id="sm-5c5">
         <name>ADCProcessorTrigger</name>
         <value>0x3213</value>
         <object_component_ref idref="oc-db"/>
      </symbol>
      <symbol id="sm-5c6">
         <name>ADCSequenceEnable</name>
         <value>0x32c9</value>
         <object_component_ref idref="oc-105"/>
      </symbol>
      <symbol id="sm-5c7">
         <name>ADCSequenceConfigure</name>
         <value>0x2e81</value>
         <object_component_ref idref="oc-f9"/>
      </symbol>
      <symbol id="sm-5c8">
         <name>ADCIntEnable</name>
         <value>0x3299</value>
         <object_component_ref idref="oc-111"/>
      </symbol>
      <symbol id="sm-5c9">
         <name>ADCSequenceStepConfigure</name>
         <value>0x2a99</value>
         <object_component_ref idref="oc-ff"/>
      </symbol>
      <symbol id="sm-5ca">
         <name>ADCIntClear</name>
         <value>0x332f</value>
         <object_component_ref idref="oc-ed"/>
      </symbol>
      <symbol id="sm-5cb">
         <name>ADCIntRegister</name>
         <value>0x31fb</value>
         <object_component_ref idref="oc-10b"/>
      </symbol>
      <symbol id="sm-5cc">
         <name>ADCSequenceDataGet</name>
         <value>0x3189</value>
         <object_component_ref idref="oc-e1"/>
      </symbol>
      <symbol id="sm-665">
         <name>GPIOIntRegister</name>
         <value>0x322b</value>
         <object_component_ref idref="oc-223"/>
      </symbol>
      <symbol id="sm-666">
         <name>GPIOPinConfigure</name>
         <value>0x2ecd</value>
         <object_component_ref idref="oc-2da"/>
      </symbol>
      <symbol id="sm-667">
         <name>GPIOIntEnable</name>
         <value>0x32ff</value>
         <object_component_ref idref="oc-22f"/>
      </symbol>
      <symbol id="sm-668">
         <name>GPIOIntTypeSet</name>
         <value>0x2d89</value>
         <object_component_ref idref="oc-229"/>
      </symbol>
      <symbol id="sm-669">
         <name>GPIOPinTypeGPIOInput</name>
         <value>0x3243</value>
         <object_component_ref idref="oc-23c"/>
      </symbol>
      <symbol id="sm-66a">
         <name>GPIOIntClear</name>
         <value>0x3367</value>
         <object_component_ref idref="oc-217"/>
      </symbol>
      <symbol id="sm-66b">
         <name>GPIOPinTypeGPIOOutput</name>
         <value>0x31e1</value>
         <object_component_ref idref="oc-2f8"/>
      </symbol>
      <symbol id="sm-66c">
         <name>GPIOPinRead</name>
         <value>0x336d</value>
         <object_component_ref idref="oc-211"/>
      </symbol>
      <symbol id="sm-66d">
         <name>GPIODirModeSet</name>
         <value>0x3135</value>
         <object_component_ref idref="oc-33f"/>
      </symbol>
      <symbol id="sm-66e">
         <name>GPIOPinWrite</name>
         <value>0x3373</value>
         <object_component_ref idref="oc-2f2"/>
      </symbol>
      <symbol id="sm-66f">
         <name>GPIOPadConfigSet</name>
         <value>0x2285</value>
         <object_component_ref idref="oc-21d"/>
      </symbol>
      <symbol id="sm-670">
         <name>GPIOPinTypeSSI</name>
         <value>0x3259</value>
         <object_component_ref idref="oc-2d4"/>
      </symbol>
      <symbol id="sm-6aa">
         <name>IntEnable</name>
         <value>0x2bfd</value>
         <object_component_ref idref="oc-1ce"/>
      </symbol>
      <symbol id="sm-6ab">
         <name>IntRegister</name>
         <value>0x3099</value>
         <object_component_ref idref="oc-1c8"/>
      </symbol>
      <symbol id="sm-6ac">
         <name>g_pfnRAMVectors</name>
         <value>0x20000000</value>
         <object_component_ref idref="oc-2ac"/>
      </symbol>
      <symbol id="sm-6ad">
         <name>IntMasterEnable</name>
         <value>0x32a9</value>
         <object_component_ref idref="oc-159"/>
      </symbol>
      <symbol id="sm-6e5">
         <name>SSIDataPut</name>
         <value>0x3339</value>
         <object_component_ref idref="oc-304"/>
      </symbol>
      <symbol id="sm-6e6">
         <name>SSIDataGet</name>
         <value>0x330b</value>
         <object_component_ref idref="oc-30a"/>
      </symbol>
      <symbol id="sm-6e7">
         <name>SSIConfigSetExpClk</name>
         <value>0x3025</value>
         <object_component_ref idref="oc-2e6"/>
      </symbol>
      <symbol id="sm-6e8">
         <name>SSIEnable</name>
         <value>0x3343</value>
         <object_component_ref idref="oc-2ec"/>
      </symbol>
      <symbol id="sm-6e9">
         <name>SSIClockSourceSet</name>
         <value>0x3379</value>
         <object_component_ref idref="oc-2e0"/>
      </symbol>
      <symbol id="sm-6ea">
         <name>SSIBusy</name>
         <value>0x3357</value>
         <object_component_ref idref="oc-2fe"/>
      </symbol>
      <symbol id="sm-749">
         <name>SysCtlClockSet</name>
         <value>0x276d</value>
         <object_component_ref idref="oc-117"/>
      </symbol>
      <symbol id="sm-74a">
         <name>SysCtlDelay</name>
         <value>0x337f</value>
         <object_component_ref idref="oc-15f"/>
      </symbol>
      <symbol id="sm-74b">
         <name>SysCtlPeripheralEnable</name>
         <value>0x30cd</value>
         <object_component_ref idref="oc-f3"/>
      </symbol>
      <symbol id="sm-74c">
         <name>SysCtlClockGet</name>
         <value>0x2555</value>
         <object_component_ref idref="oc-11d"/>
      </symbol>
      <symbol id="sm-74d">
         <name>SysCtlPeripheralReset</name>
         <value>0x2de1</value>
         <object_component_ref idref="oc-147"/>
      </symbol>
      <symbol id="sm-77a">
         <name>SysTickEnable</name>
         <value>0x3271</value>
         <object_component_ref idref="oc-135"/>
      </symbol>
      <symbol id="sm-77b">
         <name>SysTickIntRegister</name>
         <value>0x31a9</value>
         <object_component_ref idref="oc-129"/>
      </symbol>
      <symbol id="sm-77c">
         <name>SysTickIntEnable</name>
         <value>0x3285</value>
         <object_component_ref idref="oc-12f"/>
      </symbol>
      <symbol id="sm-77d">
         <name>SysTickPeriodSet</name>
         <value>0x32b9</value>
         <object_component_ref idref="oc-123"/>
      </symbol>
      <symbol id="sm-7a1">
         <name>TimerEnable</name>
         <value>0x32d7</value>
         <object_component_ref idref="oc-394"/>
      </symbol>
      <symbol id="sm-7a2">
         <name>TimerValueGet</name>
         <value>0x334d</value>
         <object_component_ref idref="oc-39a"/>
      </symbol>
      <symbol id="sm-7a3">
         <name>TimerConfigure</name>
         <value>0x2ccd</value>
         <object_component_ref idref="oc-38e"/>
      </symbol>
      <symbol id="sm-7ad">
         <name>CPUcpsie</name>
         <value>0x32f3</value>
         <object_component_ref idref="oc-24f"/>
      </symbol>
      <symbol id="sm-7ae">
         <name>__TI_static_base__</name>
         <value>0x0</value>
      </symbol>
      <symbol id="sm-7b1">
         <name>__mpu_init</name>
         <value>0x0</value>
      </symbol>
      <symbol id="sm-7b2">
         <name>_system_post_cinit</name>
         <value>0x0</value>
      </symbol>
   </symbol_table>
   <title>Link successful</title>
</link_info>
