******************************************************************************
                  TI ARM Linker PC v20.2.7                     
******************************************************************************
>> Linked Thu Apr 25 13:32:30 2024

OUTPUT FILE NAME:   <Heli_Project.out>
ENTRY POINT SYMBOL: "_c_int00_noargs"  address: 000031dd


MEMORY CONFIGURATION

         name            origin    length      used     unused   attr    fill
----------------------  --------  ---------  --------  --------  ----  --------
  FLASH                 00000000   00040000  00003b00  0003c500  R  X
  SRAM                  20000000   00008000  000008f9  00007707  RW X


SEGMENT ALLOCATION MAP

run origin  load origin   length   init length attrs members
----------  ----------- ---------- ----------- ----- -------
00000000    00000000    00003b00   00003b00    r-x
  00000000    00000000    0000026c   0000026c    r-- .intvecs
  0000026c    0000026c    000031fc   000031fc    r-x .text
  00003468    00003468    00000648   00000648    r-- .const
  00003ab0    00003ab0    00000050   00000050    r-- .cinit
20000000    20000000    00000900   00000000    rw-
  20000000    20000000    0000026c   00000000    rw- .vtable
  2000026c    2000026c    0000036d   00000000    rw- .bss
  200005e0    200005e0    00000200   00000000    rw- .stack
  200007e0    200007e0    00000100   00000000    rw- .sysmem
  200008e0    200008e0    00000020   00000000    rw- .data


SECTION ALLOCATION MAP

 output                                  attributes/
section   page    origin      length       input sections
--------  ----  ----------  ----------   ----------------
.intvecs   0    00000000    0000026c     
                  00000000    0000026c     tm4c123gh6pm_startup_ccs.obj (.intvecs)

.text      0    0000026c    000031fc     
                  0000026c    00000c84     ustdlib.obj (.text)
                  00000ef0    00000950     OrbitOledGrph.obj (.text)
                  00001840    0000037c     OrbitOled.obj (.text)
                  00001bbc    0000034c     main.obj (.text)
                  00001f08    00000220     buttons4.obj (.text)
                  00002128    00000204     OrbitOledChar.obj (.text)
                  0000232c    00000198     yaw.obj (.text)
                  000024c4    0000016c     driverlib.lib : gpio.obj (.text:GPIOPadConfigSet)
                  00002630    00000118                   : sysctl.obj (.text:SysCtlClockGet)
                  00002748    00000100     rtsv7M4_T_le_v4SPD16_eabi.lib : memory.c.obj (.text:aligned_alloc)
                  00002848    000000f4     driverlib.lib : sysctl.obj (.text:SysCtlClockSet)
                  0000293c    000000e4     rtsv7M4_T_le_v4SPD16_eabi.lib : memory.c.obj (.text:free)
                  00002a20    000000b8     circBufT.obj (.text)
                  00002ad8    0000009c     rtsv7M4_T_le_v4SPD16_eabi.lib : memcpy_t2.asm.obj (.text)
                  00002b74    0000007a     driverlib.lib : adc.obj (.text:ADCSequenceStepConfigure)
                  00002bee    0000007a     rtsv7M4_T_le_v4SPD16_eabi.lib : memset_t2.asm.obj (.text)
                  00002c68    00000070                                   : memory.c.obj (.text:split)
                  00002cd8    00000068     driverlib.lib : interrupt.obj (.text:IntEnable)
                  00002d40    00000068     rtsv7M4_T_le_v4SPD16_eabi.lib : copy_decompress_lzss.c.obj (.text:decompress:lzss:__TI_decompress_lzss)
                  00002da8    00000060     driverlib.lib : timer.obj (.text:TimerConfigure)
                  00002e08    0000005c     delay.obj (.text)
                  00002e64    00000058     driverlib.lib : gpio.obj (.text:GPIOIntTypeSet)
                  00002ebc    00000050                   : sysctl.obj (.text:SysCtlPeripheralReset)
                  00002f0c    00000050                   : adc.obj (.text:_ADCIntNumberGet)
                  00002f5c    0000004c                   : adc.obj (.text:ADCSequenceConfigure)
                  00002fa8    0000004c                   : gpio.obj (.text:GPIOPinConfigure)
                  00002ff4    00000044     OrbitOLEDInterface.obj (.text)
                  00003038    00000044     driverlib.lib : gpio.obj (.text:_GPIOIntNumberGet)
                  0000307c    00000044     rtsv7M4_T_le_v4SPD16_eabi.lib : autoinit.c.obj (.text:__TI_auto_init_nobinit_nopinit:__TI_auto_init_nobinit_nopinit)
                  000030c0    00000040                                   : u_divt2.asm.obj (.text)
                  00003100    0000003c     driverlib.lib : ssi.obj (.text:SSIConfigSetExpClk)
                  0000313c    00000038     rtsv7M4_T_le_v4SPD16_eabi.lib : memory.c.obj (.text:calloc)
                  00003174    00000034     driverlib.lib : interrupt.obj (.text:IntRegister)
                  000031a8    00000034                   : sysctl.obj (.text:SysCtlPeripheralEnable)
                  000031dc    00000034     rtsv7M4_T_le_v4SPD16_eabi.lib : boot_cortex_m.c.obj (.text:_c_int00_noargs:_c_int00_noargs)
                  00003210    0000002c     driverlib.lib : gpio.obj (.text:GPIODirModeSet)
                  0000323c    00000028     rtsv7M4_T_le_v4SPD16_eabi.lib : memory.c.obj (.text:free_list_insert)
                  00003264    0000001e     driverlib.lib : adc.obj (.text:ADCSequenceDataGet)
                  00003282    00000002     rtsv7M4_T_le_v4SPD16_eabi.lib : _lock.c.obj (.text:_nop)
                  00003284    0000001c     driverlib.lib : systick.obj (.text:SysTickIntRegister)
                  000032a0    0000001c     rtsv7M4_T_le_v4SPD16_eabi.lib : memory.c.obj (.text:free_list_remove)
                  000032bc    0000001a     driverlib.lib : gpio.obj (.text:GPIOPinTypeGPIOOutput)
                  000032d6    00000018                   : adc.obj (.text:ADCIntRegister)
                  000032ee    00000018                   : adc.obj (.text:ADCProcessorTrigger)
                  00003306    00000018                   : gpio.obj (.text:GPIOIntRegister)
                  0000331e    00000016                   : gpio.obj (.text:GPIOPinTypeGPIOInput)
                  00003334    00000016                   : gpio.obj (.text:GPIOPinTypeSSI)
                  0000334a    00000002     rtsv7M4_T_le_v4SPD16_eabi.lib : div0.asm.obj (.text)
                  0000334c    00000014     driverlib.lib : systick.obj (.text:SysTickEnable)
                  00003360    00000014                   : systick.obj (.text:SysTickIntEnable)
                  00003374    00000010                   : adc.obj (.text:ADCIntEnable)
                  00003384    00000010                   : interrupt.obj (.text:IntMasterEnable)
                  00003394    00000010                   : systick.obj (.text:SysTickPeriodSet)
                  000033a4    0000000e                   : adc.obj (.text:ADCSequenceEnable)
                  000033b2    0000000e                   : timer.obj (.text:TimerEnable)
                  000033c0    0000000e     rtsv7M4_T_le_v4SPD16_eabi.lib : copy_decompress_none.c.obj (.text:decompress:none:__TI_decompress_none)
                  000033ce    0000000c     driverlib.lib : cpu.obj (.text:CPUcpsie)
                  000033da    0000000c                   : gpio.obj (.text:GPIOIntEnable)
                  000033e6    0000000c                   : ssi.obj (.text:SSIDataGet)
                  000033f2    0000000c     rtsv7M4_T_le_v4SPD16_eabi.lib : copy_zero_init.c.obj (.text:decompress:ZI:__TI_zero_init)
                  000033fe    0000000c     tm4c123gh6pm_startup_ccs.obj (.text)
                  0000340a    0000000a     driverlib.lib : adc.obj (.text:ADCIntClear)
                  00003414    0000000a                   : ssi.obj (.text:SSIDataPut)
                  0000341e    0000000a                   : ssi.obj (.text:SSIEnable)
                  00003428    0000000a                   : timer.obj (.text:TimerValueGet)
                  00003432    00000008                   : ssi.obj (.text:SSIBusy)
                  0000343a    00000008     rtsv7M4_T_le_v4SPD16_eabi.lib : memory.c.obj (.text:malloc)
                  00003442    00000006     driverlib.lib : gpio.obj (.text:GPIOIntClear)
                  00003448    00000006                   : gpio.obj (.text:GPIOPinRead)
                  0000344e    00000006                   : gpio.obj (.text:GPIOPinWrite)
                  00003454    00000006                   : ssi.obj (.text:SSIClockSourceSet)
                  0000345a    00000006                   : sysctl.obj (.text:SysCtlDelay)
                  00003460    00000004     rtsv7M4_T_le_v4SPD16_eabi.lib : pre_init.c.obj (.text:_system_pre_init)
                  00003464    00000004                                   : exit.c.obj (.text:abort:abort)

.const     0    00003468    00000648     
                  00003468    00000300     ChrFont0.obj (.const:.string:rgbOledFont0)
                  00003768    000000d8     driverlib.lib : gpio.obj (.const:g_ppui32GPIOIntMapSnowflake)
                  00003840    000000c0                   : gpio.obj (.const:g_ppui32GPIOIntMapBlizzard)
                  00003900    00000090                   : gpio.obj (.const:g_pui32GPIOBaseAddrs)
                  00003990    0000006c                   : sysctl.obj (.const:g_pui32Xtals)
                  000039fc    00000040     FillPat.obj (.const:.string:rgbFillPat)
                  00003a3c    00000030     ustdlib.obj (.const:g_psDaysToMonth)
                  00003a6c    00000018     ustdlib.obj (.const:g_pfExponents)
                  00003a84    00000014     driverlib.lib : interrupt.obj (.const:g_pui32EnRegs)
                  00003a98    00000012     ustdlib.obj (.const:.string)
                  00003aaa    00000002     --HOLE-- [fill = 0]
                  00003aac    00000004     ustdlib.obj (.const)

.cinit     0    00003ab0    00000050     
                  00003ab0    0000001c     (.cinit..data.load) [load image, compression = lzss]
                  00003acc    0000000c     (__TI_handler_table)
                  00003ad8    00000008     (.cinit..bss.load) [load image, compression = zero_init]
                  00003ae0    00000008     (.cinit..vtable.load) [load image, compression = zero_init]
                  00003ae8    00000018     (__TI_cinit_table)

.init_array 
*          0    00000000    00000000     UNINITIALIZED

.vtable    0    20000000    0000026c     UNINITIALIZED
                  20000000    0000026c     driverlib.lib : interrupt.obj (.vtable)

.bss       0    2000026c    0000036d     UNINITIALIZED
                  2000026c    00000200     (.common:rgbOledBmp)
                  2000046c    00000100     (.common:rgbOledFontUser)
                  2000056c    00000010     main.obj (.bss:g_inBuffer)
                  2000057c    00000008     yaw.obj (.bss)
                  20000584    00000004     buttons4.obj (.bss:but_count)
                  20000588    00000004     buttons4.obj (.bss:but_flag)
                  2000058c    00000004     buttons4.obj (.bss:but_normal)
                  20000590    00000004     buttons4.obj (.bss:but_state)
                  20000594    00000004     main.obj (.bss)
                  20000598    00000004     (.common:bnOledCur)
                  2000059c    00000004     (.common:dxcoOledFontCur)
                  200005a0    00000004     (.common:dycoOledFontCur)
                  200005a4    00000004     (.common:fOledCharUpdate)
                  200005a8    00000004     (.common:modOledCur)
                  200005ac    00000004     (.common:pbOledCur)
                  200005b0    00000004     (.common:pbOledFontCur)
                  200005b4    00000004     (.common:pbOledFontUser)
                  200005b8    00000004     (.common:pbOledPatCur)
                  200005bc    00000004     (.common:pfnDoRop)
                  200005c0    00000004     (.common:xchOledCur)
                  200005c4    00000004     (.common:xchOledMax)
                  200005c8    00000004     (.common:xcoOledCur)
                  200005cc    00000004     (.common:ychOledCur)
                  200005d0    00000004     (.common:ychOledMax)
                  200005d4    00000004     (.common:ycoOledCur)
                  200005d8    00000001     (.common:clrOledCur)

.stack     0    200005e0    00000200     UNINITIALIZED
                  200005e0    00000004     rtsv7M4_T_le_v4SPD16_eabi.lib : boot_cortex_m.c.obj (.stack)
                  200005e4    000001fc     --HOLE--

.sysmem    0    200007e0    00000100     UNINITIALIZED
                  200007e0    00000010     rtsv7M4_T_le_v4SPD16_eabi.lib : memory.c.obj (.sysmem)
                  200007f0    000000f0     --HOLE--

.data      0    200008e0    00000020     UNINITIALIZED
                  200008e0    00000008     rtsv7M4_T_le_v4SPD16_eabi.lib : _lock.c.obj (.data:$O1$$)
                  200008e8    00000008                                   : memory.c.obj (.data:$O1$$)
                  200008f0    00000008     yaw.obj (.data)
                  200008f8    00000004     main.obj (.data)
                  200008fc    00000004     ustdlib.obj (.data)

__llvm_prf_cnts 
*          0    20000000    00000000     UNINITIALIZED

MODULE SUMMARY

       Module                         code    ro data   rw data
       ------                         ----    -------   -------
    .\
       ustdlib.obj                    3204    94        4      
       main.obj                       844     0         24     
       tm4c123gh6pm_startup_ccs.obj   12      620       0      
       buttons4.obj                   544     0         16     
       yaw.obj                        408     0         16     
       circBufT.obj                   184     0         0      
    +--+------------------------------+-------+---------+---------+
       Total:                         5196    714       60     
                                                               
    .\OrbitOLED\
       OrbitOLEDInterface.obj         68      0         0      
    +--+------------------------------+-------+---------+---------+
       Total:                         68      0         0      
                                                               
    .\OrbitOLED\lib_OrbitOled\
       OrbitOledGrph.obj              2384    0         8      
       OrbitOled.obj                  892     0         553    
       OrbitOledChar.obj              516     0         272    
       ChrFont0.obj                   0       768       0      
       delay.obj                      92      0         0      
       FillPat.obj                    0       64        0      
    +--+------------------------------+-------+---------+---------+
       Total:                         3884    832       833    
                                                               
    C:/ti/TivaWare_C_Series-2.2.0.295/driverlib/ccs/Debug/driverlib.lib
       gpio.obj                       764     552       0      
       interrupt.obj                  172     20        620    
       sysctl.obj                     662     108       0      
       adc.obj                        396     0         0      
       timer.obj                      120     0         0      
       ssi.obj                        106     0         0      
       systick.obj                    84      0         0      
       cpu.obj                        12      0         0      
    +--+------------------------------+-------+---------+---------+
       Total:                         2316    680       620    
                                                               
    C:\ti\ccs1250\ccs\tools\compiler\ti-cgt-arm_20.2.7.LTS\lib\rtsv7M4_T_le_v4SPD16_eabi.lib
       memory.c.obj                   728     0         8      
       memcpy_t2.asm.obj              156     0         0      
       memset_t2.asm.obj              122     0         0      
       copy_decompress_lzss.c.obj     104     0         0      
       autoinit.c.obj                 68      0         0      
       u_divt2.asm.obj                64      0         0      
       boot_cortex_m.c.obj            52      0         0      
       copy_decompress_none.c.obj     14      0         0      
       copy_zero_init.c.obj           12      0         0      
       _lock.c.obj                    2       0         8      
       exit.c.obj                     4       0         0      
       pre_init.c.obj                 4       0         0      
       div0.asm.obj                   2       0         0      
    +--+------------------------------+-------+---------+---------+
       Total:                         1332    0         16     
                                                               
       Heap:                          0       0         256    
       Stack:                         0       0         512    
       Linker Generated:              0       80        0      
    +--+------------------------------+-------+---------+---------+
       Grand Total:                   12796   2306      2297   


LINKER GENERATED COPY TABLES

__TI_cinit_table @ 00003ae8 records: 3, size/record: 8, table size: 24
	.data: load addr=00003ab0, load size=0000001c bytes, run addr=200008e0, run size=00000020 bytes, compression=lzss
	.bss: load addr=00003ad8, load size=00000008 bytes, run addr=2000026c, run size=0000036d bytes, compression=zero_init
	.vtable: load addr=00003ae0, load size=00000008 bytes, run addr=20000000, run size=0000026c bytes, compression=zero_init


LINKER GENERATED HANDLER TABLE

__TI_handler_table @ 00003acc records: 3, size/record: 4, table size: 12
	index: 0, handler: __TI_zero_init
	index: 1, handler: __TI_decompress_lzss
	index: 2, handler: __TI_decompress_none


GLOBAL SYMBOLS: SORTED ALPHABETICALLY BY Name 

address   name                          
-------   ----                          
0000340b  ADCIntClear                   
00003375  ADCIntEnable                  
00001bd1  ADCIntHandler                 
000032d7  ADCIntRegister                
000032ef  ADCProcessorTrigger           
00002f5d  ADCSequenceConfigure          
00003265  ADCSequenceDataGet            
000033a5  ADCSequenceEnable             
00002b75  ADCSequenceStepConfigure      
00003465  C$$EXIT                       
000033cf  CPUcpsie                      
00002e09  DelayInit                     
00002e23  DelayMs                       
00003211  GPIODirModeSet                
00003443  GPIOIntClear                  
000033db  GPIOIntEnable                 
00003307  GPIOIntRegister               
00002e65  GPIOIntTypeSet                
000024c5  GPIOPadConfigSet              
00002fa9  GPIOPinConfigure              
00003449  GPIOPinRead                   
0000331f  GPIOPinTypeGPIOInput          
000032bd  GPIOPinTypeGPIOOutput         
00003335  GPIOPinTypeSSI                
0000344f  GPIOPinWrite                  
00002cd9  IntEnable                     
00003385  IntMasterEnable               
00003175  IntRegister                   
0000301b  OLEDInitialise                
00002ff5  OLEDStringDraw                
000022c1  OrbitOledAdvanceCursor        
000017e1  OrbitOledClampXco             
00001801  OrbitOledClampYco             
00001a1d  OrbitOledClear                
00001a29  OrbitOledClearBuffer          
00002191  OrbitOledDefUserChar          
00001999  OrbitOledDevInit              
00001623  OrbitOledDrawChar             
00002249  OrbitOledDrawGlyph            
00000fe7  OrbitOledDrawPixel            
0000112d  OrbitOledDrawRect             
00001683  OrbitOledDrawString           
0000191f  OrbitOledDvrInit              
000011b1  OrbitOledFillRect             
000012f5  OrbitOledGetBmp               
000021f9  OrbitOledGetCharUpdate        
00002175  OrbitOledGetCursor            
00000fe1  OrbitOledGetDrawMode          
00001013  OrbitOledGetPixel             
00000f37  OrbitOledGetPos               
00000f6b  OrbitOledGetStdPattern        
00001855  OrbitOledHostInit             
00001841  OrbitOledInit                 
0000102d  OrbitOledLineTo               
00001779  OrbitOledMoveDown             
000017af  OrbitOledMoveLeft             
000017c7  OrbitOledMoveRight            
00000ef1  OrbitOledMoveTo               
00001741  OrbitOledMoveUp               
00001455  OrbitOledPutBmp               
00001ab3  OrbitOledPutBuffer            
000021ff  OrbitOledPutChar              
0000221d  OrbitOledPutString            
000016ef  OrbitOledRopAnd               
000016cb  OrbitOledRopOr                
000016a1  OrbitOledRopSet               
00001713  OrbitOledRopXor               
000021e1  OrbitOledSetCharUpdate        
00002129  OrbitOledSetCursor            
00000f53  OrbitOledSetDrawColor         
00000f8d  OrbitOledSetDrawMode          
00000f7d  OrbitOledSetFillPattern       
00001a59  OrbitOledUpdate               
000033ff  ResetISR                      
00003433  SSIBusy                       
00003455  SSIClockSourceSet             
00003101  SSIConfigSetExpClk            
000033e7  SSIDataGet                    
00003415  SSIDataPut                    
0000341f  SSIEnable                     
00001b19  Ssi3PutByte                   
00002631  SysCtlClockGet                
00002849  SysCtlClockSet                
0000345b  SysCtlDelay                   
000031a9  SysCtlPeripheralEnable        
00002ebd  SysCtlPeripheralReset         
0000334d  SysTickEnable                 
00003361  SysTickIntEnable              
00001bbd  SysTickIntHandler             
00003285  SysTickIntRegister            
00003395  SysTickPeriodSet              
00002da9  TimerConfigure                
000033b3  TimerEnable                   
00003429  TimerValueGet                 
200007e0  __STACK_END                   
00000200  __STACK_SIZE                  
200007e0  __STACK_TOP                   
00000100  __SYSMEM_SIZE                 
00003ae8  __TI_CINIT_Base               
00003b00  __TI_CINIT_Limit              
00003acc  __TI_Handler_Table_Base       
00003ad8  __TI_Handler_Table_Limit      
0000307d  __TI_auto_init_nobinit_nopinit
00002d41  __TI_decompress_lzss          
000033c1  __TI_decompress_none          
ffffffff  __TI_pprof_out_hndl           
ffffffff  __TI_prof_data_size           
ffffffff  __TI_prof_data_start          
00000000  __TI_static_base__            
000033f3  __TI_zero_init                
0000334b  __aeabi_idiv0                 
0000334b  __aeabi_ldiv0                 
00002bef  __aeabi_memclr                
00002bef  __aeabi_memclr4               
00002bef  __aeabi_memclr8               
00002ad9  __aeabi_memcpy                
00002ad9  __aeabi_memcpy4               
00002ad9  __aeabi_memcpy8               
00002bf1  __aeabi_memset                
00002bf1  __aeabi_memset4               
00002bf1  __aeabi_memset8               
000030c1  __aeabi_uidiv                 
000030c1  __aeabi_uidivmod              
ffffffff  __binit__                     
ffffffff  __c_args__                    
UNDEFED   __mpu_init                    
200005e0  __stack                       
20000000  __start___llvm_prf_cnts       
20000000  __stop___llvm_prf_cnts        
000031dd  _c_int00_noargs               
200008e0  _lock                         
00003283  _nop                          
200007e0  _sys_memory                   
UNDEFED   _system_post_cinit            
00003461  _system_pre_init              
200008e4  _unlock                       
00003465  abort                         
00002749  aligned_alloc                 
ffffffff  binit                         
20000598  bnOledCur                     
00002481  calcYawDegrees                
00001d4d  calculateAltitudePercentage   
000023ad  calculateYaw                  
0000313d  calloc                        
000020ab  checkButton                   
200005d8  clrOledCur                    
00001c59  dispBlank                     
00001cdb  displayMeanAdc                
00001c71  displayPercentAlt             
2000059c  dxcoOledFontCur               
200005a0  dycoOledFontCur               
200005a4  fOledCharUpdate               
0000293d  free                          
00002ab3  freeCircBuf                   
20000000  g_pfnRAMVectors               
00000000  g_pfnVectors                  
00001d07  groundSet                     
00001c15  initADC                       
00001f09  initButtons                   
00002a21  initCircBuf                   
00001bef  initClock                     
00001c51  initDisplay                   
00002419  initYaw                       
00001d71  main                          
0000343b  malloc                        
00002749  memalign                      
00002ad9  memcpy                        
00002bf7  memset                        
200005a8  modOledCur                    
200005ac  pbOledCur                     
200005b0  pbOledFontCur                 
200005b4  pbOledFontUser                
200005b8  pbOledPatCur                  
200005bc  pfnDoRop                      
0000232d  quadratureIntHandler          
00002a7f  readCircBuf                   
00002407  refYawIntHandler              
000039fc  rgbFillPat                    
2000026c  rgbOledBmp                    
00003468  rgbOledFont0                  
2000046c  rgbOledFontUser               
00000751  ulocaltime                    
0000094f  umktime                       
00001fd7  updateButtons                 
00000ec9  urand                         
00000721  usnprintf                     
000006ef  usprintf                      
00000eb9  usrand                        
00000e31  ustrcasecmp                   
00000ea5  ustrcmp                       
00000d35  ustrlen                       
00000d8d  ustrncasecmp                  
00000e45  ustrncmp                      
0000026d  ustrncpy                      
00000d57  ustrstr                       
00000afd  ustrtof                       
000009c5  ustrtoul                      
000002c5  uvsnprintf                    
00002a4b  writeCircBuf                  
200005c0  xchOledCur                    
200005c4  xchOledMax                    
200005c8  xcoOledCur                    
200005cc  ychOledCur                    
200005d0  ychOledMax                    
200005d4  ycoOledCur                    


GLOBAL SYMBOLS: SORTED BY Symbol Address 

address   name                          
-------   ----                          
00000000  __TI_static_base__            
00000000  g_pfnVectors                  
00000100  __SYSMEM_SIZE                 
00000200  __STACK_SIZE                  
0000026d  ustrncpy                      
000002c5  uvsnprintf                    
000006ef  usprintf                      
00000721  usnprintf                     
00000751  ulocaltime                    
0000094f  umktime                       
000009c5  ustrtoul                      
00000afd  ustrtof                       
00000d35  ustrlen                       
00000d57  ustrstr                       
00000d8d  ustrncasecmp                  
00000e31  ustrcasecmp                   
00000e45  ustrncmp                      
00000ea5  ustrcmp                       
00000eb9  usrand                        
00000ec9  urand                         
00000ef1  OrbitOledMoveTo               
00000f37  OrbitOledGetPos               
00000f53  OrbitOledSetDrawColor         
00000f6b  OrbitOledGetStdPattern        
00000f7d  OrbitOledSetFillPattern       
00000f8d  OrbitOledSetDrawMode          
00000fe1  OrbitOledGetDrawMode          
00000fe7  OrbitOledDrawPixel            
00001013  OrbitOledGetPixel             
0000102d  OrbitOledLineTo               
0000112d  OrbitOledDrawRect             
000011b1  OrbitOledFillRect             
000012f5  OrbitOledGetBmp               
00001455  OrbitOledPutBmp               
00001623  OrbitOledDrawChar             
00001683  OrbitOledDrawString           
000016a1  OrbitOledRopSet               
000016cb  OrbitOledRopOr                
000016ef  OrbitOledRopAnd               
00001713  OrbitOledRopXor               
00001741  OrbitOledMoveUp               
00001779  OrbitOledMoveDown             
000017af  OrbitOledMoveLeft             
000017c7  OrbitOledMoveRight            
000017e1  OrbitOledClampXco             
00001801  OrbitOledClampYco             
00001841  OrbitOledInit                 
00001855  OrbitOledHostInit             
0000191f  OrbitOledDvrInit              
00001999  OrbitOledDevInit              
00001a1d  OrbitOledClear                
00001a29  OrbitOledClearBuffer          
00001a59  OrbitOledUpdate               
00001ab3  OrbitOledPutBuffer            
00001b19  Ssi3PutByte                   
00001bbd  SysTickIntHandler             
00001bd1  ADCIntHandler                 
00001bef  initClock                     
00001c15  initADC                       
00001c51  initDisplay                   
00001c59  dispBlank                     
00001c71  displayPercentAlt             
00001cdb  displayMeanAdc                
00001d07  groundSet                     
00001d4d  calculateAltitudePercentage   
00001d71  main                          
00001f09  initButtons                   
00001fd7  updateButtons                 
000020ab  checkButton                   
00002129  OrbitOledSetCursor            
00002175  OrbitOledGetCursor            
00002191  OrbitOledDefUserChar          
000021e1  OrbitOledSetCharUpdate        
000021f9  OrbitOledGetCharUpdate        
000021ff  OrbitOledPutChar              
0000221d  OrbitOledPutString            
00002249  OrbitOledDrawGlyph            
000022c1  OrbitOledAdvanceCursor        
0000232d  quadratureIntHandler          
000023ad  calculateYaw                  
00002407  refYawIntHandler              
00002419  initYaw                       
00002481  calcYawDegrees                
000024c5  GPIOPadConfigSet              
00002631  SysCtlClockGet                
00002749  aligned_alloc                 
00002749  memalign                      
00002849  SysCtlClockSet                
0000293d  free                          
00002a21  initCircBuf                   
00002a4b  writeCircBuf                  
00002a7f  readCircBuf                   
00002ab3  freeCircBuf                   
00002ad9  __aeabi_memcpy                
00002ad9  __aeabi_memcpy4               
00002ad9  __aeabi_memcpy8               
00002ad9  memcpy                        
00002b75  ADCSequenceStepConfigure      
00002bef  __aeabi_memclr                
00002bef  __aeabi_memclr4               
00002bef  __aeabi_memclr8               
00002bf1  __aeabi_memset                
00002bf1  __aeabi_memset4               
00002bf1  __aeabi_memset8               
00002bf7  memset                        
00002cd9  IntEnable                     
00002d41  __TI_decompress_lzss          
00002da9  TimerConfigure                
00002e09  DelayInit                     
00002e23  DelayMs                       
00002e65  GPIOIntTypeSet                
00002ebd  SysCtlPeripheralReset         
00002f5d  ADCSequenceConfigure          
00002fa9  GPIOPinConfigure              
00002ff5  OLEDStringDraw                
0000301b  OLEDInitialise                
0000307d  __TI_auto_init_nobinit_nopinit
000030c1  __aeabi_uidiv                 
000030c1  __aeabi_uidivmod              
00003101  SSIConfigSetExpClk            
0000313d  calloc                        
00003175  IntRegister                   
000031a9  SysCtlPeripheralEnable        
000031dd  _c_int00_noargs               
00003211  GPIODirModeSet                
00003265  ADCSequenceDataGet            
00003283  _nop                          
00003285  SysTickIntRegister            
000032bd  GPIOPinTypeGPIOOutput         
000032d7  ADCIntRegister                
000032ef  ADCProcessorTrigger           
00003307  GPIOIntRegister               
0000331f  GPIOPinTypeGPIOInput          
00003335  GPIOPinTypeSSI                
0000334b  __aeabi_idiv0                 
0000334b  __aeabi_ldiv0                 
0000334d  SysTickEnable                 
00003361  SysTickIntEnable              
00003375  ADCIntEnable                  
00003385  IntMasterEnable               
00003395  SysTickPeriodSet              
000033a5  ADCSequenceEnable             
000033b3  TimerEnable                   
000033c1  __TI_decompress_none          
000033cf  CPUcpsie                      
000033db  GPIOIntEnable                 
000033e7  SSIDataGet                    
000033f3  __TI_zero_init                
000033ff  ResetISR                      
0000340b  ADCIntClear                   
00003415  SSIDataPut                    
0000341f  SSIEnable                     
00003429  TimerValueGet                 
00003433  SSIBusy                       
0000343b  malloc                        
00003443  GPIOIntClear                  
00003449  GPIOPinRead                   
0000344f  GPIOPinWrite                  
00003455  SSIClockSourceSet             
0000345b  SysCtlDelay                   
00003461  _system_pre_init              
00003465  C$$EXIT                       
00003465  abort                         
00003468  rgbOledFont0                  
000039fc  rgbFillPat                    
00003acc  __TI_Handler_Table_Base       
00003ad8  __TI_Handler_Table_Limit      
00003ae8  __TI_CINIT_Base               
00003b00  __TI_CINIT_Limit              
20000000  __start___llvm_prf_cnts       
20000000  __stop___llvm_prf_cnts        
20000000  g_pfnRAMVectors               
2000026c  rgbOledBmp                    
2000046c  rgbOledFontUser               
20000598  bnOledCur                     
2000059c  dxcoOledFontCur               
200005a0  dycoOledFontCur               
200005a4  fOledCharUpdate               
200005a8  modOledCur                    
200005ac  pbOledCur                     
200005b0  pbOledFontCur                 
200005b4  pbOledFontUser                
200005b8  pbOledPatCur                  
200005bc  pfnDoRop                      
200005c0  xchOledCur                    
200005c4  xchOledMax                    
200005c8  xcoOledCur                    
200005cc  ychOledCur                    
200005d0  ychOledMax                    
200005d4  ycoOledCur                    
200005d8  clrOledCur                    
200005e0  __stack                       
200007e0  __STACK_END                   
200007e0  __STACK_TOP                   
200007e0  _sys_memory                   
200008e0  _lock                         
200008e4  _unlock                       
ffffffff  __TI_pprof_out_hndl           
ffffffff  __TI_prof_data_size           
ffffffff  __TI_prof_data_start          
ffffffff  __binit__                     
ffffffff  __c_args__                    
ffffffff  binit                         
UNDEFED   __mpu_init                    
UNDEFED   _system_post_cinit            

[205 symbols]
