******************************************************************************
                  TI ARM Linker PC v20.2.7                     
******************************************************************************
>> Linked Tue May  7 15:51:12 2024

OUTPUT FILE NAME:   <Heli_Project.out>
ENTRY POINT SYMBOL: "_c_int00_noargs"  address: 00003345


MEMORY CONFIGURATION

         name            origin    length      used     unused   attr    fill
----------------------  --------  ---------  --------  --------  ----  --------
  FLASH                 00000000   00040000  00003cec  0003c314  R  X
  SRAM                  20000000   00008000  000008f5  0000770b  RW X


SEGMENT ALLOCATION MAP

run origin  load origin   length   init length attrs members
----------  ----------- ---------- ----------- ----- -------
00000000    00000000    00003cf0   00003cf0    r-x
  00000000    00000000    0000026c   0000026c    r-- .intvecs
  0000026c    0000026c    000033e8   000033e8    r-x .text
  00003654    00003654    00000648   00000648    r-- .const
  00003ca0    00003ca0    00000050   00000050    r-- .cinit
20000000    20000000    000008fc   00000000    rw-
  20000000    20000000    0000026c   00000000    rw- .vtable
  2000026c    2000026c    0000036d   00000000    rw- .bss
  200005e0    200005e0    00000200   00000000    rw- .stack
  200007e0    200007e0    00000100   00000000    rw- .sysmem
  200008e0    200008e0    0000001c   00000000    rw- .data


SECTION ALLOCATION MAP

 output                                  attributes/
section   page    origin      length       input sections
--------  ----  ----------  ----------   ----------------
.intvecs   0    00000000    0000026c     
                  00000000    0000026c     tm4c123gh6pm_startup_ccs.obj (.intvecs)

.text      0    0000026c    000033e8     
                  0000026c    00000c84     ustdlib.obj (.text)
                  00000ef0    00000950     OrbitOledGrph.obj (.text)
                  00001840    0000037c     OrbitOled.obj (.text)
                  00001bbc    00000320     main.obj (.text)
                  00001edc    00000220     buttons4.obj (.text)
                  000020fc    00000204     OrbitOledChar.obj (.text)
                  00002300    000001c8     rotors.obj (.text)
                  000024c8    0000016c     driverlib.lib : gpio.obj (.text:GPIOPadConfigSet)
                  00002634    00000164     yaw.obj (.text)
                  00002798    00000118     driverlib.lib : sysctl.obj (.text:SysCtlClockGet)
                  000028b0    00000100     rtsv7M4_T_le_v4SPD16_eabi.lib : memory.c.obj (.text:aligned_alloc)
                  000029b0    000000f4     driverlib.lib : sysctl.obj (.text:SysCtlClockSet)
                  00002aa4    000000e4     rtsv7M4_T_le_v4SPD16_eabi.lib : memory.c.obj (.text:free)
                  00002b88    000000b8     circBufT.obj (.text)
                  00002c40    0000009c     rtsv7M4_T_le_v4SPD16_eabi.lib : memcpy_t2.asm.obj (.text)
                  00002cdc    0000007a     driverlib.lib : adc.obj (.text:ADCSequenceStepConfigure)
                  00002d56    0000007a     rtsv7M4_T_le_v4SPD16_eabi.lib : memset_t2.asm.obj (.text)
                  00002dd0    00000070                                   : memory.c.obj (.text:split)
                  00002e40    00000068     driverlib.lib : interrupt.obj (.text:IntEnable)
                  00002ea8    00000068     rtsv7M4_T_le_v4SPD16_eabi.lib : copy_decompress_lzss.c.obj (.text:decompress:lzss:__TI_decompress_lzss)
                  00002f10    00000060     driverlib.lib : timer.obj (.text:TimerConfigure)
                  00002f70    0000005c     delay.obj (.text)
                  00002fcc    00000058     driverlib.lib : gpio.obj (.text:GPIOIntTypeSet)
                  00003024    00000050                   : sysctl.obj (.text:SysCtlPeripheralReset)
                  00003074    00000050                   : adc.obj (.text:_ADCIntNumberGet)
                  000030c4    0000004c                   : adc.obj (.text:ADCSequenceConfigure)
                  00003110    0000004c                   : gpio.obj (.text:GPIOPinConfigure)
                  0000315c    00000044     OrbitOLEDInterface.obj (.text)
                  000031a0    00000044     driverlib.lib : gpio.obj (.text:_GPIOIntNumberGet)
                  000031e4    00000044     rtsv7M4_T_le_v4SPD16_eabi.lib : autoinit.c.obj (.text:__TI_auto_init_nobinit_nopinit:__TI_auto_init_nobinit_nopinit)
                  00003228    00000040                                   : u_divt2.asm.obj (.text)
                  00003268    0000003c     driverlib.lib : ssi.obj (.text:SSIConfigSetExpClk)
                  000032a4    00000038     rtsv7M4_T_le_v4SPD16_eabi.lib : memory.c.obj (.text:calloc)
                  000032dc    00000034     driverlib.lib : interrupt.obj (.text:IntRegister)
                  00003310    00000034                   : sysctl.obj (.text:SysCtlPeripheralEnable)
                  00003344    00000034     rtsv7M4_T_le_v4SPD16_eabi.lib : boot_cortex_m.c.obj (.text:_c_int00_noargs:_c_int00_noargs)
                  00003378    0000002c     driverlib.lib : gpio.obj (.text:GPIODirModeSet)
                  000033a4    00000028     rtsv7M4_T_le_v4SPD16_eabi.lib : memory.c.obj (.text:free_list_insert)
                  000033cc    00000022     driverlib.lib : pwm.obj (.text:PWMGenConfigure)
                  000033ee    0000001e                   : adc.obj (.text:ADCSequenceDataGet)
                  0000340c    0000001e                   : pwm.obj (.text:PWMPulseWidthSet)
                  0000342a    00000002     rtsv7M4_T_le_v4SPD16_eabi.lib : _lock.c.obj (.text:_nop)
                  0000342c    0000001c     driverlib.lib : systick.obj (.text:SysTickIntRegister)
                  00003448    0000001c     rtsv7M4_T_le_v4SPD16_eabi.lib : memory.c.obj (.text:free_list_remove)
                  00003464    0000001a     driverlib.lib : gpio.obj (.text:GPIOPinTypeGPIOOutput)
                  0000347e    00000018                   : adc.obj (.text:ADCIntRegister)
                  00003496    00000018                   : adc.obj (.text:ADCProcessorTrigger)
                  000034ae    00000018                   : gpio.obj (.text:GPIOIntRegister)
                  000034c6    00000016                   : gpio.obj (.text:GPIOPinTypeGPIOInput)
                  000034dc    00000016                   : gpio.obj (.text:GPIOPinTypePWM)
                  000034f2    00000016                   : gpio.obj (.text:GPIOPinTypeSSI)
                  00003508    00000014                   : systick.obj (.text:SysTickEnable)
                  0000351c    00000014                   : systick.obj (.text:SysTickIntEnable)
                  00003530    00000012                   : pwm.obj (.text:PWMOutputState)
                  00003542    00000010                   : adc.obj (.text:ADCIntEnable)
                  00003552    00000010                   : interrupt.obj (.text:IntMasterEnable)
                  00003562    00000010                   : pwm.obj (.text:PWMGenPeriodSet)
                  00003572    00000002     rtsv7M4_T_le_v4SPD16_eabi.lib : div0.asm.obj (.text)
                  00003574    00000010     driverlib.lib : systick.obj (.text:SysTickPeriodSet)
                  00003584    0000000e                   : adc.obj (.text:ADCSequenceEnable)
                  00003592    0000000e                   : timer.obj (.text:TimerEnable)
                  000035a0    0000000e     rtsv7M4_T_le_v4SPD16_eabi.lib : copy_decompress_none.c.obj (.text:decompress:none:__TI_decompress_none)
                  000035ae    0000000c     driverlib.lib : cpu.obj (.text:CPUcpsie)
                  000035ba    0000000c                   : gpio.obj (.text:GPIOIntEnable)
                  000035c6    0000000c                   : pwm.obj (.text:PWMGenEnable)
                  000035d2    0000000c                   : ssi.obj (.text:SSIDataGet)
                  000035de    0000000c     rtsv7M4_T_le_v4SPD16_eabi.lib : copy_zero_init.c.obj (.text:decompress:ZI:__TI_zero_init)
                  000035ea    0000000c     tm4c123gh6pm_startup_ccs.obj (.text)
                  000035f6    0000000a     driverlib.lib : adc.obj (.text:ADCIntClear)
                  00003600    0000000a                   : ssi.obj (.text:SSIDataPut)
                  0000360a    0000000a                   : ssi.obj (.text:SSIEnable)
                  00003614    0000000a                   : timer.obj (.text:TimerValueGet)
                  0000361e    00000008                   : ssi.obj (.text:SSIBusy)
                  00003626    00000008     rtsv7M4_T_le_v4SPD16_eabi.lib : memory.c.obj (.text:malloc)
                  0000362e    00000006     driverlib.lib : gpio.obj (.text:GPIOIntClear)
                  00003634    00000006                   : gpio.obj (.text:GPIOPinRead)
                  0000363a    00000006                   : gpio.obj (.text:GPIOPinWrite)
                  00003640    00000006                   : ssi.obj (.text:SSIClockSourceSet)
                  00003646    00000006                   : sysctl.obj (.text:SysCtlDelay)
                  0000364c    00000004     rtsv7M4_T_le_v4SPD16_eabi.lib : pre_init.c.obj (.text:_system_pre_init)
                  00003650    00000004                                   : exit.c.obj (.text:abort:abort)

.const     0    00003654    00000648     
                  00003654    00000300     ChrFont0.obj (.const:.string:rgbOledFont0)
                  00003954    000000d8     driverlib.lib : gpio.obj (.const:g_ppui32GPIOIntMapSnowflake)
                  00003a2c    000000c0                   : gpio.obj (.const:g_ppui32GPIOIntMapBlizzard)
                  00003aec    00000090                   : gpio.obj (.const:g_pui32GPIOBaseAddrs)
                  00003b7c    0000006c                   : sysctl.obj (.const:g_pui32Xtals)
                  00003be8    00000040     FillPat.obj (.const:.string:rgbFillPat)
                  00003c28    00000030     ustdlib.obj (.const:g_psDaysToMonth)
                  00003c58    00000018     ustdlib.obj (.const:g_pfExponents)
                  00003c70    00000014     driverlib.lib : interrupt.obj (.const:g_pui32EnRegs)
                  00003c84    00000012     ustdlib.obj (.const:.string)
                  00003c96    00000002     --HOLE-- [fill = 0]
                  00003c98    00000004     ustdlib.obj (.const)

.cinit     0    00003ca0    00000050     
                  00003ca0    00000017     (.cinit..data.load) [load image, compression = lzss]
                  00003cb7    00000001     --HOLE-- [fill = 0]
                  00003cb8    0000000c     (__TI_handler_table)
                  00003cc4    00000004     --HOLE-- [fill = 0]
                  00003cc8    00000008     (.cinit..bss.load) [load image, compression = zero_init]
                  00003cd0    00000008     (.cinit..vtable.load) [load image, compression = zero_init]
                  00003cd8    00000018     (__TI_cinit_table)

.init_array 
*          0    00000000    00000000     UNINITIALIZED

.vtable    0    20000000    0000026c     UNINITIALIZED
                  20000000    0000026c     driverlib.lib : interrupt.obj (.vtable)

.bss       0    2000026c    0000036d     UNINITIALIZED
                  2000026c    00000200     (.common:rgbOledBmp)
                  2000046c    00000100     (.common:rgbOledFontUser)
                  2000056c    00000010     main.obj (.bss:g_inBuffer)
                  2000057c    00000008     yaw.obj (.bss)
                  20000584    00000004     buttons4.obj (.bss:but_count)
                  20000588    00000004     buttons4.obj (.bss:but_flag)
                  2000058c    00000004     buttons4.obj (.bss:but_normal)
                  20000590    00000004     buttons4.obj (.bss:but_state)
                  20000594    00000004     main.obj (.bss)
                  20000598    00000004     (.common:bnOledCur)
                  2000059c    00000004     (.common:dxcoOledFontCur)
                  200005a0    00000004     (.common:dycoOledFontCur)
                  200005a4    00000004     (.common:fOledCharUpdate)
                  200005a8    00000004     (.common:modOledCur)
                  200005ac    00000004     (.common:pbOledCur)
                  200005b0    00000004     (.common:pbOledFontCur)
                  200005b4    00000004     (.common:pbOledFontUser)
                  200005b8    00000004     (.common:pbOledPatCur)
                  200005bc    00000004     (.common:pfnDoRop)
                  200005c0    00000004     (.common:xchOledCur)
                  200005c4    00000004     (.common:xchOledMax)
                  200005c8    00000004     (.common:xcoOledCur)
                  200005cc    00000004     (.common:ychOledCur)
                  200005d0    00000004     (.common:ychOledMax)
                  200005d4    00000004     (.common:ycoOledCur)
                  200005d8    00000001     (.common:clrOledCur)

.stack     0    200005e0    00000200     UNINITIALIZED
                  200005e0    00000004     rtsv7M4_T_le_v4SPD16_eabi.lib : boot_cortex_m.c.obj (.stack)
                  200005e4    000001fc     --HOLE--

.sysmem    0    200007e0    00000100     UNINITIALIZED
                  200007e0    00000010     rtsv7M4_T_le_v4SPD16_eabi.lib : memory.c.obj (.sysmem)
                  200007f0    000000f0     --HOLE--

.data      0    200008e0    0000001c     UNINITIALIZED
                  200008e0    00000008     rtsv7M4_T_le_v4SPD16_eabi.lib : _lock.c.obj (.data:$O1$$)
                  200008e8    00000008                                   : memory.c.obj (.data:$O1$$)
                  200008f0    00000004     main.obj (.data)
                  200008f4    00000004     ustdlib.obj (.data)
                  200008f8    00000004     yaw.obj (.data)

__llvm_prf_cnts 
*          0    20000000    00000000     UNINITIALIZED

MODULE SUMMARY

       Module                         code    ro data   rw data
       ------                         ----    -------   -------
    .\
       ustdlib.obj                    3204    94        4      
       main.obj                       800     0         24     
       tm4c123gh6pm_startup_ccs.obj   12      620       0      
       buttons4.obj                   544     0         16     
       rotors.obj                     456     0         0      
       yaw.obj                        356     0         12     
       circBufT.obj                   184     0         0      
    +--+------------------------------+-------+---------+---------+
       Total:                         5556    714       56     
                                                               
    .\OrbitOLED\
       OrbitOLEDInterface.obj         68      0         0      
    +--+------------------------------+-------+---------+---------+
       Total:                         68      0         0      
                                                               
    .\OrbitOLED\lib_OrbitOled\
       OrbitOledGrph.obj              2384    0         8      
       OrbitOled.obj                  892     0         553    
       OrbitOledChar.obj              516     0         272    
       ChrFont0.obj                   0       768       0      
       delay.obj                      92      0         0      
       FillPat.obj                    0       64        0      
    +--+------------------------------+-------+---------+---------+
       Total:                         3884    832       833    
                                                               
    C:/ti/TivaWare_C_Series-2.2.0.295/driverlib/ccs/Debug/driverlib.lib
       gpio.obj                       786     552       0      
       interrupt.obj                  172     20        620    
       sysctl.obj                     662     108       0      
       adc.obj                        396     0         0      
       timer.obj                      120     0         0      
       pwm.obj                        110     0         0      
       ssi.obj                        106     0         0      
       systick.obj                    84      0         0      
       cpu.obj                        12      0         0      
    +--+------------------------------+-------+---------+---------+
       Total:                         2448    680       620    
                                                               
    C:\ti\ccs1250\ccs\tools\compiler\ti-cgt-arm_20.2.7.LTS\lib\rtsv7M4_T_le_v4SPD16_eabi.lib
       memory.c.obj                   728     0         8      
       memcpy_t2.asm.obj              156     0         0      
       memset_t2.asm.obj              122     0         0      
       copy_decompress_lzss.c.obj     104     0         0      
       autoinit.c.obj                 68      0         0      
       u_divt2.asm.obj                64      0         0      
       boot_cortex_m.c.obj            52      0         0      
       copy_decompress_none.c.obj     14      0         0      
       copy_zero_init.c.obj           12      0         0      
       _lock.c.obj                    2       0         8      
       exit.c.obj                     4       0         0      
       pre_init.c.obj                 4       0         0      
       div0.asm.obj                   2       0         0      
    +--+------------------------------+-------+---------+---------+
       Total:                         1332    0         16     
                                                               
       Heap:                          0       0         256    
       Stack:                         0       0         512    
       Linker Generated:              0       75        0      
    +--+------------------------------+-------+---------+---------+
       Grand Total:                   13288   2301      2293   


LINKER GENERATED COPY TABLES

__TI_cinit_table @ 00003cd8 records: 3, size/record: 8, table size: 24
	.data: load addr=00003ca0, load size=00000017 bytes, run addr=200008e0, run size=0000001c bytes, compression=lzss
	.bss: load addr=00003cc8, load size=00000008 bytes, run addr=2000026c, run size=0000036d bytes, compression=zero_init
	.vtable: load addr=00003cd0, load size=00000008 bytes, run addr=20000000, run size=0000026c bytes, compression=zero_init


LINKER GENERATED HANDLER TABLE

__TI_handler_table @ 00003cb8 records: 3, size/record: 4, table size: 12
	index: 0, handler: __TI_zero_init
	index: 1, handler: __TI_decompress_lzss
	index: 2, handler: __TI_decompress_none


GLOBAL SYMBOLS: SORTED ALPHABETICALLY BY Name 

address   name                          
-------   ----                          
000035f7  ADCIntClear                   
00003543  ADCIntEnable                  
00001bd1  ADCIntHandler                 
0000347f  ADCIntRegister                
00003497  ADCProcessorTrigger           
000030c5  ADCSequenceConfigure          
000033ef  ADCSequenceDataGet            
00003585  ADCSequenceEnable             
00002cdd  ADCSequenceStepConfigure      
00003651  C$$EXIT                       
000035af  CPUcpsie                      
00002f71  DelayInit                     
00002f8b  DelayMs                       
00003379  GPIODirModeSet                
0000362f  GPIOIntClear                  
000035bb  GPIOIntEnable                 
000034af  GPIOIntRegister               
00002fcd  GPIOIntTypeSet                
000024c9  GPIOPadConfigSet              
00003111  GPIOPinConfigure              
00003635  GPIOPinRead                   
000034c7  GPIOPinTypeGPIOInput          
00003465  GPIOPinTypeGPIOOutput         
000034dd  GPIOPinTypePWM                
000034f3  GPIOPinTypeSSI                
0000363b  GPIOPinWrite                  
00002e41  IntEnable                     
00003553  IntMasterEnable               
000032dd  IntRegister                   
00003183  OLEDInitialise                
0000315d  OLEDStringDraw                
00002295  OrbitOledAdvanceCursor        
000017e1  OrbitOledClampXco             
00001801  OrbitOledClampYco             
00001a1d  OrbitOledClear                
00001a29  OrbitOledClearBuffer          
00002165  OrbitOledDefUserChar          
00001999  OrbitOledDevInit              
00001623  OrbitOledDrawChar             
0000221d  OrbitOledDrawGlyph            
00000fe7  OrbitOledDrawPixel            
0000112d  OrbitOledDrawRect             
00001683  OrbitOledDrawString           
0000191f  OrbitOledDvrInit              
000011b1  OrbitOledFillRect             
000012f5  OrbitOledGetBmp               
000021cd  OrbitOledGetCharUpdate        
00002149  OrbitOledGetCursor            
00000fe1  OrbitOledGetDrawMode          
00001013  OrbitOledGetPixel             
00000f37  OrbitOledGetPos               
00000f6b  OrbitOledGetStdPattern        
00001855  OrbitOledHostInit             
00001841  OrbitOledInit                 
0000102d  OrbitOledLineTo               
00001779  OrbitOledMoveDown             
000017af  OrbitOledMoveLeft             
000017c7  OrbitOledMoveRight            
00000ef1  OrbitOledMoveTo               
00001741  OrbitOledMoveUp               
00001455  OrbitOledPutBmp               
00001ab3  OrbitOledPutBuffer            
000021d3  OrbitOledPutChar              
000021f1  OrbitOledPutString            
000016ef  OrbitOledRopAnd               
000016cb  OrbitOledRopOr                
000016a1  OrbitOledRopSet               
00001713  OrbitOledRopXor               
000021b5  OrbitOledSetCharUpdate        
000020fd  OrbitOledSetCursor            
00000f53  OrbitOledSetDrawColor         
00000f8d  OrbitOledSetDrawMode          
00000f7d  OrbitOledSetFillPattern       
00001a59  OrbitOledUpdate               
000033cd  PWMGenConfigure               
000035c7  PWMGenEnable                  
00003563  PWMGenPeriodSet               
00003531  PWMOutputState                
0000340d  PWMPulseWidthSet              
000035eb  ResetISR                      
0000361f  SSIBusy                       
00003641  SSIClockSourceSet             
00003269  SSIConfigSetExpClk            
000035d3  SSIDataGet                    
00003601  SSIDataPut                    
0000360b  SSIEnable                     
00001b19  Ssi3PutByte                   
00002799  SysCtlClockGet                
000029b1  SysCtlClockSet                
00003647  SysCtlDelay                   
00003311  SysCtlPeripheralEnable        
00003025  SysCtlPeripheralReset         
00003509  SysTickEnable                 
0000351d  SysTickIntEnable              
00001bbd  SysTickIntHandler             
0000342d  SysTickIntRegister            
00003575  SysTickPeriodSet              
00002f11  TimerConfigure                
00003593  TimerEnable                   
00003615  TimerValueGet                 
200007e0  __STACK_END                   
00000200  __STACK_SIZE                  
200007e0  __STACK_TOP                   
00000100  __SYSMEM_SIZE                 
00003cd8  __TI_CINIT_Base               
00003cf0  __TI_CINIT_Limit              
00003cb8  __TI_Handler_Table_Base       
00003cc4  __TI_Handler_Table_Limit      
000031e5  __TI_auto_init_nobinit_nopinit
00002ea9  __TI_decompress_lzss          
000035a1  __TI_decompress_none          
ffffffff  __TI_pprof_out_hndl           
ffffffff  __TI_prof_data_size           
ffffffff  __TI_prof_data_start          
00000000  __TI_static_base__            
000035df  __TI_zero_init                
00003573  __aeabi_idiv0                 
00003573  __aeabi_ldiv0                 
00002d57  __aeabi_memclr                
00002d57  __aeabi_memclr4               
00002d57  __aeabi_memclr8               
00002c41  __aeabi_memcpy                
00002c41  __aeabi_memcpy4               
00002c41  __aeabi_memcpy8               
00002d59  __aeabi_memset                
00002d59  __aeabi_memset4               
00002d59  __aeabi_memset8               
00003229  __aeabi_uidiv                 
00003229  __aeabi_uidivmod              
ffffffff  __binit__                     
ffffffff  __c_args__                    
UNDEFED   __mpu_init                    
200005e0  __stack                       
20000000  __start___llvm_prf_cnts       
20000000  __stop___llvm_prf_cnts        
00003345  _c_int00_noargs               
200008e0  _lock                         
0000342b  _nop                          
200007e0  _sys_memory                   
UNDEFED   _system_post_cinit            
0000364d  _system_pre_init              
200008e4  _unlock                       
00003651  abort                         
000028b1  aligned_alloc                 
ffffffff  binit                         
20000598  bnOledCur                     
00002737  calcYawDegrees                
00001d4b  calculateAltitudePercentage   
000026ad  calculateYaw                  
000032a5  calloc                        
0000207f  checkButton                   
200005d8  clrOledCur                    
0000243b  controlMainGoal               
000023f5  controlTailGoal               
00001c59  display                       
2000059c  dxcoOledFontCur               
200005a0  dycoOledFontCur               
200005a4  fOledCharUpdate               
00002aa5  free                          
00002c1b  freeCircBuf                   
20000000  g_pfnRAMVectors               
00000000  g_pfnVectors                  
00001d05  groundSet                     
00001bef  initADC                       
00001edd  initButtons                   
00002b89  initCircBuf                   
00001c2b  initClock                     
00001c51  initDisplay                   
0000246f  initRotors                    
00002707  initYaw                       
00002301  initialisePWM                 
00002347  initialisePWM2                
00001d6f  main                          
00003627  malloc                        
000028b1  memalign                      
00002c41  memcpy                        
00002d5f  memset                        
200005a8  modOledCur                    
200005ac  pbOledCur                     
200005b0  pbOledFontCur                 
200005b4  pbOledFontUser                
200005b8  pbOledPatCur                  
200005bc  pfnDoRop                      
00002635  quadratureIntHandler          
00002be7  readCircBuf                   
00003be8  rgbFillPat                    
2000026c  rgbOledBmp                    
00003654  rgbOledFont0                  
2000046c  rgbOledFontUser               
00002389  setPWM                        
000023c1  setPWM2                       
00000751  ulocaltime                    
0000094f  umktime                       
00001fab  updateButtons                 
00000ec9  urand                         
00000721  usnprintf                     
000006ef  usprintf                      
00000eb9  usrand                        
00000e31  ustrcasecmp                   
00000ea5  ustrcmp                       
00000d35  ustrlen                       
00000d8d  ustrncasecmp                  
00000e45  ustrncmp                      
0000026d  ustrncpy                      
00000d57  ustrstr                       
00000afd  ustrtof                       
000009c5  ustrtoul                      
000002c5  uvsnprintf                    
00002bb3  writeCircBuf                  
200005c0  xchOledCur                    
200005c4  xchOledMax                    
200005c8  xcoOledCur                    
200005cc  ychOledCur                    
200005d0  ychOledMax                    
200005d4  ycoOledCur                    


GLOBAL SYMBOLS: SORTED BY Symbol Address 

address   name                          
-------   ----                          
00000000  __TI_static_base__            
00000000  g_pfnVectors                  
00000100  __SYSMEM_SIZE                 
00000200  __STACK_SIZE                  
0000026d  ustrncpy                      
000002c5  uvsnprintf                    
000006ef  usprintf                      
00000721  usnprintf                     
00000751  ulocaltime                    
0000094f  umktime                       
000009c5  ustrtoul                      
00000afd  ustrtof                       
00000d35  ustrlen                       
00000d57  ustrstr                       
00000d8d  ustrncasecmp                  
00000e31  ustrcasecmp                   
00000e45  ustrncmp                      
00000ea5  ustrcmp                       
00000eb9  usrand                        
00000ec9  urand                         
00000ef1  OrbitOledMoveTo               
00000f37  OrbitOledGetPos               
00000f53  OrbitOledSetDrawColor         
00000f6b  OrbitOledGetStdPattern        
00000f7d  OrbitOledSetFillPattern       
00000f8d  OrbitOledSetDrawMode          
00000fe1  OrbitOledGetDrawMode          
00000fe7  OrbitOledDrawPixel            
00001013  OrbitOledGetPixel             
0000102d  OrbitOledLineTo               
0000112d  OrbitOledDrawRect             
000011b1  OrbitOledFillRect             
000012f5  OrbitOledGetBmp               
00001455  OrbitOledPutBmp               
00001623  OrbitOledDrawChar             
00001683  OrbitOledDrawString           
000016a1  OrbitOledRopSet               
000016cb  OrbitOledRopOr                
000016ef  OrbitOledRopAnd               
00001713  OrbitOledRopXor               
00001741  OrbitOledMoveUp               
00001779  OrbitOledMoveDown             
000017af  OrbitOledMoveLeft             
000017c7  OrbitOledMoveRight            
000017e1  OrbitOledClampXco             
00001801  OrbitOledClampYco             
00001841  OrbitOledInit                 
00001855  OrbitOledHostInit             
0000191f  OrbitOledDvrInit              
00001999  OrbitOledDevInit              
00001a1d  OrbitOledClear                
00001a29  OrbitOledClearBuffer          
00001a59  OrbitOledUpdate               
00001ab3  OrbitOledPutBuffer            
00001b19  Ssi3PutByte                   
00001bbd  SysTickIntHandler             
00001bd1  ADCIntHandler                 
00001bef  initADC                       
00001c2b  initClock                     
00001c51  initDisplay                   
00001c59  display                       
00001d05  groundSet                     
00001d4b  calculateAltitudePercentage   
00001d6f  main                          
00001edd  initButtons                   
00001fab  updateButtons                 
0000207f  checkButton                   
000020fd  OrbitOledSetCursor            
00002149  OrbitOledGetCursor            
00002165  OrbitOledDefUserChar          
000021b5  OrbitOledSetCharUpdate        
000021cd  OrbitOledGetCharUpdate        
000021d3  OrbitOledPutChar              
000021f1  OrbitOledPutString            
0000221d  OrbitOledDrawGlyph            
00002295  OrbitOledAdvanceCursor        
00002301  initialisePWM                 
00002347  initialisePWM2                
00002389  setPWM                        
000023c1  setPWM2                       
000023f5  controlTailGoal               
0000243b  controlMainGoal               
0000246f  initRotors                    
000024c9  GPIOPadConfigSet              
00002635  quadratureIntHandler          
000026ad  calculateYaw                  
00002707  initYaw                       
00002737  calcYawDegrees                
00002799  SysCtlClockGet                
000028b1  aligned_alloc                 
000028b1  memalign                      
000029b1  SysCtlClockSet                
00002aa5  free                          
00002b89  initCircBuf                   
00002bb3  writeCircBuf                  
00002be7  readCircBuf                   
00002c1b  freeCircBuf                   
00002c41  __aeabi_memcpy                
00002c41  __aeabi_memcpy4               
00002c41  __aeabi_memcpy8               
00002c41  memcpy                        
00002cdd  ADCSequenceStepConfigure      
00002d57  __aeabi_memclr                
00002d57  __aeabi_memclr4               
00002d57  __aeabi_memclr8               
00002d59  __aeabi_memset                
00002d59  __aeabi_memset4               
00002d59  __aeabi_memset8               
00002d5f  memset                        
00002e41  IntEnable                     
00002ea9  __TI_decompress_lzss          
00002f11  TimerConfigure                
00002f71  DelayInit                     
00002f8b  DelayMs                       
00002fcd  GPIOIntTypeSet                
00003025  SysCtlPeripheralReset         
000030c5  ADCSequenceConfigure          
00003111  GPIOPinConfigure              
0000315d  OLEDStringDraw                
00003183  OLEDInitialise                
000031e5  __TI_auto_init_nobinit_nopinit
00003229  __aeabi_uidiv                 
00003229  __aeabi_uidivmod              
00003269  SSIConfigSetExpClk            
000032a5  calloc                        
000032dd  IntRegister                   
00003311  SysCtlPeripheralEnable        
00003345  _c_int00_noargs               
00003379  GPIODirModeSet                
000033cd  PWMGenConfigure               
000033ef  ADCSequenceDataGet            
0000340d  PWMPulseWidthSet              
0000342b  _nop                          
0000342d  SysTickIntRegister            
00003465  GPIOPinTypeGPIOOutput         
0000347f  ADCIntRegister                
00003497  ADCProcessorTrigger           
000034af  GPIOIntRegister               
000034c7  GPIOPinTypeGPIOInput          
000034dd  GPIOPinTypePWM                
000034f3  GPIOPinTypeSSI                
00003509  SysTickEnable                 
0000351d  SysTickIntEnable              
00003531  PWMOutputState                
00003543  ADCIntEnable                  
00003553  IntMasterEnable               
00003563  PWMGenPeriodSet               
00003573  __aeabi_idiv0                 
00003573  __aeabi_ldiv0                 
00003575  SysTickPeriodSet              
00003585  ADCSequenceEnable             
00003593  TimerEnable                   
000035a1  __TI_decompress_none          
000035af  CPUcpsie                      
000035bb  GPIOIntEnable                 
000035c7  PWMGenEnable                  
000035d3  SSIDataGet                    
000035df  __TI_zero_init                
000035eb  ResetISR                      
000035f7  ADCIntClear                   
00003601  SSIDataPut                    
0000360b  SSIEnable                     
00003615  TimerValueGet                 
0000361f  SSIBusy                       
00003627  malloc                        
0000362f  GPIOIntClear                  
00003635  GPIOPinRead                   
0000363b  GPIOPinWrite                  
00003641  SSIClockSourceSet             
00003647  SysCtlDelay                   
0000364d  _system_pre_init              
00003651  C$$EXIT                       
00003651  abort                         
00003654  rgbOledFont0                  
00003be8  rgbFillPat                    
00003cb8  __TI_Handler_Table_Base       
00003cc4  __TI_Handler_Table_Limit      
00003cd8  __TI_CINIT_Base               
00003cf0  __TI_CINIT_Limit              
20000000  __start___llvm_prf_cnts       
20000000  __stop___llvm_prf_cnts        
20000000  g_pfnRAMVectors               
2000026c  rgbOledBmp                    
2000046c  rgbOledFontUser               
20000598  bnOledCur                     
2000059c  dxcoOledFontCur               
200005a0  dycoOledFontCur               
200005a4  fOledCharUpdate               
200005a8  modOledCur                    
200005ac  pbOledCur                     
200005b0  pbOledFontCur                 
200005b4  pbOledFontUser                
200005b8  pbOledPatCur                  
200005bc  pfnDoRop                      
200005c0  xchOledCur                    
200005c4  xchOledMax                    
200005c8  xcoOledCur                    
200005cc  ychOledCur                    
200005d0  ychOledMax                    
200005d4  ycoOledCur                    
200005d8  clrOledCur                    
200005e0  __stack                       
200007e0  __STACK_END                   
200007e0  __STACK_TOP                   
200007e0  _sys_memory                   
200008e0  _lock                         
200008e4  _unlock                       
ffffffff  __TI_pprof_out_hndl           
ffffffff  __TI_prof_data_size           
ffffffff  __TI_prof_data_start          
ffffffff  __binit__                     
ffffffff  __c_args__                    
ffffffff  binit                         
UNDEFED   __mpu_init                    
UNDEFED   _system_post_cinit            

[215 symbols]
